02-04 16:31:27.454 16600 16688 I afib    : (REDACTED) #evaluate: isEnabled = %s failure reasons: %s
02-04 16:31:27.455 16600 16688 I aeos    : (REDACTED) Needs to download files: %s
02-04 16:31:27.456 14766 14766 E gearhead:shared: BBinder_init Processname  com.google.android.projection.gearhead:shared  
02-04 16:31:27.456 14766 14766 E gearhead:shared: BBinder_init hasGetProcessName  com.google.android.projection.gearhead:shared
02-04 16:31:27.457 14045 18410 I NearbyFastPair: (REDACTED) WDLS onStartCommand: receive intent action=%s
02-04 16:31:27.462 16600 16688 I aepw    : (REDACTED) Updated config based on request %s, currentClient %s
02-04 16:31:27.462 16600 16694 I dkxt    : (REDACTED) New message(%s, @%s) received at connection(%s).
02-04 16:31:27.463 16600 16694 I dkxt    : (REDACTED) Message(%s, @%s) has been successfully processed at connection(%s).
02-04 16:31:27.463 16600 16682 I dkrv    : (REDACTED) Connection state changed: %s.
02-04 16:31:27.464 14045 18410 I NearbyShared: (REDACTED) ServiceBinder: %s is already unbind
02-04 16:31:27.466 14045 14045 I NearbyFastPair: WDLS destroyed [CONTEXT service_id=265 ]
02-04 16:31:27.470 16600 16682 I dkrv    : (REDACTED) Invocations routing has changed
02-04 16:31:27.470 16600 16682 I dkrv    : %s
02-04 16:31:27.530 14766 14766 I CAR.GH  : onCreate
02-04 16:31:27.737 14766 14766 I GH.PrimesMgr: transmitting to prod
02-04 16:31:27.779 14766 14766 I CAR.GH  : Process: SHARED_SERVICE
02-04 16:31:27.782 14766 14766 I CAR.GH  : Channel: PROD
02-04 16:31:27.839 13743 13743 I MediaRouter: Skip setBluetoothA2dpOn(): types=8388615, isPlaybackActive()=false, BT route=null
02-04 16:31:27.840 16600 16689 I afzj    : (REDACTED) #onAudioDevicesRemoved count: %s
02-04 16:31:27.841 16600 16689 I afzd    : (REDACTED) #isBluetoothOrWiredHeadsetConnected Number of connected audio devices: %s
02-04 16:31:27.841 14045 14045 I MediaRouter: Skip setBluetoothA2dpOn(): types=8388615, isPlaybackActive()=false, BT route=null
02-04 16:31:27.846 16600 16689 I afzj    : (REDACTED) #onChange eventType: %s
02-04 16:31:27.846 14867 14867 I MediaRouter: Skip setBluetoothA2dpOn(): types=8388615, isPlaybackActive()=false, BT route=null
02-04 16:31:27.846 16600 16689 I aers    : (REDACTED) #onHeadsetConnectionEvent: %s
02-04 16:31:27.848 16600 16692 I aepw    : (REDACTED) starting updateConfig, reason: %s
02-04 16:31:27.849 16600 16691 I afas    : #getEarcons
02-04 16:31:27.849 16600 16691 I afzd    : (REDACTED) #isBluetoothOrWiredHeadsetConnected Number of connected audio devices: %s
02-04 16:31:27.850 16600 16686 I aiui    : (REDACTED) #isRobinOnlyLocale checkedLocale:%s language:%s list:%s
02-04 16:31:27.851 16600 16691 I afgy    : Robin is eligible and opted-in
02-04 16:31:27.851 16600 16691 I afgy    : (REDACTED) Headphone Integration status: %s
02-04 16:31:27.852 16600 16642 I amjm    : (REDACTED) DelegationStatus: %s
02-04 16:31:27.852 16600 16642 I aexu    : (REDACTED) Populated bump behaviors: %s
02-04 16:31:27.852 16600 16642 I aeyb    : (REDACTED) Client type %s set for %s
02-04 16:31:27.852 16600 16642 I aeyb    : (REDACTED) Client type %s set for %s
02-04 16:31:27.853 16600 16642 I aeyb    : (REDACTED) Client type %s set for %s
02-04 16:31:27.853 16600 16692 I aexm    : openMicEarlyInInteractorProcess is enabled. Mic is not suppressed even when delegation is disabled.
02-04 16:31:27.853 16600 16692 I aexm    : openMicEarlyInInteractorProcess is enabled. Mic is not suppressed even when delegation is disabled.
02-04 16:31:27.853 16600 16692 I aexm    : openMicEarlyInInteractorProcess is enabled. Mic is not suppressed even when delegation is disabled.
02-04 16:31:27.853 16600 16692 I aexm    : openMicEarlyInInteractorProcess is enabled. Mic is not suppressed even when delegation is disabled.
02-04 16:31:27.853 16600 16692 I aexm    : openMicEarlyInInteractorProcess is enabled. Mic is not suppressed even when delegation is disabled.
02-04 16:31:27.854 16600 16692 I aexm    : openMicEarlyInInteractorProcess is enabled. Mic is not suppressed even when delegation is disabled.
02-04 16:31:27.854 16600 16692 I aexm    : openMicEarlyInInteractorProcess is enabled. Mic is not suppressed even when delegation is disabled.
02-04 16:31:27.854 16600 16692 I aexm    : openMicEarlyInInteractorProcess is enabled. Mic is not suppressed even when delegation is disabled.
02-04 16:31:27.854 16600 16692 I aexm    : openMicEarlyInInteractorProcess is enabled. Mic is not suppressed even when delegation is disabled.
02-04 16:31:27.854 16600 16692 I aexm    : openMicEarlyInInteractorProcess is enabled. Mic is not suppressed even when delegation is disabled.
02-04 16:31:27.854 16600 16692 I aexm    : openMicEarlyInInteractorProcess is enabled. Mic is not suppressed even when delegation is disabled.
02-04 16:31:27.854 16600 16692 I aexm    : openMicEarlyInInteractorProcess is enabled. Mic is not suppressed even when delegation is disabled.
02-04 16:31:27.854 14766 14766 I CAR.GH  : onCreate completed
02-04 16:31:27.854 13743 13743 W AxMediaRouter: Changing selection(H40(BT=true, syncMediaRoute1Provider=false)) to default while BT is available: pkgName=com.google.android.gms- Stacktrace: [orm.j:167, otv.k:10, oum.i:64, ouc.onRouteSelected:3, android.media.MediaRouter.dispatchRouteSelected:1443, android.media.MediaRouter.selectRouteStatic:1196, android.media.MediaRouter.selectDefaultRouteStatic:1209, android.media.MediaRouter.removeRouteStatic:1322, android.media.MediaRouter$Static.updateAudioRoutes:277, android.media.MediaRouter$Static$1$1.run:143, android.os.Handler.handleCallback:1014, android.os.Handler.dispatchMessage:102, android.os.Looper.loopOnce:250, android.os.Looper.loop:340, android.app.ActivityThread.main:9911, java.lang.reflect.Method.invoke:-2, com.android.internal.os.RuntimeInit$MethodAndArgsCaller.run:625, com.android.internal.os.ZygoteInit.main:957]
02-04 16:31:27.854 16600 16692 I aexm    : openMicEarlyInInteractorProcess is enabled. Mic is not suppressed even when delegation is disabled.
02-04 16:31:27.855 16600 16692 I aexm    : openMicEarlyInInteractorProcess is enabled. Mic is not suppressed even when delegation is disabled.
02-04 16:31:27.855 16600 16692 I aexm    : openMicEarlyInInteractorProcess is enabled. Mic is not suppressed even when delegation is disabled.
02-04 16:31:27.855 14045 14045 W AxMediaRouter: Changing selection(H40(BT=true, syncMediaRoute1Provider=false)) to default while BT is available: pkgName=com.google.android.gms- Stacktrace: [orm.j:167, otv.k:10, oum.i:64, ouc.onRouteSelected:3, android.media.MediaRouter.dispatchRouteSelected:1443, android.media.MediaRouter.selectRouteStatic:1196, android.media.MediaRouter.selectDefaultRouteStatic:1209, android.media.MediaRouter.removeRouteStatic:1322, android.media.MediaRouter$Static.updateAudioRoutes:277, android.media.MediaRouter$Static$1$1.run:143, android.os.Handler.handleCallback:1014, android.os.Handler.dispatchMessage:102, android.os.Looper.loopOnce:250, android.os.Looper.loop:340, android.app.ActivityThread.main:9911, java.lang.reflect.Method.invoke:-2, com.android.internal.os.RuntimeInit$MethodAndArgsCaller.run:625, com.android.internal.os.ZygoteInit.main:957]
02-04 16:31:27.855 16600 16692 I aexm    : openMicEarlyInInteractorProcess is enabled. Mic is not suppressed even when delegation is disabled.
02-04 16:31:27.855 16600 16692 I aexm    : openMicEarlyInInteractorProcess is enabled. Mic is not suppressed even when delegation is disabled.
02-04 16:31:27.855 16600 16692 I aexm    : openMicEarlyInInteractorProcess is enabled. Mic is not suppressed even when delegation is disabled.
02-04 16:31:27.855 16600 16692 I aexm    : openMicEarlyInInteractorProcess is enabled. Mic is not suppressed even when delegation is disabled.
02-04 16:31:27.855 16600 16692 I aexm    : openMicEarlyInInteractorProcess is enabled. Mic is not suppressed even when delegation is disabled.
02-04 16:31:27.855 16600 16692 I aexm    : openMicEarlyInInteractorProcess is enabled. Mic is not suppressed even when delegation is disabled.
02-04 16:31:27.855 14045 14045 I AxMediaRouter: Clearing the bluetooth route because it is no longer selectable: MediaRouter.RouteInfo{ uniqueId=ROUTE_000114c4, name=H40, description=Bluetooth audio, iconUri=null, enabled=true, isSystemRoute=true, connectionState=0, canDisconnect=false, playbackType=0, playbackStream=3, deviceType=3, volumeHandling=1, volume=4, volumeMax=15, presentationDisplayId=-1, extras=null, settingsIntent=null, providerPackageName=android }
02-04 16:31:27.855 16600 16692 I aexm    : openMicEarlyInInteractorProcess is enabled. Mic is not suppressed even when delegation is disabled.
02-04 16:31:27.856 13743 13743 I AxMediaRouter: Clearing the bluetooth route because it is no longer selectable: MediaRouter.RouteInfo{ uniqueId=ROUTE_000114c4, name=H40, description=Bluetooth audio, iconUri=null, enabled=true, isSystemRoute=true, connectionState=0, canDisconnect=false, playbackType=0, playbackStream=3, deviceType=3, volumeHandling=1, volume=4, volumeMax=15, presentationDisplayId=-1, extras=null, settingsIntent=null, providerPackageName=android }
02-04 16:31:27.856 16600 16686 I aiui    : (REDACTED) #isRobinOnlyLocale checkedLocale:%s language:%s list:%s
02-04 16:31:27.856 16600 16686 I afbp    : (REDACTED) FCF System FeatureName to check: %s
02-04 16:31:27.856 16600 16686 I afbp    : (REDACTED) FCF: Device model check status : %s
02-04 16:31:27.856 16600 16686 I afhq    : (REDACTED) #evaluate: isEnabled = %s failure reasons: %s
02-04 16:31:27.857 16600 16686 I aeos    : (REDACTED) #initialConfig Current Locale set to: %s
02-04 16:31:27.857 16600 16686 I aeos    : (REDACTED) #initialConfig Assistant is currently enabled: %s
02-04 16:31:27.857 16600 16686 I aeos    : (REDACTED) #initialConfig InputModality is currently: %s
02-04 16:31:27.857 16600 16686 I aeos    : (REDACTED) #initialConfig Speed Bump entry points: %s
02-04 16:31:27.857 16600 16686 I aeos    : (REDACTED) #initialConfig Long Press Power Education entrypoints: %s
02-04 16:31:27.857 16600 16686 I aeos    : (REDACTED) #initialConfig Robin entrypoints: %s
02-04 16:31:27.857 16600 16686 I aeos    : (REDACTED) #initialConfig Preferred audio route type: %s
02-04 16:31:27.857 16600 16686 I aeos    : (REDACTED) #initialConfig Earcons to be added: %s
02-04 16:31:27.857 16600 16686 I aeos    : (REDACTED) #initialConfig Mic occupied behavior: %s
02-04 16:31:27.857 16600 16686 I aeos    : (REDACTED) #initialConfig Headphone voice queries and spoken notifications status: %s
02-04 16:31:27.857 16600 16686 I amjm    : (REDACTED) DelegationStatus: %s
02-04 16:31:27.861 14867 14867 W AxMediaRouter: Changing selection(H40(BT=true, syncMediaRoute1Provider=false)) to default while BT is available: pkgName=com.android.chrome- Stacktrace: [b4a.k:234, tge.i:9, jhe.onRouteSelected:67, android.media.MediaRouter.dispatchRouteSelected:1443, android.media.MediaRouter.selectRouteStatic:1196, android.media.MediaRouter.selectDefaultRouteStatic:1209, android.media.MediaRouter.removeRouteStatic:1322, android.media.MediaRouter$Static.updateAudioRoutes:277, android.media.MediaRouter$Static$1$1.run:143, android.os.Handler.handleCallback:1014, android.os.Handler.dispatchMessage:102, android.os.Looper.loopOnce:250, android.os.Looper.loop:340, android.app.ActivityThread.main:9911, java.lang.reflect.Method.invoke:-2, com.android.internal.os.RuntimeInit$MethodAndArgsCaller.run:625, com.android.internal.os.ZygoteInit.main:957]
02-04 16:31:27.863 20536 20574 I afeq    : (REDACTED) #FCF: Managed profile check status : %s
02-04 16:31:27.865 20536 20574 I afjc    : Robin eligibility: Device is eligible.
02-04 16:31:27.866 20536 20574 I aodt    : (REDACTED) #TRIGGER_TYPE type is: %s
02-04 16:31:27.866 20536 20574 I aodt    : (REDACTED) #TRIGGER_TYPE islockscreen is: %s
02-04 16:31:27.866 14867 14867 I AxMediaRouter: Clearing the bluetooth route because it is no longer selectable: MediaRouter.RouteInfo{ uniqueId=ROUTE_000114c4, name=H40, description=Bluetooth audio, iconUri=null, enabled=true, isSystemRoute=true, connectionState=0, canDisconnect=false, playbackType=0, playbackStream=3, deviceType=3, volumeHandling=1, volume=4, volumeMax=15, presentationDisplayId=-1, extras=null, settingsIntent=null, providerPackageName=android }
02-04 16:31:27.872 20536 20826 W ahli    : #bnb# Bonobo client flag is not enabled
02-04 16:31:27.873 20536 20826 W ahli    : #bnb# Bonobo client flag is not enabled
02-04 16:31:27.875 20536 20826 I akoc    : ClockLookupExecutor is not enabled.
02-04 16:31:27.880 20536 20826 I afbp    : (REDACTED) FCF System FeatureName to check: %s
02-04 16:31:27.881 20536 20826 I afbp    : (REDACTED) FCF: Device model check status : %s
02-04 16:31:27.882 20536 20574 I akyy    : (REDACTED) getRequiredCapabilities: Providing screen context, uiSource=%s
02-04 16:31:27.887 20536 20574 I dhqs    : (REDACTED) isAppDefaultAssistant setting: %s
02-04 16:31:27.887 20536 20574 I dhqs    : (REDACTED) isAppDefaultAssistant defaultComponentName: %s
02-04 16:31:27.894 20536 20574 I dhqs    : (REDACTED) isAppDefaultAssistant setting: %s
02-04 16:31:27.894 20536 20574 I dhqs    : (REDACTED) isAppDefaultAssistant defaultComponentName: %s
02-04 16:31:27.897 20536 20574 I dhqs    : (REDACTED) isAppDefaultAssistant setting: %s
02-04 16:31:27.897 20536 20574 I dhqs    : (REDACTED) isAppDefaultAssistant defaultComponentName: %s
02-04 16:31:27.899 20536 20574 I aklb    : CreateCalendarEventExecutor is not enabled.
02-04 16:31:27.899 20536 20574 I aklu    : DeleteNoteExecutor is not enabled.
02-04 16:31:27.899 20536 20574 I akne    : UpdateNoteExecutor is not enabled.
02-04 16:31:27.899 20536 20574 I akne    : UpdateNoteExecutor is not enabled.
02-04 16:31:27.901 20536 20826 I dhqs    : (REDACTED) isAppDefaultAssistant setting: %s
02-04 16:31:27.901 20536 20826 I dhqs    : (REDACTED) isAppDefaultAssistant defaultComponentName: %s
02-04 16:31:27.905 20536 20573 I afeq    : (REDACTED) #FCF: Managed profile check status : %s
02-04 16:31:27.907 20536 20573 I afeq    : (REDACTED) #FCF: Managed profile check status : %s
02-04 16:31:27.908 20536 20573 I afle    : (REDACTED) isCacheFresh: %s
02-04 16:31:27.912 20536 20826 I ajsy    : Robin eligibility : Robin is eligible
02-04 16:31:27.914 16600 16692 I afjb    : (REDACTED) Robin eligibility #evaluate: isEnabled = %s failure reasons: %s
02-04 16:31:27.915 16600 16692 I aeos    : Robin backend selected for headphone invocations.
02-04 16:31:27.916 16600 16691 I afaw    : (REDACTED) #FCF: Preferred assistant locale set %s 
02-04 16:31:27.916 16600 16691 I afbp    : (REDACTED) FCF System FeatureName to check: %s
02-04 16:31:27.916 16600 16682 I afaw    : (REDACTED) #FCF: Preferred assistant locale set %s 
02-04 16:31:27.916 16600 16691 I afbp    : (REDACTED) FCF: Device model check status : %s
02-04 16:31:27.917 16600 16691 I afbp    : (REDACTED) FCF System FeatureName to check: %s
02-04 16:31:27.917 16600 16691 I afbp    : (REDACTED) FCF: Device model check status : %s
02-04 16:31:27.917 16600 16682 I afbp    : (REDACTED) FCF System FeatureName to check: %s
02-04 16:31:27.917 16600 16691 I afhq    : (REDACTED) #evaluate: isEnabled = %s failure reasons: %s
02-04 16:31:27.917 16600 16682 I afbp    : (REDACTED) FCF: Device model check status : %s
02-04 16:31:27.917 16600 16691 I afhs    : (REDACTED) #evaluate: isEnabled = %s failure reasons: %s
02-04 16:31:27.917 16600 16682 I afic    : (REDACTED) #evaluate: isEnabled[ = %s failure reasons: %s
02-04 16:31:27.917 16600 16691 I afhw    : (REDACTED) #evaluate: isEnabled = %s failure reasons: %s
02-04 16:31:27.917 16600 16682 I afib    : (REDACTED) #evaluate: isEnabled = %s failure reasons: %s
02-04 16:31:27.918 16600 16688 I aeos    : (REDACTED) Needs to download files: %s
02-04 16:31:27.919 16600 16688 I aepw    : (REDACTED) Updated config based on request %s, currentClient %s
02-04 16:31:27.919 14766 14766 I GH.WifiBluetoothRcvr: Connection action: android.bluetooth.a2dp.profile.action.CONNECTION_STATE_CHANGED, device XX:XX:XX:XX:06:8B
02-04 16:31:27.919 16600 16694 I dkxt    : (REDACTED) New message(%s, @%s) received at connection(%s).
02-04 16:31:27.919 16600 16694 I dkxt    : (REDACTED) Message(%s, @%s) has been successfully processed at connection(%s).
02-04 16:31:27.920 16600 16692 I dkrv    : (REDACTED) Connection state changed: %s.
02-04 16:31:27.923 16600 16686 I dkrv    : (REDACTED) Invocations routing has changed
02-04 16:31:27.923 16600 16686 I dkrv    : %s
02-04 16:31:27.999 14766 23561 I GH.ConnBroadcast: AC Power adapter connected.
02-04 16:31:28.014 14766 14766 I GH.WifiBluetoothRcvr: Wireless projection is available on this phone.
02-04 16:31:28.016 18333 18333 W on.gearhead:car: Failed to find entry 'classes.dex': Entry not found
02-04 16:31:28.017 18333 18333 W on.gearhead:car: Failed to find entry 'classes.dex': Entry not found
02-04 16:31:28.018 18333 18333 W on.gearhead:car: Failed to find entry 'classes.dex': Entry not found
02-04 16:31:28.021 14766 14766 I GH.WifiBluetoothRcvr: Processing connection state change for XX:XX:XX:XX:06:8B. Action android.bluetooth.a2dp.profile.action.CONNECTION_STATE_CHANGED has state 3
02-04 16:31:28.022 14766 14766 I GH.WifiBluetoothRcvr: Connection action: android.bluetooth.headset.profile.action.CONNECTION_STATE_CHANGED, device XX:XX:XX:XX:06:8B
02-04 16:31:28.023 14766 14766 I GH.WifiBluetoothRcvr: Wireless projection is available on this phone.
02-04 16:31:28.024 14766 14766 I GH.WifiBluetoothRcvr: Processing connection state change for XX:XX:XX:XX:06:8B. Action android.bluetooth.headset.profile.action.CONNECTION_STATE_CHANGED has state 3
02-04 16:31:28.029 14766 14766 I GH.WifiBluetoothRcvr: Connection action: android.bluetooth.a2dp.profile.action.CONNECTION_STATE_CHANGED, device XX:XX:XX:XX:06:8B
02-04 16:31:28.030 14766 14766 I GH.WifiBluetoothRcvr: Wireless projection is available on this phone.
02-04 16:31:28.031 14766 14766 I GH.WifiBluetoothRcvr: Processing connection state change for XX:XX:XX:XX:06:8B. Action android.bluetooth.a2dp.profile.action.CONNECTION_STATE_CHANGED has state 0
02-04 16:31:28.036 14766 14766 I GH.WifiBluetoothRcvr: Connection action: android.bluetooth.headset.profile.action.CONNECTION_STATE_CHANGED, device XX:XX:XX:XX:06:8B
02-04 16:31:28.037 14766 14766 I GH.WifiBluetoothRcvr: Wireless projection is available on this phone.
02-04 16:31:28.038 14766 14766 I GH.WifiBluetoothRcvr: Processing connection state change for XX:XX:XX:XX:06:8B. Action android.bluetooth.headset.profile.action.CONNECTION_STATE_CHANGED has state 0
02-04 16:31:28.054 18333 18333 I CAR.GH  : onCreate
02-04 16:31:28.058 18333 18333 E on.gearhead:car: BBinder_init Processname  com.google.android.projection.gearhead:car  
02-04 16:31:28.058 18333 18333 E on.gearhead:car: BBinder_init hasGetProcessName  com.google.android.projection.gearhead:car
02-04 16:31:28.072 18333 18333 I GH.PrimesMgr: transmitting to prod
02-04 16:31:28.081 18333 18333 I CAR.GH  : Process: CAR
02-04 16:31:28.081 18333 18333 I CAR.GH  : Channel: PROD
02-04 16:31:28.095 18333 18333 I CAR.GH  : onCreate completed
02-04 16:31:29.646 13743 24818 I NearbyPresence: (REDACTED) %s verified [==] new request %s equals to the old request
02-04 16:31:29.681 14045 31256 I NearbyPresence: (REDACTED) %s verified [==] new request %s equals to the old request
