--------- beginning of crash
01-31 20:58:14.475  1219  1219 I libimsma_adapt: mtk-brm-commit-id:8783a29bae0ae84a456239f3212f27bdafa94c91
01-31 20:58:14.475  1219  1219 I libimsma_adapt: mtk-brm-change-id:Iee598bb542f5de895a4b71649fbc79b2d93bc3de
01-31 20:58:14.475  1219  1219 I libimsma_adapt: mtk-brm-merge-id:none
01-31 20:58:14.711  1308  1308 I emdlogger: mtk-brm-commit-id:5f47b20e293ebadfabd381666fc03c5b709870e2
01-31 20:58:14.711  1308  1308 I emdlogger: mtk-brm-change-id:Ib405363e450403587f3a66bbe5b353966c086aba
01-31 20:58:14.711  1308  1308 I emdlogger: mtk-brm-merge-id:none
02-04 08:21:20.398  5052  5052 E AndroidRuntime: FATAL EXCEPTION: main
02-04 08:21:20.398  5052  5052 E AndroidRuntime: Process: com.ss.android.ugc.trill, PID: 5052
02-04 08:21:20.398  5052  5052 E AndroidRuntime: android.view.WindowManager$BadTokenException: Unable to add window -- token null is not valid; is your activity running?
02-04 08:21:20.398  5052  5052 E AndroidRuntime: 	at android.view.ViewRootImpl.setView(ViewRootImpl.java:1985)
02-04 08:21:20.398  5052  5052 E AndroidRuntime: 	at android.view.WindowManagerGlobal.addView(WindowManagerGlobal.java:483)
02-04 08:21:20.398  5052  5052 E AndroidRuntime: 	at android.view.WindowManagerImpl.addView(WindowManagerImpl.java:169)
02-04 08:21:20.398  5052  5052 E AndroidRuntime: 	at android.widget.PopupWindow.invokePopup(PopupWindow.java:1759)
02-04 08:21:20.398  5052  5052 E AndroidRuntime: 	at android.widget.PopupWindow.showAtLocation(PopupWindow.java:1507)
02-04 08:21:20.398  5052  5052 E AndroidRuntime: 	at android.widget.PopupWindow.showAtLocation(PopupWindow.java:1470)
02-04 08:21:20.398  5052  5052 E AndroidRuntime: 	at X.0i4r.showAtLocation(SourceFile:67108864)
02-04 08:21:20.398  5052  5052 E AndroidRuntime: 	at Y.ARunnableS71S0100000_15.run$9(SourceFile:16777249)
02-04 08:21:20.398  5052  5052 E AndroidRuntime: 	at Y.ARunnableS71S0100000_15.run(Unknown Source:1002)
02-04 08:21:20.398  5052  5052 E AndroidRuntime: 	at android.os.Handler.handleCallback(Handler.java:1014)
02-04 08:21:20.398  5052  5052 E AndroidRuntime: 	at android.os.Handler.dispatchMessage(Handler.java:102)
02-04 08:21:20.398  5052  5052 E AndroidRuntime: 	at android.os.Looper.loopOnce(Looper.java:250)
02-04 08:21:20.398  5052  5052 E AndroidRuntime: 	at android.os.Looper.loop(Looper.java:340)
02-04 08:21:20.398  5052  5052 E AndroidRuntime: 	at android.app.ActivityThread.main(ActivityThread.java:9911)
02-04 08:21:20.398  5052  5052 E AndroidRuntime: 	at java.lang.reflect.Method.invoke(Native Method)
02-04 08:21:20.398  5052  5052 E AndroidRuntime: 	at com.android.internal.os.RuntimeInit$MethodAndArgsCaller.run(RuntimeInit.java:625)
02-04 08:21:20.398  5052  5052 E AndroidRuntime: 	at com.android.internal.os.ZygoteInit.main(ZygoteInit.java:957)
02-04 12:04:02.939  4798 24417 E AndroidRuntime: FATAL EXCEPTION: mqt_native_modules
02-04 12:04:02.939  4798 24417 E AndroidRuntime: Process: com.estrabela_appdev, PID: 4798
02-04 12:04:02.939  4798 24417 E AndroidRuntime: com.facebook.react.common.JavascriptException: Invariant Violation: TurboModuleRegistry.getEnforcing(...): 'StatusBarManager' could not be found. Verify that a module by this name is registered in the native binary.Bridgeless mode: false. TurboModule interop: false. Modules loaded: {"NativeModules":["HeadlessJsTaskSupport","UIManager","PlatformConstants","DeviceInfo","DeviceEventManager","Timing"],"TurboModules":[],"NotFound":["NativePerformanceCxx","NativePerformanceObserverCxx","RedBox","BugReporting","Appearance","RNCSafeAreaContext","StatusBarManager"]}, js engine: hermes, stack:
02-04 12:04:02.939  4798 24417 E AndroidRuntime: invariant@1:34792
02-04 12:04:02.939  4798 24417 E AndroidRuntime: getEnforcing@1:34635
02-04 12:04:02.939  4798 24417 E AndroidRuntime: anonymous@1:531003
02-04 12:04:02.939  4798 24417 E AndroidRuntime: loadModuleImplementation@1:15426
02-04 12:04:02.939  4798 24417 E AndroidRuntime: guardedLoadModule@1:14950
02-04 12:04:02.939  4798 24417 E AndroidRuntime: metroRequire@1:14580
02-04 12:04:02.939  4798 24417 E AndroidRuntime: anonymous@1:527632
02-04 12:04:02.939  4798 24417 E AndroidRuntime: loadModuleImplementation@1:15426
02-04 12:04:02.939  4798 24417 E AndroidRuntime: guardedLoadModule@1:14907
02-04 12:04:02.939  4798 24417 E AndroidRuntime: metroRequire@1:14580
02-04 12:04:02.939  4798 24417 E AndroidRuntime: get StatusBar@1:23546
02-04 12:04:02.939  4798 24417 E AndroidRuntime: App@1:588767
02-04 12:04:02.939  4798 24417 E AndroidRuntime: renderWithHooks@1:304939
02-04 12:04:02.939  4798 24417 E AndroidRuntime: beginWork$1@1:346630
02-04 12:04:02.939  4798 24417 E AndroidRuntime: performUnitOfWork@1:333278
02-04 12:04:02.939  4798 24417 E AndroidRuntime: workLoopSync@1:333138
02-04 12:04:02.939  4798 24417 E AndroidRuntime: renderRootSync@1:333019
02-04 12:04:02.939  4798 24417 E AndroidRuntime: performSyncWorkOnRoot@1:330416
02-04 12:04:02.939  4798 24417 E AndroidRuntime: flushSyncCallbacks@1:294630
02-04 12:04:02.939  4798 24417 E AndroidRuntime: scheduleUpdateOnFiber@1:327469
02-04 12:04:02.939  4798 24417 E AndroidRuntime: updateContainer@1:338357
02-04 12:04:02.939  4798 24417 E AndroidRuntime: anonymous@1:347652
02-04 12:04:02.939  4798 24417 E AndroidRuntime: renderElement@1:49947
02-04 12:04:02.939  4798 24417 E AndroidRuntime: renderApplication@1:209682
02-04 12:04:02.939  4798 24417 E AndroidRuntime: anonymous@1:203718
02-04 12:04:02.939  4798 24417 E AndroidRuntime: runApplication@1:204183
02-04 12:04:02.939  4798 24417 E AndroidRuntime: __callFunction@1:40629
02-04 12:04:02.939  4798 24417 E AndroidRuntime: anonymous@1:38934
02-04 12:04:02.939  4798 24417 E AndroidRuntime: __guard@1:39890
02-04 12:04:02.939  4798 24417 E AndroidRuntime: callFunctionReturnFlushedQueue@1:38892
02-04 12:04:02.939  4798 24417 E AndroidRuntime: 
02-04 12:04:02.939  4798 24417 E AndroidRuntime: 	at com.facebook.react.modules.core.ExceptionsManagerModule.reportException(ExceptionsManagerModule.java:65)
02-04 12:04:02.939  4798 24417 E AndroidRuntime: 	at java.lang.reflect.Method.invoke(Native Method)
02-04 12:04:02.939  4798 24417 E AndroidRuntime: 	at com.facebook.react.bridge.JavaMethodWrapper.invoke(JavaMethodWrapper.java:372)
02-04 12:04:02.939  4798 24417 E AndroidRuntime: 	at com.facebook.react.bridge.JavaModuleWrapper.invoke(JavaModuleWrapper.java:149)
02-04 12:04:02.939  4798 24417 E AndroidRuntime: 	at com.facebook.jni.NativeRunnable.run(Native Method)
02-04 12:04:02.939  4798 24417 E AndroidRuntime: 	at android.os.Handler.handleCallback(Handler.java:1014)
02-04 12:04:02.939  4798 24417 E AndroidRuntime: 	at android.os.Handler.dispatchMessage(Handler.java:102)
02-04 12:04:02.939  4798 24417 E AndroidRuntime: 	at com.facebook.react.bridge.queue.MessageQueueThreadHandler.dispatchMessage(MessageQueueThreadHandler.java:29)
02-04 12:04:02.939  4798 24417 E AndroidRuntime: 	at android.os.Looper.loopOnce(Looper.java:250)
02-04 12:04:02.939  4798 24417 E AndroidRuntime: 	at android.os.Looper.loop(Looper.java:340)
02-04 12:04:02.939  4798 24417 E AndroidRuntime: 	at com.facebook.react.bridge.queue.MessageQueueThreadImpl$4.run(MessageQueueThreadImpl.java:234)
02-04 12:04:02.939  4798 24417 E AndroidRuntime: 	at java.lang.Thread.run(Thread.java:1563)
02-04 12:04:06.849 24364 24587 E AndroidRuntime: FATAL EXCEPTION: mqt_native_modules
02-04 12:04:06.849 24364 24587 E AndroidRuntime: Process: com.estrabela_appdev, PID: 24364
02-04 12:04:06.849 24364 24587 E AndroidRuntime: com.facebook.react.common.JavascriptException: Invariant Violation: TurboModuleRegistry.getEnforcing(...): 'StatusBarManager' could not be found. Verify that a module by this name is registered in the native binary.Bridgeless mode: false. TurboModule interop: false. Modules loaded: {"NativeModules":["HeadlessJsTaskSupport","UIManager","PlatformConstants","DeviceInfo","DeviceEventManager","Timing"],"TurboModules":[],"NotFound":["NativePerformanceCxx","NativePerformanceObserverCxx","RedBox","BugReporting","Appearance","RNCSafeAreaContext","StatusBarManager"]}, js engine: hermes, stack:
02-04 12:04:06.849 24364 24587 E AndroidRuntime: invariant@1:34792
02-04 12:04:06.849 24364 24587 E AndroidRuntime: getEnforcing@1:34635
02-04 12:04:06.849 24364 24587 E AndroidRuntime: anonymous@1:531003
02-04 12:04:06.849 24364 24587 E AndroidRuntime: loadModuleImplementation@1:15426
02-04 12:04:06.849 24364 24587 E AndroidRuntime: guardedLoadModule@1:14950
02-04 12:04:06.849 24364 24587 E AndroidRuntime: metroRequire@1:14580
02-04 12:04:06.849 24364 24587 E AndroidRuntime: anonymous@1:527632
02-04 12:04:06.849 24364 24587 E AndroidRuntime: loadModuleImplementation@1:15426
02-04 12:04:06.849 24364 24587 E AndroidRuntime: guardedLoadModule@1:14907
02-04 12:04:06.849 24364 24587 E AndroidRuntime: metroRequire@1:14580
02-04 12:04:06.849 24364 24587 E AndroidRuntime: get StatusBar@1:23546
02-04 12:04:06.849 24364 24587 E AndroidRuntime: App@1:588767
02-04 12:04:06.849 24364 24587 E AndroidRuntime: renderWithHooks@1:304939
02-04 12:04:06.849 24364 24587 E AndroidRuntime: beginWork$1@1:346630
02-04 12:04:06.849 24364 24587 E AndroidRuntime: performUnitOfWork@1:333278
02-04 12:04:06.849 24364 24587 E AndroidRuntime: workLoopSync@1:333138
02-04 12:04:06.849 24364 24587 E AndroidRuntime: renderRootSync@1:333019
02-04 12:04:06.849 24364 24587 E AndroidRuntime: performSyncWorkOnRoot@1:330416
02-04 12:04:06.849 24364 24587 E AndroidRuntime: flushSyncCallbacks@1:294630
02-04 12:04:06.849 24364 24587 E AndroidRuntime: scheduleUpdateOnFiber@1:327469
02-04 12:04:06.849 24364 24587 E AndroidRuntime: updateContainer@1:338357
02-04 12:04:06.849 24364 24587 E AndroidRuntime: anonymous@1:347652
02-04 12:04:06.849 24364 24587 E AndroidRuntime: renderElement@1:49947
02-04 12:04:06.849 24364 24587 E AndroidRuntime: renderApplication@1:209682
02-04 12:04:06.849 24364 24587 E AndroidRuntime: anonymous@1:203718
02-04 12:04:06.849 24364 24587 E AndroidRuntime: runApplication@1:204183
02-04 12:04:06.849 24364 24587 E AndroidRuntime: __callFunction@1:40629
02-04 12:04:06.849 24364 24587 E AndroidRuntime: anonymous@1:38934
02-04 12:04:06.849 24364 24587 E AndroidRuntime: __guard@1:39890
02-04 12:04:06.849 24364 24587 E AndroidRuntime: callFunctionReturnFlushedQueue@1:38892
02-04 12:04:06.849 24364 24587 E AndroidRuntime: 
02-04 12:04:06.849 24364 24587 E AndroidRuntime: 	at com.facebook.react.modules.core.ExceptionsManagerModule.reportException(ExceptionsManagerModule.java:65)
02-04 12:04:06.849 24364 24587 E AndroidRuntime: 	at java.lang.reflect.Method.invoke(Native Method)
02-04 12:04:06.849 24364 24587 E AndroidRuntime: 	at com.facebook.react.bridge.JavaMethodWrapper.invoke(JavaMethodWrapper.java:372)
02-04 12:04:06.849 24364 24587 E AndroidRuntime: 	at com.facebook.react.bridge.JavaModuleWrapper.invoke(JavaModuleWrapper.java:149)
02-04 12:04:06.849 24364 24587 E AndroidRuntime: 	at com.facebook.jni.NativeRunnable.run(Native Method)
02-04 12:04:06.849 24364 24587 E AndroidRuntime: 	at android.os.Handler.handleCallback(Handler.java:1014)
02-04 12:04:06.849 24364 24587 E AndroidRuntime: 	at android.os.Handler.dispatchMessage(Handler.java:102)
02-04 12:04:06.849 24364 24587 E AndroidRuntime: 	at com.facebook.react.bridge.queue.MessageQueueThreadHandler.dispatchMessage(MessageQueueThreadHandler.java:29)
02-04 12:04:06.849 24364 24587 E AndroidRuntime: 	at android.os.Looper.loopOnce(Looper.java:250)
02-04 12:04:06.849 24364 24587 E AndroidRuntime: 	at android.os.Looper.loop(Looper.java:340)
02-04 12:04:06.849 24364 24587 E AndroidRuntime: 	at com.facebook.react.bridge.queue.MessageQueueThreadImpl$4.run(MessageQueueThreadImpl.java:234)
02-04 12:04:06.849 24364 24587 E AndroidRuntime: 	at java.lang.Thread.run(Thread.java:1563)
--------- beginning of system
02-04 16:11:56.627 32204 13577 W Looper  : Slow delivery took 1127439ms android.bg h=android.os.Handler c=android.os.BinderProxy$1@9db4dfc m=0
02-04 16:11:56.629 32204 13577 W Looper  : Drained
02-04 16:12:33.824  7335 11972 E ActivityThread: Failed to find provider info for com.ss.android.ugc.trill.apm
02-04 16:14:55.061 32204 13577 W Looper  : Slow delivery took 54994ms android.bg h=android.os.Handler c=android.os.BinderProxy$1@9db4dfc m=0
02-04 16:14:55.083 32204 13577 W Looper  : Drained
02-04 16:15:37.053  7335  7335 E ActivityThread: Failed to find provider info for com.ss.android.ugc.trill.apm
02-04 16:15:40.243 16600 16686 W KeyphraseEnrollmentInfo: No enrollment application supports the given keyphrase/locale: 'X Google'/en_PH
02-04 16:15:40.244 16600 16686 W KeyphraseEnrollmentInfo: No enrollment application supports the given keyphrase/locale: 'X Google'/en_US
02-04 16:15:40.245 16600 16686 W KeyphraseEnrollmentInfo: No enrollment application supports the given keyphrase/locale: 'X Google'/ar_EG
02-04 16:15:40.246 16600 16686 W KeyphraseEnrollmentInfo: No enrollment application supports the given keyphrase/locale: 'X Google'/en_US
02-04 16:15:40.250 16600 16686 W KeyphraseEnrollmentInfo: No enrollment application supports the given keyphrase/locale: 'Ok Google'/en_US
02-04 16:15:40.250 16600 16686 W KeyphraseEnrollmentInfo: No enrollment application supports the given keyphrase/locale: 'Ok Google'/ar_EG
02-04 16:15:40.250 16600 16686 W KeyphraseEnrollmentInfo: No enrollment application supports the given keyphrase/locale: 'Ok Google'/en_US
02-04 16:15:40.251 16600 16686 W KeyphraseEnrollmentInfo: No enrollment application supports the given keyphrase/locale: 'Y Google'/en_PH
02-04 16:17:18.805 16600 16692 W KeyphraseEnrollmentInfo: No enrollment application supports the given keyphrase/locale: 'X Google'/en_PH
02-04 16:17:18.806 16600 16692 W KeyphraseEnrollmentInfo: No enrollment application supports the given keyphrase/locale: 'X Google'/en_US
02-04 16:17:18.806 16600 16692 W KeyphraseEnrollmentInfo: No enrollment application supports the given keyphrase/locale: 'X Google'/ar_EG
02-04 16:17:18.806 16600 16692 W KeyphraseEnrollmentInfo: No enrollment application supports the given keyphrase/locale: 'X Google'/en_US
02-04 16:17:18.806 16600 16692 W KeyphraseEnrollmentInfo: No enrollment application supports the given keyphrase/locale: 'Ok Google'/en_US
02-04 16:17:18.806 16600 16692 W KeyphraseEnrollmentInfo: No enrollment application supports the given keyphrase/locale: 'Ok Google'/ar_EG
02-04 16:17:18.806 16600 16692 W KeyphraseEnrollmentInfo: No enrollment application supports the given keyphrase/locale: 'Ok Google'/en_US
02-04 16:17:18.807 16600 16692 W KeyphraseEnrollmentInfo: No enrollment application supports the given keyphrase/locale: 'Y Google'/en_PH
02-04 16:17:21.472 16600 16682 W KeyphraseEnrollmentInfo: No enrollment application supports the given keyphrase/locale: 'X Google'/en_PH
02-04 16:17:21.472 16600 16682 W KeyphraseEnrollmentInfo: No enrollment application supports the given keyphrase/locale: 'X Google'/en_US
02-04 16:17:21.472 16600 16682 W KeyphraseEnrollmentInfo: No enrollment application supports the given keyphrase/locale: 'X Google'/ar_EG
02-04 16:17:21.473 16600 16682 W KeyphraseEnrollmentInfo: No enrollment application supports the given keyphrase/locale: 'X Google'/en_US
02-04 16:17:21.473 16600 16682 W KeyphraseEnrollmentInfo: No enrollment application supports the given keyphrase/locale: 'Ok Google'/en_US
02-04 16:17:21.473 16600 16682 W KeyphraseEnrollmentInfo: No enrollment application supports the given keyphrase/locale: 'Ok Google'/ar_EG
02-04 16:17:21.473 16600 16682 W KeyphraseEnrollmentInfo: No enrollment application supports the given keyphrase/locale: 'Ok Google'/en_US
02-04 16:17:21.474 16600 16682 W KeyphraseEnrollmentInfo: No enrollment application supports the given keyphrase/locale: 'Y Google'/en_PH
02-04 16:18:39.613 16600 16686 W KeyphraseEnrollmentInfo: No enrollment application supports the given keyphrase/locale: 'X Google'/en_PH
02-04 16:18:39.613 16600 16686 W KeyphraseEnrollmentInfo: No enrollment application supports the given keyphrase/locale: 'X Google'/en_US
02-04 16:18:39.613 16600 16686 W KeyphraseEnrollmentInfo: No enrollment application supports the given keyphrase/locale: 'X Google'/ar_EG
02-04 16:18:39.613 16600 16686 W KeyphraseEnrollmentInfo: No enrollment application supports the given keyphrase/locale: 'X Google'/en_US
02-04 16:18:39.614 16600 16686 W KeyphraseEnrollmentInfo: No enrollment application supports the given keyphrase/locale: 'Ok Google'/en_US
02-04 16:18:39.614 16600 16686 W KeyphraseEnrollmentInfo: No enrollment application supports the given keyphrase/locale: 'Ok Google'/ar_EG
02-04 16:18:39.614 16600 16686 W KeyphraseEnrollmentInfo: No enrollment application supports the given keyphrase/locale: 'Ok Google'/en_US
02-04 16:18:39.615 16600 16686 W KeyphraseEnrollmentInfo: No enrollment application supports the given keyphrase/locale: 'Y Google'/en_PH
02-04 16:18:42.904  7335 11972 E ActivityThread: Failed to find provider info for com.ss.android.ugc.trill.apm
02-04 16:18:43.267  7335  7335 E ActivityThread: Failed to find provider info for com.ss.android.ugc.trill.apm
02-04 16:18:43.714  4931 11215 W Looper  : Slow delivery took 918036ms android.bg h=android.os.Handler c=android.os.BinderProxy$1@c01463f m=0
02-04 16:18:44.198  4931 11215 W Looper  : Drained
02-04 16:21:41.349 19190 14318 W Looper  : Slow delivery took 609591ms android.bg h=android.os.Handler c=android.os.BinderProxy$1@68fe551 m=0
02-04 16:21:41.434 19190 14318 W Looper  : Drained
02-04 16:23:42.916  7335 11972 E ActivityThread: Failed to find provider info for com.ss.android.ugc.trill.apm
02-04 16:25:05.387 19190 14318 W Looper  : Slow delivery took 143949ms android.bg h=android.os.Handler c=android.os.BinderProxy$1@68fe551 m=0
02-04 16:25:05.410 19190 14318 W Looper  : Drained
--------- beginning of main
02-04 16:28:32.194  7335 22749 W System.err: FlagsHookHelper: try hook flags method getInstanceHook
02-04 16:28:33.387  7335 11724 I droid.ugc.trill: Background concurrent copying GC freed 16MB AllocSpace bytes, 43(0B) LOS objects, 12% free, 160MB/184MB, paused 488us,442us total 1.317s
02-04 16:28:34.246 14045 22364 I AlarmManager: setExactAndAllowWhileIdle [name: GCM_HB_ALARM type: 2 triggerAtMillis: 330169397]
02-04 16:28:34.273 14045 22753 I AlarmManager: setExactAndAllowWhileIdle [name: FcmRetry type: 2 triggerAtMillis: 329629420]
02-04 16:28:34.277 14045 22755 I AlarmManager: setExactAndAllowWhileIdle [name: GCM_HB_ALARM type: 2 triggerAtMillis: 330169428]
02-04 16:28:34.281 14045 14045 W GCM     : broadcast intent callback: result=CANCELLED forIntent { act=com.google.android.c2dm.intent.RECEIVE flg=0x10000000 pkg=com.facebook.orca (has extras) }
02-04 16:28:34.294 15479 26415 E msgr.msys: E[N mccw.liger]onReadError(732)=>read/error - ex: AsyncSocketException: recv() failed (peer=**************:5222), type = Internal error, errno = 103 (Software caused connection abort), errno: 103
02-04 16:28:34.297 15479 26392 E msgr.msys: E[N MQTT]readErr(151)=>TCPStreamTransport readErr
02-04 16:28:34.297 15479 26392 E msgr.msys: E[N MQTT]onReadError(657)=>Read Error: AsyncSocketException: recv() failed (peer=**************:443), type = Internal error, errno = 103 (Software caused connection abort)
02-04 16:28:34.322 15479 15479 W msgr.AppComponentFactory: Instantiating BroadcastReceiver
02-04 16:28:34.330 15479 26387 E msgr.msys: E[N WA]_WCCXMPPStreamDisconnectHandler(335)=>xmpp/disconnect - WCIStreamStateErrorCode: 2, domain: WCIStreamState, subdomain: MCCWLigerStream: Error Domain=WCIStreamState Code=2 UserInfo=0x2440107fc0 {MCFErrorDirectUnderlyingErrorKey=0xb4000079e036aa50 "Error Domain=MCCWLigerStream Code=2 UserInfo=0x2440104880 {MCFErrorDirectLocalizedFailureReasonKey=AsyncSocketException: recv() failed (peer=**************:5222), type = Internal error, errno = 103 (Software caused connection abort)}"}
02-04 16:28:34.331 15479 26387 E msgr.msys: E[N WCCConnectionMEM]_WCCConnectionMEMLifecycleEventHandler(2168)=>[INFO] connection/xmpp/lifecycle_event/not-connected, [93.7935s]
02-04 16:28:34.331 15479 26387 E msgr.msys: E[N WA]_WCCXMPPStreamDoDisconnect(1223)=>xmpp/disconnect - flags: 256
02-04 16:28:34.332 15479 26387 E msgr.msys: E[N WCCConnectionMEM]_WCCConnectionMEMDisconnectHandler(2279)=>connection/disconnected, peer reset
02-04 16:28:34.332 15479 26387 E msgr.msys: E[N WCCConnectionMEM]_WCCConnectionMEMEmitStateChange(3167)=>[INFO] connection/new_state/not-connected [connection_id=350161941, wcc_source=1, wcc_reason=18]
02-04 16:28:34.335 15479 26387 E msgr.msys: E[C MEMConnectionManager]_MEMConnectionManagerStateChangeHandler(584)=>[Critical] MEMConnectionState updated to ID: 0 with connectionId: 350161941
02-04 16:28:34.337 15479 26387 E msgr.msys: E[C 1]MCCLogErrorWithTraceOrQPL(281)=>8/374/3970/65536
02-04 16:28:34.343 15479 26387 E msgr.msys: E[C 1]MCCLogErrorWithTraceOrQPL(281)=>8/374/3972/18
02-04 16:28:34.344 15479 26387 E msgr.msys: E[C mem.context]_LogConnectFailure(4893)=>Establishing connection failure reason and flags: disconnect/Doze/0/reason/18/flags/65536/[-, -, -, -, -, -, -, -, -, peer_reset, -, -, -, -]
02-04 16:28:34.344 15479 26387 E msgr.msys: E[C mem.context]_LogConnectFailure(4925)=>[Happy Eyeball] Connect failed with source=1, winner stream ip=**************, port=5222, dnsResolutionMethod=1, combined_ip_addresses=**************
02-04 16:28:34.346 15479 26387 E msgr.msys: E[N WCCConnectionMEM]_WCCConnectionMEMEmitStateChange(3167)=>[INFO] connection/new_state/connecting [connection_id=350161942, wcc_source=1, wcc_reason=18]
02-04 16:28:34.346 15479 26387 E msgr.msys: E[C MEMConnectionManager]_MEMConnectionManagerStateChangeHandler(584)=>[Critical] MEMConnectionState updated to ID: 1 with connectionId: 350161942
02-04 16:28:34.351 15479 26387 E msgr.msys: E[N WCCConnectionMEM]_WCCConnectionMEMDoConnectWithAuthKeys(1552)=>[INFO] connection/connect/start/[host=chat-e2ee.facebook.com port=5222]/[*************:5222]/socketAddressCount=1
02-04 16:28:34.351 15479 26387 E msgr.msys: E[N WCCConnectionMEM]_WCCConnectionMEMLifecycleEventHandler(2160)=>[INFO] connection/xmpp/lifecycle_event/will-connect
02-04 16:28:34.351 15479 26387 E msgr.msys: E[A WA]WCCHandshakeCreate(178)=>handshake/create, pq mode:0
02-04 16:28:34.371 15479 26405 E msgr.msys: E[C mem.context]_LogNetworkStateUpdate(7669)=>[Critical] network_state/prev/1/new/1/source/0
02-04 16:28:34.372 15479 26405 E msgr.msys: E[C MEMConnectionManager]_NetworkConnectedConnectionEventHandler(1430)=>[Debug] Start _NetworkConnectedConnectionEventHandler.
02-04 16:28:34.375 15479 26405 E msgr.msys: E[C MEMConnectionManager]_NetworkConnectedConnectionEventHandler(1440)=>[Debug] End _NetworkConnectedConnectionEventHandler.
02-04 16:28:34.377 15479 15479 E msgr.SlowAppComponent: 0ms: FirebaseInstanceIdReceiver instantiating…
02-04 16:28:34.378 15479 26387 E msgr.msys: E[N WCCConnectionMEM]_WCCConnectionMEMLifecycleEventHandler(2168)=>[INFO] connection/xmpp/lifecycle_event/did-connect, [0.0257s]
02-04 16:28:34.379 15479 15479 E msgr.SlowAppComponent: Main thread was blocked for 68ms in the background starting with FirebaseInstanceIdReceiver
02-04 16:28:34.390 15479 26387 E msgr.msys: E[N WCCConnectionMEM]_WCCConnectionMEMLifecycleEventHandler(2168)=>[INFO] connection/xmpp/lifecycle_event/did-send-initial-payload, [0.0105s]
02-04 16:28:34.480 15479 26403 E msgr.msys: E[D db_vacuum_logging]MCISQLiteLogDatabaseErrorWithFormat(70)=>Failed to get database connection or file url.: (0)(0) not an error
02-04 16:28:34.585 15479 26387 E msgr.msys: E[N WCCConnectionMEM]_WCCConnectionMEMLifecycleEventHandler(2168)=>[INFO] connection/xmpp/lifecycle_event/will-handshake, [0.1947s]
02-04 16:28:34.589 15479 26387 E msgr.msys: E[N WCCConnectionMEM]_WCCConnectionMEMLifecycleEventHandler(2168)=>[INFO] connection/xmpp/lifecycle_event/did-handshake, [0.0029s]
02-04 16:28:34.593 15479 26387 E msgr.msys: E[N WCCConnectionMEM]_WCCConnectionMEMReceiveHandler(2340)=>[INFO] connection/receive/login-success
02-04 16:28:34.594 15479 26387 E msgr.msys: E[N WCCConnectionMEM]_WCCConnectionMEMEmitStateChange(3167)=>[INFO] connection/new_state/connected [connection_id=350161942, wcc_source=1, wcc_reason=18]
02-04 16:28:34.595 15479 26387 E msgr.msys: E[C MEMConnectionManager]_MEMConnectionManagerStateChangeHandler(584)=>[Critical] MEMConnectionState updated to ID: 2 with connectionId: 350161942
02-04 16:28:34.600 15479 26386 E msgr.ZeroChatDHostController: Trying to add the same listener twice. This must be a bug.
02-04 16:28:34.602 15479 26405 E msgr.msys: E[C mem.context]_ZeroRatingStateChangedOnExecutionContext(8395)=>[INFO] ZeroRatingStateChange: notify wa-msys with [host: chat-e2ee.facebook.com, ipv4 fallback IPs are not set, ipv6 fallback IPs are not set]
02-04 16:28:34.795 15479 26386 W msgr.AdvancedCryptoTransportNotificationServiceLauncher: Ignore service stop. Service not started.
02-04 16:28:34.920 15479 22773 D SQLiteQueryBuilder: SELECT thread_key, msg_id, text, is_not_forwardable, sender, timestamp_ms, timestamp_sent_ms, msg_type, affected_users, attachments, shares, sticker_id, sticker_size, offline_threading_id, source, channel_source, is_non_authoritative, pending_send_media_attachment, sent_share_attachment, client_tags, extensible_message_data, send_error, send_error_message, send_error_detail, send_error_original_exception, send_error_number, send_error_timestamp_ms, send_error_error_url, send_channel, publicity, copy_message_id, send_queue_type, payment_transaction, payment_request, has_unavailable_attachment, app_attribution, content_app_attribution, tree_xma, admin_text_type, admin_text_theme_color, admin_text_should_show_theme_icon, admin_text_gradient_colors, admin_text_thread_icon_emoji, admin_text_nickname, admin_text_target_id, admin_text_thread_message_lifetime, message_lifetime, admin_text_thread_rtc_event, admin_text_thread_rtc_server_info_data, admin_text_thread_rtc_is_video_call, is_sponsored, unsent_timestamp_ms, unsendability_status, admin_text_thread_ad_properties, admin_text_game_score_data, commerce_message_type, admin_text_joinable_event_type, metadata_at_text_ranges, platform_metadata, admin_text_is_joinable_promo, montage_reply_message_id, montage_reply_action, montage_reply_message_media_type, montage_reply_story_media_type, montage_reply_story_name, montage_reply_story_type, montage_story_type, generic_admin_message_extensible_data, reactions, profile_ranges, tree_message_replied_to_data, message_replied_to_id, message_replied_to_status, montage_attribution, montage_metadata, work_bot_should_show_get_started_cta, snippet, genie_original_sender, ad_client_token, powerup_type, magic_word_ranges, admin_text_notification_messages_token_ent_id, admin_text_notification_messages_user_action_type, pinned_message_metadata, forward_score, admin_text_cta_text, admin_text_game_bot_message_management_user_action, is_takedown, admin_text_custom_update_mute_management_game_id, admin_text_custom_update_mute_management_user_action FROM (SELECT m._ROWID_ AS _id, m.thread_key AS thread_key, m.msg_id AS msg_id, m.text AS text, m.is_not_forwardable AS is_not_forwardable, m.sender AS sender, m.timestamp_ms AS timestamp_ms, m.timestamp_sent_ms AS timestamp_sent_ms, m.msg_type AS msg_type, m.affected_users AS affected_users, m.attachments AS attachments, m.shares AS shares, m.sticker_id AS sticker_id, m.sticker_size AS sticker_size, m.offline_threading_id AS offline_threading_id, m.source AS source, m.channel_source AS channel_source, m.is_non_authoritative AS is_non_authoritative, m.pending_send_media_attachment AS pending_send_media_attachment, m.sent_share_attachment AS sent_share_attachment, m.client_tags AS client_tags, m.extensible_message_data AS extensible_message_data, m.send_error AS send_error, m.send_error_message AS send_error_message, m.send_error_detail AS send_error_detail, m.send_error_original_exception AS send_error_original_exception, m.send_error_number AS send_error_number, m.send_error_timestamp_ms AS send_error_timestamp_ms, m.send_error_error_url AS send_error_error_url, m.send_channel AS send_channel, m.publicity AS publicity, m.copy_message_id AS copy_message_id, m.send_queue_type AS send_queue_type, m.payment_transaction AS payment_transaction, m.payment_request AS payment_request, m.has_unavailable_attachment AS has_unavailable_attachment, m.app_attribution AS app_attribution, m.content_app_attribution AS content_app_attribution, m.tree_xma AS tree_xma, m.admin_text_type AS admin_text_type, m.admin_text_theme_color AS admin_text_theme_color, m.admin_text_should_show_theme_icon AS admin_text_should_show_theme_icon, m.admin_text_gradient_colors AS admin_text_gradient_colors, m.admin_text_thread_icon_emoji AS admin_text_thread_icon_emoji, m.admin_text_nickname AS admin_text_nickname, m.admin_text_target_id AS admin_text_target_id, m.admin_text_thread_message_lifetime AS admin_text_thread_message_lifetime, m.message_lifetime AS message_lifetime, m.admin_text_thread_rt
02-04 16:28:34.985 15479 15479 W msgr.AppComponentFactory: Instantiating Service
02-04 16:28:35.007 15479 15479 E msgr.SlowAppComponent: 0ms: BlueService instantiating…
02-04 16:28:35.007 15479 15479 E msgr.SlowAppComponent: Main thread was blocked for 22ms in the background starting with BlueService
02-04 16:28:35.038 15479 15479 W msgr.InitStatus: Not blocking Service (113223054)
02-04 16:28:35.256 15479 15479 W msgr.AppComponentFactory: Instantiating Service
02-04 16:28:35.679 15479  5584 W Notification: Bubbles work best with icons of TYPE_URI or TYPE_URI_ADAPTIVE_BITMAP. In the future, using an icon of this type will be required.
02-04 16:28:35.742 15479  5584 W Settings: Setting notification_bubbles has moved from android.provider.Settings.Global to android.provider.Settings.Secure, returning read-only value.
02-04 16:28:35.753 15479 15479 W msgr.AppComponentFactory: Instantiating Service
02-04 16:28:35.836  5255  5255 I AiAiTextClassifier: onCreateTextClassificationSession = TextClassificationSessionId {d7af81a6-725c-4f9f-926e-66460ed85a78}
02-04 16:28:35.838  5255  5255 I AiAiTextClassifier: AiaiTextClassifierService.onSuggestConversationActions
02-04 16:28:35.953 15479 18577 I GED     : ged_boost_gpu_freq, level 100, eOrigin 2, final_idx 31, oppidx_max 31, oppidx_min 0
02-04 16:28:36.202  5255  5812 W AiAiClearcutLogger: Trying to use Clearcut counters (disabled via policy). [CONTEXT ratelimit_period="1 HOURS" ]
02-04 16:28:36.256  5255  5812 I AiAiStatsd: Successfully logged feature usage for TEXT_CLASSIFIER.
02-04 16:28:39.947 25485 25506 I native  : I0000 00:00:1770193719.946930   25506 soda_async_impl.cc:1411] Current audio timestamp: 1770193719852653
02-04 16:28:40.166 25485 25512 W ProxyAndroidLoggerBackend: Too many Flogger logs received before configuration. Dropping old logs.
02-04 16:28:42.183 14045 14078 I NullBinder: NullBinder for android.net.action.RECOMMEND_NETWORKS triggering remote TransactionTooLargeException due to Service without Chimera impl, calling uid: 1000, calling pid: 0
02-04 16:28:42.183 14045 14078 W .gms.persistent: Large reply transaction of 1056768 bytes, interface descriptor , code 1
02-04 16:28:42.217 14045 14078 I NullBinder: NullBinder for android.net.action.RECOMMEND_NETWORKS triggering remote TransactionTooLargeException due to Service without Chimera impl, calling uid: 1000, calling pid: 0
02-04 16:28:42.217 14045 14078 W .gms.persistent: Large reply transaction of 1056768 bytes, interface descriptor , code 1
02-04 16:28:42.234 14045 14078 I NullBinder: NullBinder for android.net.action.RECOMMEND_NETWORKS triggering remote TransactionTooLargeException due to Service without Chimera impl, calling uid: 1000, calling pid: 0
02-04 16:28:42.234 14045 14078 W .gms.persistent: Large reply transaction of 1056768 bytes, interface descriptor , code 1
02-04 16:28:42.922  7335 11972 E ActivityThread: Failed to find provider info for com.ss.android.ugc.trill.apm
02-04 16:28:43.342  7335 13658 I livestrategy: (VeLSPlatformDataFetcherJNI.cpp:105): PlatformDataFetcher:key:live_sdk_enable_data_warehouse, value:0
02-04 16:28:43.343  7335 13658 I livestrategy: (DataWarehouse.cpp:79): DataWarehouseStoreToDB live_sdk_enable_data_warehouse=0
02-04 16:28:43.422  7335 21591 W System.err: FlagsHookHelper: try hook flags method getInstanceHook
02-04 16:28:43.437  7335 12026 W NaviWarn: StackPtr is not 8-byte aligned.
02-04 16:28:45.224 14045 14059 I NullBinder: NullBinder for android.net.action.RECOMMEND_NETWORKS triggering remote TransactionTooLargeException due to Service without Chimera impl, calling uid: 1000, calling pid: 0
02-04 16:28:45.224 14045 14059 W .gms.persistent: Large reply transaction of 1056768 bytes, interface descriptor , code 1
02-04 16:28:45.232 14045 14059 I NullBinder: NullBinder for android.net.action.RECOMMEND_NETWORKS triggering remote TransactionTooLargeException due to Service without Chimera impl, calling uid: 1000, calling pid: 0
02-04 16:28:45.233 14045 14059 W .gms.persistent: Large reply transaction of 1056768 bytes, interface descriptor , code 1
02-04 16:28:45.236 14045 14059 I NullBinder: NullBinder for android.net.action.RECOMMEND_NETWORKS triggering remote TransactionTooLargeException due to Service without Chimera impl, calling uid: 1000, calling pid: 0
02-04 16:28:45.236 14045 14059 W .gms.persistent: Large reply transaction of 1056768 bytes, interface descriptor , code 1
02-04 16:28:46.562 15479 15479 W msgr.AppComponentFactory: Instantiating Service
02-04 16:28:46.574 15479 26392 E msgr.msys: E[N MQTT]readErr(151)=>TCPStreamTransport readErr
02-04 16:28:46.574 15479 26392 E msgr.msys: E[N MQTT]onReadError(657)=>Read Error: AsyncSocketException: recv() failed (peer=**************:443), type = Internal error, errno = 103 (Software caused connection abort)
02-04 16:28:46.580 15479 26415 E msgr.msys: E[N mccw.liger]onReadError(732)=>read/error - ex: AsyncSocketException: recv() failed (peer=*************:5222), type = Internal error, errno = 103 (Software caused connection abort), errno: 103
02-04 16:28:46.635 15479 15479 E msgr.SlowAppComponent: 0ms: MessagesSystemTrayLogService instantiating…
02-04 16:28:46.636 15479 15479 E msgr.SlowAppComponent: Main thread was blocked for 77ms in the background starting with MessagesSystemTrayLogService
02-04 16:28:46.702 15479 26374 E FamilyIntentScope: Access denied. Process 10353(com.facebook.orca) cannot receive broadcasts from -1(null)the event is: WakingExecutorService.ACTION_ALARM.com.facebook.orca.Mqtt_Wakeup
02-04 16:28:46.702 15479 26374 E FamilyIntentScope: java.lang.SecurityException: Access denied. Process 10353(com.facebook.orca) cannot receive broadcasts from -1(null)the event is: WakingExecutorService.ACTION_ALARM.com.facebook.orca.Mqtt_Wakeup
02-04 16:28:46.702 15479 26374 E FamilyIntentScope: 	at X.001.A0b(:2)
02-04 16:28:46.702 15479 26374 E FamilyIntentScope: 	at X.0wW.A0C(:92)
02-04 16:28:46.702 15479 26374 E FamilyIntentScope: 	at X.0tw.onReceive(:82)
02-04 16:28:46.702 15479 26374 E FamilyIntentScope: 	at X.0tx.onReceive(:50)
02-04 16:28:46.702 15479 26374 E FamilyIntentScope: 	at android.app.LoadedApk$ReceiverDispatcher$Args.lambda$getRunnable$0(LoadedApk.java:1902)
02-04 16:28:46.702 15479 26374 E FamilyIntentScope: 	at android.app.LoadedApk$ReceiverDispatcher$Args.$r8$lambda$mcNAAl1SQ4MyJPyDg8TJ2x2h0Rk(Unknown Source:0)
02-04 16:28:46.702 15479 26374 E FamilyIntentScope: 	at android.app.LoadedApk$ReceiverDispatcher$Args$$ExternalSyntheticLambda0.run(D8$$SyntheticClass:0)
02-04 16:28:46.702 15479 26374 E FamilyIntentScope: 	at android.os.Handler.handleCallback(Handler.java:1014)
02-04 16:28:46.702 15479 26374 E FamilyIntentScope: 	at android.os.Handler.dispatchMessage(Handler.java:102)
02-04 16:28:46.702 15479 26374 E FamilyIntentScope: 	at android.os.Looper.loopOnce(Looper.java:250)
02-04 16:28:46.702 15479 26374 E FamilyIntentScope: 	at android.os.Looper.loop(Looper.java:340)
02-04 16:28:46.702 15479 26374 E FamilyIntentScope: 	at android.os.HandlerThread.run(HandlerThread.java:107)
02-04 16:28:46.702 15479 26374 E FamilyIntentScope: 	at X.19o.run(Unknown Source:0)
02-04 16:28:46.781 15479 26387 E msgr.msys: E[N WA]_WCCXMPPStreamDisconnectHandler(335)=>xmpp/disconnect - WCIStreamStateErrorCode: 2, domain: WCIStreamState, subdomain: MCCWLigerStream: Error Domain=WCIStreamState Code=2 UserInfo=0x2440104880 {MCFErrorDirectUnderlyingErrorKey=0xb4000079e0151950 "Error Domain=MCCWLigerStream Code=2 UserInfo=0x2440107fc0 {MCFErrorDirectLocalizedFailureReasonKey=AsyncSocketException: recv() failed (peer=*************:5222), type = Internal error, errno = 103 (Software caused connection abort)}"}
02-04 16:28:46.782 15479 26387 E msgr.msys: E[N WCCConnectionMEM]_WCCConnectionMEMLifecycleEventHandler(2168)=>[INFO] connection/xmpp/lifecycle_event/not-connected, [12.1922s]
02-04 16:28:46.787 15479 26387 E msgr.msys: E[N WA]_WCCXMPPStreamDoDisconnect(1223)=>xmpp/disconnect - flags: 256
02-04 16:28:46.788 15479 26387 E msgr.msys: E[N WCCConnectionMEM]_WCCConnectionMEMDisconnectHandler(2279)=>connection/disconnected, peer reset
02-04 16:28:46.789 15479 26387 E msgr.msys: E[N WCCConnectionMEM]_WCCConnectionMEMEmitStateChange(3167)=>[INFO] connection/new_state/not-connected [connection_id=350161942, wcc_source=1, wcc_reason=18]
02-04 16:28:46.792 15479 26387 E msgr.msys: E[C MEMConnectionManager]_MEMConnectionManagerStateChangeHandler(584)=>[Critical] MEMConnectionState updated to ID: 0 with connectionId: 350161942
02-04 16:28:46.812 15479 26387 E msgr.msys: E[C 1]MCCLogErrorWithTraceOrQPL(281)=>8/374/3970/65536
02-04 16:28:46.817 15479 26387 E msgr.msys: E[C 1]MCCLogErrorWithTraceOrQPL(281)=>8/374/3972/18
02-04 16:28:46.821 15479 26387 E msgr.msys: E[C mem.context]_LogConnectFailure(4893)=>Establishing connection failure reason and flags: disconnect/Doze/0/reason/18/flags/65536/[-, -, -, -, -, -, -, -, -, peer_reset, -, -, -, -]
02-04 16:28:46.822 15479 26387 E msgr.msys: E[C mem.context]_LogConnectFailure(4925)=>[Happy Eyeball] Connect failed with source=1, winner stream ip=*************, port=5222, dnsResolutionMethod=1, combined_ip_addresses=*************
02-04 16:28:46.842 15479 26387 E msgr.msys: E[N WCCConnectionMEM]_WCCConnectionMEMEmitStateChange(3167)=>[INFO] connection/new_state/connecting [connection_id=350161943, wcc_source=1, wcc_reason=18]
02-04 16:28:46.843 15479 26387 E msgr.msys: E[C MEMConnectionManager]_MEMConnectionManagerStateChangeHandler(584)=>[Critical] MEMConnectionState updated to ID: 1 with connectionId: 350161943
02-04 16:28:46.909 15479 26387 E msgr.msys: E[N WCCConnectionMEM]_WCCConnectionMEMDoConnectWithAuthKeys(1552)=>[INFO] connection/connect/start/[host=chat-e2ee.facebook.com port=5222]/[*************:5222]/socketAddressCount=1
02-04 16:28:46.922 15479 26387 E msgr.msys: E[N WCCConnectionMEM]_WCCConnectionMEMLifecycleEventHandler(2160)=>[INFO] connection/xmpp/lifecycle_event/will-connect
02-04 16:28:46.923 15479 26387 E msgr.msys: E[A WA]WCCHandshakeCreate(178)=>handshake/create, pq mode:0
02-04 16:28:46.995 15479 26405 E msgr.msys: E[C mem.context]_LogNetworkStateUpdate(7669)=>[Critical] network_state/prev/1/new/1/source/0
02-04 16:28:46.999 15479 26405 E msgr.msys: E[C MEMConnectionManager]_NetworkConnectedConnectionEventHandler(1430)=>[Debug] Start _NetworkConnectedConnectionEventHandler.
02-04 16:28:47.010 15479 26405 E msgr.msys: E[C MEMConnectionManager]_NetworkConnectedConnectionEventHandler(1440)=>[Debug] End _NetworkConnectedConnectionEventHandler.
02-04 16:28:47.014 15479 26387 E msgr.msys: E[N WCCConnectionMEM]_WCCConnectionMEMLifecycleEventHandler(2168)=>[INFO] connection/xmpp/lifecycle_event/did-connect, [0.0912s]
02-04 16:28:47.034 15479 26387 E msgr.msys: E[N WCCConnectionMEM]_WCCConnectionMEMLifecycleEventHandler(2168)=>[INFO] connection/xmpp/lifecycle_event/did-send-initial-payload, [0.0148s]
02-04 16:28:47.233 15479 26387 E msgr.msys: E[N WCCConnectionMEM]_WCCConnectionMEMLifecycleEventHandler(2168)=>[INFO] connection/xmpp/lifecycle_event/will-handshake, [0.1984s]
02-04 16:28:47.237 15479 26387 E msgr.msys: E[N WCCConnectionMEM]_WCCConnectionMEMLifecycleEventHandler(2168)=>[INFO] connection/xmpp/lifecycle_event/did-handshake, [0.0028s]
02-04 16:28:47.241 15479 26387 E msgr.msys: E[N WCCConnectionMEM]_WCCConnectionMEMReceiveHandler(2340)=>[INFO] connection/receive/login-success
02-04 16:28:47.242 15479 26387 E msgr.msys: E[N WCCConnectionMEM]_WCCConnectionMEMEmitStateChange(3167)=>[INFO] connection/new_state/connected [connection_id=350161943, wcc_source=1, wcc_reason=18]
02-04 16:28:47.245 15479 26387 E msgr.msys: E[C MEMConnectionManager]_MEMConnectionManagerStateChangeHandler(584)=>[Critical] MEMConnectionState updated to ID: 2 with connectionId: 350161943
02-04 16:28:47.250 15479 26386 E msgr.ZeroChatDHostController: Trying to add the same listener twice. This must be a bug.
02-04 16:28:47.250 15479 26405 E msgr.msys: E[C mem.context]_ZeroRatingStateChangedOnExecutionContext(8395)=>[INFO] ZeroRatingStateChange: notify wa-msys with [host: chat-e2ee.facebook.com, ipv4 fallback IPs are not set, ipv6 fallback IPs are not set]
02-04 16:28:47.454 15479 26386 W msgr.AdvancedCryptoTransportNotificationServiceLauncher: Ignore service stop. Service not started.
02-04 16:28:48.189 14045 14059 I NullBinder: NullBinder for android.net.action.RECOMMEND_NETWORKS triggering remote TransactionTooLargeException due to Service without Chimera impl, calling uid: 1000, calling pid: 0
02-04 16:28:48.189 14045 14059 W .gms.persistent: Large reply transaction of 1056768 bytes, interface descriptor , code 1
02-04 16:28:48.218 14045 14078 I NullBinder: NullBinder for android.net.action.RECOMMEND_NETWORKS triggering remote TransactionTooLargeException due to Service without Chimera impl, calling uid: 1000, calling pid: 0
02-04 16:28:48.218 14045 14078 W .gms.persistent: Large reply transaction of 1056768 bytes, interface descriptor , code 1
02-04 16:28:48.227 14045 14078 I NullBinder: NullBinder for android.net.action.RECOMMEND_NETWORKS triggering remote TransactionTooLargeException due to Service without Chimera impl, calling uid: 1000, calling pid: 0
02-04 16:28:48.227 14045 14078 W .gms.persistent: Large reply transaction of 1056768 bytes, interface descriptor , code 1
02-04 16:28:48.331  7335 12214 W ttmn    : <PID--1><79b08342a8,av_render_t_monitor.cpp,operator(),37>ERROR action, current: 4, move action: 5
02-04 16:28:48.344  7335  7335 I ScrollIdentify: on fling
02-04 16:28:48.346  7335 12214 W ttmn    : <PID--1><79b096aae8,av_render_t_monitor.cpp,operator(),37>ERROR action, current: 1, move action: 6
02-04 16:28:48.346  7335 12068 I livestrategy: (LiveDataCenter.cpp:552): LiveDataCenter: onEvent eventType 20001, eventParam: 0, eventCode: 0, extraInfo: 75**************664
02-04 16:28:48.358  7335 21601 I AudioTrack: stop(5407): 0x79d1602c50 , prior state:STATE_PAUSED, sessionId:35833, calling package is:com.ss.android.ugc.trill
02-04 16:28:48.361  7335 12748 I AudioTrack: start(5409): 0x79d137c9b0 , prior state:STATE_STOPPED,sessionId:35849, calling package is:com.ss.android.ugc.trill
02-04 16:28:48.375  7335 22584 I MediaCodec: ++kWhatRelease   mState :6
02-04 16:28:48.386  7335 22587 W BufferQueueProducer: [SurfaceView[com.ss.android.ugc.trill/com.ss.android.ugc.aweme.detail.ui.DetailActivity]#83(BLAST Consumer)83](id:1ca70000005f,api:3,p:7335,c:7335) detachBuffer: slot 0 is not owned by the producer (state = FREE)
02-04 16:28:48.386  7335 22587 W BufferQueueProducer: [SurfaceView[com.ss.android.ugc.trill/com.ss.android.ugc.aweme.detail.ui.DetailActivity]#83(BLAST Consumer)83](id:1ca70000005f,api:3,p:7335,c:7335) detachBuffer: slot 1 is not owned by the producer (state = FREE)
02-04 16:28:48.433  7335 22587 W BufferQueueProducer: [SurfaceView[com.ss.android.ugc.trill/com.ss.android.ugc.aweme.detail.ui.DetailActivity]#83(BLAST Consumer)83](id:1ca70000005f,api:3,p:7335,c:7335) detachBuffer: slot 8 is not owned by the producer (state = ACQUIRED)
02-04 16:28:48.434  7335 22587 W BufferQueueProducer: [SurfaceView[com.ss.android.ugc.trill/com.ss.android.ugc.aweme.detail.ui.DetailActivity]#83(BLAST Consumer)83](id:1ca70000005f,api:3,p:7335,c:7335) detachBuffer: slot 9 is not owned by the producer (state = FREE)
02-04 16:28:48.437  7335 22587 W BufferQueueProducer: [SurfaceView[com.ss.android.ugc.trill/com.ss.android.ugc.aweme.detail.ui.DetailActivity]#83(BLAST Consumer)83](id:1ca70000005f,api:3,p:7335,c:7335) detachBuffer: slot 11 is not owned by the producer (state = FREE)
02-04 16:28:48.437  7335 22587 W BufferQueueProducer: [SurfaceView[com.ss.android.ugc.trill/com.ss.android.ugc.aweme.detail.ui.DetailActivity]#83(BLAST Consumer)83](id:1ca70000005f,api:3,p:7335,c:7335) detachBuffer: slot 12 is not owned by the producer (state = FREE)
02-04 16:28:48.439  7335 22587 W BufferQueueProducer: [SurfaceView[com.ss.android.ugc.trill/com.ss.android.ugc.aweme.detail.ui.DetailActivity]#83(BLAST Consumer)83](id:1ca70000005f,api:3,p:7335,c:7335) detachBuffer: slot 15 is not owned by the producer (state = FREE)
02-04 16:28:48.443  7335 22587 W BufferQueueProducer: [SurfaceView[com.ss.android.ugc.trill/com.ss.android.ugc.aweme.detail.ui.DetailActivity]#83(BLAST Consumer)83](id:1ca70000005f,api:3,p:7335,c:7335) detachBuffer: slot 18 is not owned by the producer (state = FREE)
02-04 16:28:48.444  7335 22587 W BufferQueueProducer: [SurfaceView[com.ss.android.ugc.trill/com.ss.android.ugc.aweme.detail.ui.DetailActivity]#83(BLAST Consumer)83](id:1ca70000005f,api:3,p:7335,c:7335) detachBuffer: slot 19 is not owned by the producer (state = FREE)
02-04 16:28:48.447  7335 22587 W BufferQueueProducer: [SurfaceView[com.ss.android.ugc.trill/com.ss.android.ugc.aweme.detail.ui.DetailActivity]#83(BLAST Consumer)83](id:1ca70000005f,api:3,p:7335,c:7335) detachBuffer: slot 24 is not owned by the producer (state = FREE)
02-04 16:28:48.450  7335 22587 W BufferQueueProducer: [SurfaceView[com.ss.android.ugc.trill/com.ss.android.ugc.aweme.detail.ui.DetailActivity]#83(BLAST Consumer)83](id:1ca70000005f,api:3,p:7335,c:7335) detachBuffer: slot 27 is not owned by the producer (state = FREE)
02-04 16:28:48.450  7335 22587 W BufferQueueProducer: [SurfaceView[com.ss.android.ugc.trill/com.ss.android.ugc.aweme.detail.ui.DetailActivity]#83(BLAST Consumer)83](id:1ca70000005f,api:3,p:7335,c:7335) detachBuffer: slot 28 is not owned by the producer (state = FREE)
02-04 16:28:48.450  7335 22587 W BufferQueueProducer: [SurfaceView[com.ss.android.ugc.trill/com.ss.android.ugc.aweme.detail.ui.DetailActivity]#83(BLAST Consumer)83](id:1ca70000005f,api:3,p:7335,c:7335) detachBuffer: slot 29 is not owned by the producer (state = FREE)
02-04 16:28:48.451  7335 22587 W BufferQueueProducer: [SurfaceView[com.ss.android.ugc.trill/com.ss.android.ugc.aweme.detail.ui.DetailActivity]#83(BLAST Consumer)83](id:1ca70000005f,api:3,p:7335,c:7335) detachBuffer: slot 30 is not owned by the producer (state = FREE)
02-04 16:28:48.451  7335 22587 W BufferQueueProducer: [SurfaceView[com.ss.android.ugc.trill/com.ss.android.ugc.aweme.detail.ui.DetailActivity]#83(BLAST Consumer)83](id:1ca70000005f,api:3,p:7335,c:7335) detachBuffer: slot 31 is not owned by the producer (state = FREE)
02-04 16:28:48.451  7335 22587 W BufferQueueProducer: [SurfaceView[com.ss.android.ugc.trill/com.ss.android.ugc.aweme.detail.ui.DetailActivity]#83(BLAST Consumer)83](id:1ca70000005f,api:3,p:7335,c:7335) detachBuffer: slot 32 is not owned by the producer (state = FREE)
02-04 16:28:48.451  7335 21591 W System.err: FlagsHookHelper: try hook flags method getInstanceHook
02-04 16:28:48.451  7335 22587 W BufferQueueProducer: [SurfaceView[com.ss.android.ugc.trill/com.ss.android.ugc.aweme.detail.ui.DetailActivity]#83(BLAST Consumer)83](id:1ca70000005f,api:3,p:7335,c:7335) detachBuffer: slot 33 is not owned by the producer (state = FREE)
02-04 16:28:48.451  7335 22587 W BufferQueueProducer: [SurfaceView[com.ss.android.ugc.trill/com.ss.android.ugc.aweme.detail.ui.DetailActivity]#83(BLAST Consumer)83](id:1ca70000005f,api:3,p:7335,c:7335) detachBuffer: slot 34 is not owned by the producer (state = FREE)
02-04 16:28:48.451  7335 22587 W BufferQueueProducer: [SurfaceView[com.ss.android.ugc.trill/com.ss.android.ugc.aweme.detail.ui.DetailActivity]#83(BLAST Consumer)83](id:1ca70000005f,api:3,p:7335,c:7335) detachBuffer: slot 35 is not owned by the producer (state = FREE)
02-04 16:28:48.452  7335 22587 W BufferQueueProducer: [SurfaceView[com.ss.android.ugc.trill/com.ss.android.ugc.aweme.detail.ui.DetailActivity]#83(BLAST Consumer)83](id:1ca70000005f,api:3,p:7335,c:7335) detachBuffer: slot 36 is not owned by the producer (state = FREE)
02-04 16:28:48.452  7335 22587 W BufferQueueProducer: [SurfaceView[com.ss.android.ugc.trill/com.ss.android.ugc.aweme.detail.ui.DetailActivity]#83(BLAST Consumer)83](id:1ca70000005f,api:3,p:7335,c:7335) detachBuffer: slot 37 is not owned by the producer (state = FREE)
02-04 16:28:48.452  7335 22587 W BufferQueueProducer: [SurfaceView[com.ss.android.ugc.trill/com.ss.android.ugc.aweme.detail.ui.DetailActivity]#83(BLAST Consumer)83](id:1ca70000005f,api:3,p:7335,c:7335) detachBuffer: slot 38 is not owned by the producer (state = FREE)
02-04 16:28:48.452  7335 22587 W BufferQueueProducer: [SurfaceView[com.ss.android.ugc.trill/com.ss.android.ugc.aweme.detail.ui.DetailActivity]#83(BLAST Consumer)83](id:1ca70000005f,api:3,p:7335,c:7335) detachBuffer: slot 39 is not owned by the producer (state = FREE)
02-04 16:28:48.452  7335 22587 W BufferQueueProducer: [SurfaceView[com.ss.android.ugc.trill/com.ss.android.ugc.aweme.detail.ui.DetailActivity]#83(BLAST Consumer)83](id:1ca70000005f,api:3,p:7335,c:7335) detachBuffer: slot 40 is not owned by the producer (state = FREE)
02-04 16:28:48.453  7335 22587 W BufferQueueProducer: [SurfaceView[com.ss.android.ugc.trill/com.ss.android.ugc.aweme.detail.ui.DetailActivity]#83(BLAST Consumer)83](id:1ca70000005f,api:3,p:7335,c:7335) detachBuffer: slot 41 is not owned by the producer (state = FREE)
