02-04 16:29:03.142  7335 22915 W BufferQueueProducer: [SurfaceView[com.ss.android.ugc.trill/com.ss.android.ugc.aweme.detail.ui.DetailActivity]#84(BLAST Consumer)84](id:1ca700000060,api:3,p:7335,c:7335) detachBuffer: slot 16 is not owned by the producer (state = FREE)
02-04 16:29:03.143  7335 22915 W BufferQueueProducer: [SurfaceView[com.ss.android.ugc.trill/com.ss.android.ugc.aweme.detail.ui.DetailActivity]#84(BLAST Consumer)84](id:1ca700000060,api:3,p:7335,c:7335) detachBuffer: slot 18 is not owned by the producer (state = FREE)
02-04 16:29:03.143  7335 22915 W BufferQueueProducer: [SurfaceView[com.ss.android.ugc.trill/com.ss.android.ugc.aweme.detail.ui.DetailActivity]#84(BLAST Consumer)84](id:1ca700000060,api:3,p:7335,c:7335) detachBuffer: slot 19 is not owned by the producer (state = FREE)
02-04 16:29:03.143  7335 22915 W BufferQueueProducer: [SurfaceView[com.ss.android.ugc.trill/com.ss.android.ugc.aweme.detail.ui.DetailActivity]#84(BLAST Consumer)84](id:1ca700000060,api:3,p:7335,c:7335) detachBuffer: slot 21 is not owned by the producer (state = FREE)
02-04 16:29:03.145  7335 22915 W BufferQueueProducer: [SurfaceView[com.ss.android.ugc.trill/com.ss.android.ugc.aweme.detail.ui.DetailActivity]#84(BLAST Consumer)84](id:1ca700000060,api:3,p:7335,c:7335) detachBuffer: slot 26 is not owned by the producer (state = FREE)
02-04 16:29:03.145  7335 22915 W BufferQueueProducer: [SurfaceView[com.ss.android.ugc.trill/com.ss.android.ugc.aweme.detail.ui.DetailActivity]#84(BLAST Consumer)84](id:1ca700000060,api:3,p:7335,c:7335) detachBuffer: slot 27 is not owned by the producer (state = FREE)
02-04 16:29:03.145  7335 22915 W BufferQueueProducer: [SurfaceView[com.ss.android.ugc.trill/com.ss.android.ugc.aweme.detail.ui.DetailActivity]#84(BLAST Consumer)84](id:1ca700000060,api:3,p:7335,c:7335) detachBuffer: slot 28 is not owned by the producer (state = FREE)
02-04 16:29:03.145  7335 22915 W BufferQueueProducer: [SurfaceView[com.ss.android.ugc.trill/com.ss.android.ugc.aweme.detail.ui.DetailActivity]#84(BLAST Consumer)84](id:1ca700000060,api:3,p:7335,c:7335) detachBuffer: slot 29 is not owned by the producer (state = FREE)
02-04 16:29:03.146  7335 22915 W BufferQueueProducer: [SurfaceView[com.ss.android.ugc.trill/com.ss.android.ugc.aweme.detail.ui.DetailActivity]#84(BLAST Consumer)84](id:1ca700000060,api:3,p:7335,c:7335) detachBuffer: slot 30 is not owned by the producer (state = FREE)
02-04 16:29:03.146  7335 22967 W Codec2Client: query -- param skipped: index = 1107298332.
02-04 16:29:03.146  7335 22915 W BufferQueueProducer: [SurfaceView[com.ss.android.ugc.trill/com.ss.android.ugc.aweme.detail.ui.DetailActivity]#84(BLAST Consumer)84](id:1ca700000060,api:3,p:7335,c:7335) detachBuffer: slot 31 is not owned by the producer (state = FREE)
02-04 16:29:03.146  7335 22915 W BufferQueueProducer: [SurfaceView[com.ss.android.ugc.trill/com.ss.android.ugc.aweme.detail.ui.DetailActivity]#84(BLAST Consumer)84](id:1ca700000060,api:3,p:7335,c:7335) detachBuffer: slot 32 is not owned by the producer (state = FREE)
02-04 16:29:03.146  7335 22967 W CCodec  : This behavior is subject to change. It is recommended that app developers double check whether the requested max input size is in reasonable range.
02-04 16:29:03.146  7335 22915 W BufferQueueProducer: [SurfaceView[com.ss.android.ugc.trill/com.ss.android.ugc.aweme.detail.ui.DetailActivity]#84(BLAST Consumer)84](id:1ca700000060,api:3,p:7335,c:7335) detachBuffer: slot 33 is not owned by the producer (state = FREE)
02-04 16:29:03.147  7335 22915 W BufferQueueProducer: [SurfaceView[com.ss.android.ugc.trill/com.ss.android.ugc.aweme.detail.ui.DetailActivity]#84(BLAST Consumer)84](id:1ca700000060,api:3,p:7335,c:7335) detachBuffer: slot 34 is not owned by the producer (state = FREE)
02-04 16:29:03.147  7335 22915 W BufferQueueProducer: [SurfaceView[com.ss.android.ugc.trill/com.ss.android.ugc.aweme.detail.ui.DetailActivity]#84(BLAST Consumer)84](id:1ca700000060,api:3,p:7335,c:7335) detachBuffer: slot 35 is not owned by the producer (state = FREE)
02-04 16:29:03.148  7335 22967 I CCodecConfig: query failed after returning 18 values (BAD_INDEX)
02-04 16:29:03.148  7335 22915 W BufferQueueProducer: [SurfaceView[com.ss.android.ugc.trill/com.ss.android.ugc.aweme.detail.ui.DetailActivity]#84(BLAST Consumer)84](id:1ca700000060,api:3,p:7335,c:7335) detachBuffer: slot 36 is not owned by the producer (state = FREE)
02-04 16:29:03.148  7335 22915 W BufferQueueProducer: [SurfaceView[com.ss.android.ugc.trill/com.ss.android.ugc.aweme.detail.ui.DetailActivity]#84(BLAST Consumer)84](id:1ca700000060,api:3,p:7335,c:7335) detachBuffer: slot 37 is not owned by the producer (state = FREE)
02-04 16:29:03.149  7335 22915 W BufferQueueProducer: [SurfaceView[com.ss.android.ugc.trill/com.ss.android.ugc.aweme.detail.ui.DetailActivity]#84(BLAST Consumer)84](id:1ca700000060,api:3,p:7335,c:7335) detachBuffer: slot 38 is not owned by the producer (state = FREE)
02-04 16:29:03.149  7335 22915 W BufferQueueProducer: [SurfaceView[com.ss.android.ugc.trill/com.ss.android.ugc.aweme.detail.ui.DetailActivity]#84(BLAST Consumer)84](id:1ca700000060,api:3,p:7335,c:7335) detachBuffer: slot 39 is not owned by the producer (state = FREE)
02-04 16:29:03.149  7335 22915 W BufferQueueProducer: [SurfaceView[com.ss.android.ugc.trill/com.ss.android.ugc.aweme.detail.ui.DetailActivity]#84(BLAST Consumer)84](id:1ca700000060,api:3,p:7335,c:7335) detachBuffer: slot 40 is not owned by the producer (state = FREE)
02-04 16:29:03.149  7335 22915 W BufferQueueProducer: [SurfaceView[com.ss.android.ugc.trill/com.ss.android.ugc.aweme.detail.ui.DetailActivity]#84(BLAST Consumer)84](id:1ca700000060,api:3,p:7335,c:7335) detachBuffer: slot 41 is not owned by the producer (state = FREE)
02-04 16:29:03.149  7335 22915 W BufferQueueProducer: [SurfaceView[com.ss.android.ugc.trill/com.ss.android.ugc.aweme.detail.ui.DetailActivity]#84(BLAST Consumer)84](id:1ca700000060,api:3,p:7335,c:7335) detachBuffer: slot 42 is not owned by the producer (state = FREE)
02-04 16:29:03.150  7335 22915 W BufferQueueProducer: [SurfaceView[com.ss.android.ugc.trill/com.ss.android.ugc.aweme.detail.ui.DetailActivity]#84(BLAST Consumer)84](id:1ca700000060,api:3,p:7335,c:7335) detachBuffer: slot 43 is not owned by the producer (state = FREE)
02-04 16:29:03.150  7335 22915 W BufferQueueProducer: [SurfaceView[com.ss.android.ugc.trill/com.ss.android.ugc.aweme.detail.ui.DetailActivity]#84(BLAST Consumer)84](id:1ca700000060,api:3,p:7335,c:7335) detachBuffer: slot 44 is not owned by the producer (state = FREE)
02-04 16:29:03.150  7335 22915 W BufferQueueProducer: [SurfaceView[com.ss.android.ugc.trill/com.ss.android.ugc.aweme.detail.ui.DetailActivity]#84(BLAST Consumer)84](id:1ca700000060,api:3,p:7335,c:7335) detachBuffer: slot 45 is not owned by the producer (state = FREE)
02-04 16:29:03.150  7335 22915 W BufferQueueProducer: [SurfaceView[com.ss.android.ugc.trill/com.ss.android.ugc.aweme.detail.ui.DetailActivity]#84(BLAST Consumer)84](id:1ca700000060,api:3,p:7335,c:7335) detachBuffer: slot 46 is not owned by the producer (state = FREE)
02-04 16:29:03.150  7335 22915 W BufferQueueProducer: [SurfaceView[com.ss.android.ugc.trill/com.ss.android.ugc.aweme.detail.ui.DetailActivity]#84(BLAST Consumer)84](id:1ca700000060,api:3,p:7335,c:7335) detachBuffer: slot 47 is not owned by the producer (state = FREE)
02-04 16:29:03.151  7335 22915 W BufferQueueProducer: [SurfaceView[com.ss.android.ugc.trill/com.ss.android.ugc.aweme.detail.ui.DetailActivity]#84(BLAST Consumer)84](id:1ca700000060,api:3,p:7335,c:7335) detachBuffer: slot 48 is not owned by the producer (state = FREE)
02-04 16:29:03.151  7335 22915 W BufferQueueProducer: [SurfaceView[com.ss.android.ugc.trill/com.ss.android.ugc.aweme.detail.ui.DetailActivity]#84(BLAST Consumer)84](id:1ca700000060,api:3,p:7335,c:7335) detachBuffer: slot 49 is not owned by the producer (state = FREE)
02-04 16:29:03.152  7335 22915 W BufferQueueProducer: [SurfaceView[com.ss.android.ugc.trill/com.ss.android.ugc.aweme.detail.ui.DetailActivity]#84(BLAST Consumer)84](id:1ca700000060,api:3,p:7335,c:7335) detachBuffer: slot 50 is not owned by the producer (state = FREE)
02-04 16:29:03.152  7335 22915 W BufferQueueProducer: [SurfaceView[com.ss.android.ugc.trill/com.ss.android.ugc.aweme.detail.ui.DetailActivity]#84(BLAST Consumer)84](id:1ca700000060,api:3,p:7335,c:7335) detachBuffer: slot 51 is not owned by the producer (state = FREE)
02-04 16:29:03.152  7335 22966 I MediaCodec: MediaCodec will operate in async mode
02-04 16:29:03.152  7335 22915 W BufferQueueProducer: [SurfaceView[com.ss.android.ugc.trill/com.ss.android.ugc.aweme.detail.ui.DetailActivity]#84(BLAST Consumer)84](id:1ca700000060,api:3,p:7335,c:7335) detachBuffer: slot 52 is not owned by the producer (state = FREE)
02-04 16:29:03.153  7335 22915 W BufferQueueProducer: [SurfaceView[com.ss.android.ugc.trill/com.ss.android.ugc.aweme.detail.ui.DetailActivity]#84(BLAST Consumer)84](id:1ca700000060,api:3,p:7335,c:7335) detachBuffer: slot 53 is not owned by the producer (state = FREE)
02-04 16:29:03.153  7335 22915 W BufferQueueProducer: [SurfaceView[com.ss.android.ugc.trill/com.ss.android.ugc.aweme.detail.ui.DetailActivity]#84(BLAST Consumer)84](id:1ca700000060,api:3,p:7335,c:7335) detachBuffer: slot 54 is not owned by the producer (state = FREE)
02-04 16:29:03.153  7335 22915 W BufferQueueProducer: [SurfaceView[com.ss.android.ugc.trill/com.ss.android.ugc.aweme.detail.ui.DetailActivity]#84(BLAST Consumer)84](id:1ca700000060,api:3,p:7335,c:7335) detachBuffer: slot 55 is not owned by the producer (state = FREE)
02-04 16:29:03.153  7335 22915 W BufferQueueProducer: [SurfaceView[com.ss.android.ugc.trill/com.ss.android.ugc.aweme.detail.ui.DetailActivity]#84(BLAST Consumer)84](id:1ca700000060,api:3,p:7335,c:7335) detachBuffer: slot 56 is not owned by the producer (state = FREE)
02-04 16:29:03.154  7335 22915 W BufferQueueProducer: [SurfaceView[com.ss.android.ugc.trill/com.ss.android.ugc.aweme.detail.ui.DetailActivity]#84(BLAST Consumer)84](id:1ca700000060,api:3,p:7335,c:7335) detachBuffer: slot 57 is not owned by the producer (state = FREE)
02-04 16:29:03.157  7335 22967 W Codec2Client: query -- param skipped: index = 1342179345.
02-04 16:29:03.157  7335 22967 W Codec2Client: query -- param skipped: index = 2415921170.
02-04 16:29:03.157  7335 22967 W Codec2Client: query -- param skipped: index = 1610614798.
02-04 16:29:03.170  7335 22967 I CCodecBufferChannel: [c2.mtk.hevc.decoder#42] Created output block pool with allocatorID 18 => poolID 1005 - OK
02-04 16:29:03.179  7335 22915 W BufferQueueProducer: [SurfaceView[com.ss.android.ugc.trill/com.ss.android.ugc.aweme.detail.ui.DetailActivity]#84(BLAST Consumer)84](id:1ca700000060,api:3,p:7335,c:7335) detachBuffer: slot 58 is not owned by the producer (state = FREE)
02-04 16:29:03.179  7335 22915 W BufferQueueProducer: [SurfaceView[com.ss.android.ugc.trill/com.ss.android.ugc.aweme.detail.ui.DetailActivity]#84(BLAST Consumer)84](id:1ca700000060,api:3,p:7335,c:7335) detachBuffer: slot 59 is not owned by the producer (state = FREE)
02-04 16:29:03.180  7335 22915 W BufferQueueProducer: [SurfaceView[com.ss.android.ugc.trill/com.ss.android.ugc.aweme.detail.ui.DetailActivity]#84(BLAST Consumer)84](id:1ca700000060,api:3,p:7335,c:7335) detachBuffer: slot 60 is not owned by the producer (state = FREE)
02-04 16:29:03.180  7335 22915 W BufferQueueProducer: [SurfaceView[com.ss.android.ugc.trill/com.ss.android.ugc.aweme.detail.ui.DetailActivity]#84(BLAST Consumer)84](id:1ca700000060,api:3,p:7335,c:7335) detachBuffer: slot 61 is not owned by the producer (state = FREE)
02-04 16:29:03.180  7335 22915 W BufferQueueProducer: [SurfaceView[com.ss.android.ugc.trill/com.ss.android.ugc.aweme.detail.ui.DetailActivity]#84(BLAST Consumer)84](id:1ca700000060,api:3,p:7335,c:7335) detachBuffer: slot 62 is not owned by the producer (state = FREE)
02-04 16:29:03.181  7335 22915 W BufferQueueProducer: [SurfaceView[com.ss.android.ugc.trill/com.ss.android.ugc.aweme.detail.ui.DetailActivity]#84(BLAST Consumer)84](id:1ca700000060,api:3,p:7335,c:7335) detachBuffer: slot 63 is not owned by the producer (state = FREE)
02-04 16:29:03.188  7335 22966 I VivoVideoDumpInfo: property persist.sys.log.ctrl-->no
02-04 16:29:03.188  7335 22966 I VivoVideoDumpInfo: logger is not running,videoDump is disable.
02-04 16:29:03.191  7335 22864 W System.err: FlagsHookHelper: try hook flags method getInstanceHook
02-04 16:29:03.201  7335 22914 I MediaCodec: ++kWhatRelease   mState :2
02-04 16:29:03.222  7335 12345 I AudioTrack: set(): streamType -1, sampleRate 44100, format 0x1, channelMask 0x3, frameCount 9450, flags 0, notificationFrames 0, sessionId 0, transferType 3, uid 10261, pid 7335
02-04 16:29:03.226  7335 12214 W ttmn    : <PID--1><79b08ec228,av_render_t_monitor.cpp,operator(),37>ERROR action, current: 1, move action: 6
02-04 16:29:03.227  7335 21601 I AudioTrack: stop(5412): 0x79d125b520 , prior state:STATE_STOPPED, sessionId:35873, calling package is:com.ss.android.ugc.trill
02-04 16:29:03.238  7335 12026 W NaviWarn: StackPtr is not 8-byte aligned.
02-04 16:29:03.272  7335 12345 W AudioTrack: Use of stream types is deprecated for operations other than volume control
02-04 16:29:03.272  7335 12345 W AudioTrack: See the documentation of AudioTrack() for what to use instead with android.media.AudioAttributes to qualify your playback use case
02-04 16:29:03.279  7335 12345 I AudioTrack: start(5413): 0x79d1706af0 , prior state:STATE_STOPPED,sessionId:35881, calling package is:com.ss.android.ugc.trill
02-04 16:29:03.286  7335 22981 I hw-BpHwBinder: onLastStrongRef automatically unlinking death recipients
02-04 16:29:03.287  7335 22981 I CCodecBufferChannel: Destructor 0x79d0352800
02-04 16:29:03.331  7335 22966 I MediaCodec: [c2.mtk.hevc.decoder] output format changed to: AMessage(what = 0x00000000) = {
02-04 16:29:03.331  7335 22966 I MediaCodec:       int32_t android._color-format = 2130706433
02-04 16:29:03.331  7335 22966 I MediaCodec:       int32_t android._video-scaling = 1
02-04 16:29:03.331  7335 22966 I MediaCodec:       int32_t sar-width = 1
02-04 16:29:03.331  7335 22966 I MediaCodec:       int32_t color-standard = 1
02-04 16:29:03.331  7335 22966 I MediaCodec:       int32_t color-range = 2
02-04 16:29:03.331  7335 22966 I MediaCodec:       int32_t color-transfer = 3
02-04 16:29:03.331  7335 22966 I MediaCodec:       int32_t android._dataspace = 260
02-04 16:29:03.331  7335 22966 I MediaCodec:       int32_t width = 576
02-04 16:29:03.331  7335 22966 I MediaCodec:       int32_t rotation-degrees = 0
02-04 16:29:03.331  7335 22966 I MediaCodec:       int32_t sar-height = 1
02-04 16:29:03.331  7335 22966 I MediaCodec:       int32_t max-width = 1920
02-04 16:29:03.331  7335 22966 I MediaCodec:       int32_t max-height = 1080
02-04 16:29:03.331  7335 22966 I MediaCodec:       int32_t priority = 0
02-04 16:29:03.331  7335 22966 I MediaCodec:       string mime = "video/raw"
02-04 16:29:03.331  7335 22966 I MediaCodec:       Rect crop(0, 0, 575, 1023)
02-04 16:29:03.331  7335 22966 I MediaCodec:       Buffer hdr-static-info = {
02-04 16:29:03.331  7335 22966 I MediaCodec:         00000000:  00 00 00 00 00 00 00 00  00 00 00 00 00 00 00 00  ................
02-04 16:29:03.331  7335 22966 I MediaCodec:         00000010:  00 00 00 00 00 00 00 00  00                       .........
02-04 16:29:03.331  7335 22966 I MediaCodec:       }
02-04 16:29:03.331  7335 22966 I MediaCodec:       int32_t frame-rate = 30
02-04 16:29:03.331  7335 22966 I MediaCodec:       int32_t height = 1024
02-04 16:29:03.331  7335 22966 I MediaCodec:       int32_t color-format = 2130708361
02-04 16:29:03.331  7335 22966 I MediaCodec:     }
02-04 16:29:03.333  7335 22983 W System.err: FlagsHookHelper: try hook flags method getInstanceHook
02-04 16:29:03.403  7335 12026 W NaviWarn: StackPtr is not 8-byte aligned.
02-04 16:29:03.882  7335 22985 W System.err: FlagsHookHelper: try hook flags method getInstanceHook
02-04 16:29:03.890  7335 12026 W NaviWarn: StackPtr is not 8-byte aligned.
02-04 16:29:07.251  7335 19889 W ttmn    : <PID-87><0,tt_player_bridge.cpp,native_setAlogWriteFunc,93>set a_alog_write func512442793848
02-04 16:29:07.252  7335 19889 W ttmp    : set_logger_level:28d0001
02-04 16:29:07.257  7335 12358 W ttmn    : <PID-87><79301c8fa0,av_wrapper.cpp,initPlaybackBin,1578>init bin, control: 1, distribute: 0 
02-04 16:29:07.257  7335 12358 W ttmn    : <PID-87><78107af600,audio_flow_graph.cpp,AudioFlowGraph,100>[AudioDucking] live_enable_audio_ducking:0
02-04 16:29:07.261  7335 12358 I VideoRenderQualityTracker: mConfiguration.enabled:0
02-04 16:29:07.267  7335 12358 I CCodecBufferChannel: Constructor 0x79d077b810
02-04 16:29:07.267  7335 12358 I CCodecBufferChannel: mIsVivoLogEnable = 0
02-04 16:29:07.272  7335 22995 I CCodec  : setting up 'default' as default (vendor) store
02-04 16:29:07.283  7335 22995 I CCodec  : Created component [c2.mtk.hevc.decoder]
02-04 16:29:07.283  7335 22995 I CCodecBufferChannel: is C2 video Decoder,enable buffermanager timeOut.
02-04 16:29:07.301  7335 22995 I CCodecConfig: query failed after returning 17 values (BAD_INDEX)
02-04 16:29:07.302  7335 22995 W ColorUtils: expected specified color aspects (2:0:0:0)
02-04 16:29:07.314  7335 22994 I MediaCodec: [c2.mtk.hevc.decoder] setting surface generation to 7511107
02-04 16:29:07.315  7335 22994 W libc    : Access denied finding property "vendor.vivo.debug.PqSetting.enable"
02-04 16:29:07.321  7335 22995 W Codec2Client: query -- param skipped: index = 1107298332.
02-04 16:29:07.321  7335 22995 W CCodec  : This behavior is subject to change. It is recommended that app developers double check whether the requested max input size is in reasonable range.
02-04 16:29:07.322  7335 22995 I CCodecConfig: query failed after returning 18 values (BAD_INDEX)
02-04 16:29:07.324  7335 22994 I MediaCodec: MediaCodec will operate in async mode
02-04 16:29:07.329  7335 22995 W Codec2Client: query -- param skipped: index = 1342179345.
02-04 16:29:07.329  7335 22995 W Codec2Client: query -- param skipped: index = 2415921170.
02-04 16:29:07.329  7335 22995 W Codec2Client: query -- param skipped: index = 1610614798.
02-04 16:29:07.331  7335 22995 I CCodecBufferChannel: [c2.mtk.hevc.decoder#312] Created output block pool with allocatorID 18 => poolID 1006 - OK
02-04 16:29:07.342  7335 22994 I VivoVideoDumpInfo: property persist.sys.log.ctrl-->no
02-04 16:29:07.342  7335 22994 I VivoVideoDumpInfo: logger is not running,videoDump is disable.
02-04 16:29:07.360  7335 13224 I AudioTrack: set(): streamType -1, sampleRate 44100, format 0x1, channelMask 0x3, frameCount 9450, flags 0, notificationFrames 0, sessionId 0, transferType 3, uid 10261, pid 7335
02-04 16:29:07.404  7335 13224 W AudioTrack: Use of stream types is deprecated for operations other than volume control
02-04 16:29:07.404  7335 13224 W AudioTrack: See the documentation of AudioTrack() for what to use instead with android.media.AudioAttributes to qualify your playback use case
02-04 16:29:07.421  7335 22994 I MediaCodec: [c2.mtk.hevc.decoder] output format changed to: AMessage(what = 0x00000000) = {
02-04 16:29:07.421  7335 22994 I MediaCodec:       int32_t android._color-format = 2130706433
02-04 16:29:07.421  7335 22994 I MediaCodec:       int32_t android._video-scaling = 1
02-04 16:29:07.421  7335 22994 I MediaCodec:       int32_t sar-width = 1
02-04 16:29:07.421  7335 22994 I MediaCodec:       int32_t color-standard = 1
02-04 16:29:07.421  7335 22994 I MediaCodec:       int32_t color-range = 2
02-04 16:29:07.421  7335 22994 I MediaCodec:       int32_t color-transfer = 3
02-04 16:29:07.421  7335 22994 I MediaCodec:       int32_t android._dataspace = 260
02-04 16:29:07.421  7335 22994 I MediaCodec:       int32_t width = 576
02-04 16:29:07.421  7335 22994 I MediaCodec:       int32_t rotation-degrees = 0
02-04 16:29:07.421  7335 22994 I MediaCodec:       int32_t sar-height = 1
02-04 16:29:07.421  7335 22994 I MediaCodec:       int32_t max-width = 1920
02-04 16:29:07.421  7335 22994 I MediaCodec:       int32_t max-height = 1080
02-04 16:29:07.421  7335 22994 I MediaCodec:       int32_t priority = 0
02-04 16:29:07.421  7335 22994 I MediaCodec:       string mime = "video/raw"
02-04 16:29:07.421  7335 22994 I MediaCodec:       Rect crop(0, 0, 575, 1023)
02-04 16:29:07.421  7335 22994 I MediaCodec:       Buffer hdr-static-info = {
02-04 16:29:07.421  7335 22994 I MediaCodec:         00000000:  00 00 00 00 00 00 00 00  00 00 00 00 00 00 00 00  ................
02-04 16:29:07.421  7335 22994 I MediaCodec:         00000010:  00 00 00 00 00 00 00 00  00                       .........
02-04 16:29:07.421  7335 22994 I MediaCodec:       }
02-04 16:29:07.421  7335 22994 I MediaCodec:       int32_t frame-rate = 30
02-04 16:29:07.421  7335 22994 I MediaCodec:       int32_t height = 1024
02-04 16:29:07.421  7335 22994 I MediaCodec:       int32_t color-format = 2130708361
02-04 16:29:07.421  7335 22994 I MediaCodec:     }
02-04 16:29:07.426  7335 12216 W ttmn    : <PID-87><7821de0c10,video_outlet_refactor.cpp,notifyReadyForDisplay,642>send ready for display message
02-04 16:29:09.949 25485 25506 I native  : I0000 00:00:1770193749.949675   25506 soda_async_impl.cc:1411] Current audio timestamp: 1770193749852653
02-04 16:29:10.166 25485 25512 W ProxyAndroidLoggerBackend: Too many Flogger logs received before configuration. Dropping old logs.
02-04 16:29:22.280  7335 11724 I droid.ugc.trill: Background young concurrent copying GC freed 22MB AllocSpace bytes, 22(0B) LOS objects, 12% free, 162MB/184MB, paused 621us,362us total 248.161ms
02-04 16:29:32.496  7335 23049 W System.err: FlagsHookHelper: try hook flags method getInstanceHook
02-04 16:29:39.894  7335 12215 I ffmpeg  : [aac @ 0x79d0697c70] illegal iid
02-04 16:29:39.894  7335 12215 I ffmpeg  : 
02-04 16:29:39.896  7335 12215 I ffmpeg  : [aac @ 0x79d0697c70] illegal icc
02-04 16:29:39.896  7335 12215 I ffmpeg  : 
02-04 16:29:39.898  7335 12215 I ffmpeg  : [aac @ 0x79d0697c70] Expected to read 54 PS bits actually read 74.
02-04 16:29:39.898  7335 12215 I ffmpeg  : 
02-04 16:29:39.949 25485 25506 I native  : I0000 00:00:1770193779.948770   25506 soda_async_impl.cc:1411] Current audio timestamp: 1770193779852653
02-04 16:29:40.167 25485 25512 W ProxyAndroidLoggerBackend: Too many Flogger logs received before configuration. Dropping old logs.
02-04 16:29:40.607  7335 22966 I CCodecConfig: query failed after returning 18 values (BAD_INDEX)
02-04 16:29:40.613  7335 22966 W Codec2Client: query -- param skipped: index = 1342179345.
02-04 16:29:40.613  7335 22966 W Codec2Client: query -- param skipped: index = 2415921170.
02-04 16:29:40.613  7335 22966 W Codec2Client: query -- param skipped: index = 1610614798.
02-04 16:29:40.708  7335 23066 I AudioManager: In isBluetoothScoOn(), calling application: com.ss.android.ugc.trill
02-04 16:29:44.186 14045 22364 I AlarmManager: setExactAndAllowWhileIdle [name: GCM_HB_ALARM type: 2 triggerAtMillis: 330239336]
02-04 16:29:44.202 14045 23072 I AlarmManager: setExactAndAllowWhileIdle [name: FcmRetry type: 2 triggerAtMillis: 329699351]
02-04 16:29:44.212 14045 14045 W GCM     : broadcast intent callback: result=CANCELLED forIntent { act=com.google.android.c2dm.intent.RECEIVE flg=0x10000000 pkg=com.facebook.orca (has extras) }
02-04 16:29:44.223 15479 26415 E msgr.msys: E[N mccw.liger]onReadError(732)=>read/error - ex: AsyncSocketException: recv() failed (peer=*************:5222), type = Internal error, errno = 103 (Software caused connection abort), errno: 103
02-04 16:29:44.223 15479 26392 E msgr.msys: E[N MQTT]readErr(151)=>TCPStreamTransport readErr
02-04 16:29:44.225 15479 15479 E InternalIntentScope: Access denied. com.facebook.orca cannot receive broadcasts from null
02-04 16:29:44.225 15479 15479 E InternalIntentScope: java.lang.SecurityException: Access denied. com.facebook.orca cannot receive broadcasts from null
02-04 16:29:44.225 15479 15479 E InternalIntentScope: 	at X.0AH.A0C(:68)
02-04 16:29:44.225 15479 15479 E InternalIntentScope: 	at X.0tw.onReceive(:82)
02-04 16:29:44.225 15479 15479 E InternalIntentScope: 	at X.0tx.onReceive(:50)
02-04 16:29:44.225 15479 15479 E InternalIntentScope: 	at android.app.LoadedApk$ReceiverDispatcher$Args.lambda$getRunnable$0(LoadedApk.java:1902)
02-04 16:29:44.225 15479 15479 E InternalIntentScope: 	at android.app.LoadedApk$ReceiverDispatcher$Args.$r8$lambda$mcNAAl1SQ4MyJPyDg8TJ2x2h0Rk(Unknown Source:0)
02-04 16:29:44.225 15479 15479 E InternalIntentScope: 	at android.app.LoadedApk$ReceiverDispatcher$Args$$ExternalSyntheticLambda0.run(D8$$SyntheticClass:0)
02-04 16:29:44.225 15479 15479 E InternalIntentScope: 	at android.os.Handler.handleCallback(Handler.java:1014)
02-04 16:29:44.225 15479 15479 E InternalIntentScope: 	at android.os.Handler.dispatchMessage(Handler.java:102)
02-04 16:29:44.225 15479 15479 E InternalIntentScope: 	at android.os.Looper.loopOnce(Looper.java:250)
02-04 16:29:44.225 15479 15479 E InternalIntentScope: 	at android.os.Looper.loop(Looper.java:340)
02-04 16:29:44.225 15479 15479 E InternalIntentScope: 	at android.app.ActivityThread.main(ActivityThread.java:9911)
02-04 16:29:44.225 15479 15479 E InternalIntentScope: 	at java.lang.reflect.Method.invoke(Native Method)
02-04 16:29:44.225 15479 15479 E InternalIntentScope: 	at com.android.internal.os.RuntimeInit$MethodAndArgsCaller.run(RuntimeInit.java:625)
02-04 16:29:44.225 15479 15479 E InternalIntentScope: 	at com.android.internal.os.ZygoteInit.main(ZygoteInit.java:957)
02-04 16:29:44.225 15479 26387 E msgr.msys: E[N WA]_WCCXMPPStreamDisconnectHandler(335)=>xmpp/disconnect - WCIStreamStateErrorCode: 2, domain: WCIStreamState, subdomain: MCCWLigerStream: Error Domain=WCIStreamState Code=2 UserInfo=0x2440104880 {MCFErrorDirectUnderlyingErrorKey=0xb4000079e0170550 "Error Domain=MCCWLigerStream Code=2 UserInfo=0x2440107fc0 {MCFErrorDirectLocalizedFailureReasonKey=AsyncSocketException: recv() failed (peer=*************:5222), type = Internal error, errno = 103 (Software caused connection abort)}"}
02-04 16:29:44.225 15479 26392 E msgr.msys: E[N MQTT]onReadError(657)=>Read Error: AsyncSocketException: recv() failed (peer=**************:443), type = Internal error, errno = 103 (Software caused connection abort)
02-04 16:29:44.226 15479 26387 E msgr.msys: E[N WCCConnectionMEM]_WCCConnectionMEMLifecycleEventHandler(2168)=>[INFO] connection/xmpp/lifecycle_event/not-connected, [56.9880s]
02-04 16:29:44.227 15479 26387 E msgr.msys: E[N WA]_WCCXMPPStreamDoDisconnect(1223)=>xmpp/disconnect - flags: 256
02-04 16:29:44.227 15479 26387 E msgr.msys: E[N WCCConnectionMEM]_WCCConnectionMEMDisconnectHandler(2279)=>connection/disconnected, peer reset
02-04 16:29:44.228 15479 26387 E msgr.msys: E[N WCCConnectionMEM]_WCCConnectionMEMEmitStateChange(3167)=>[INFO] connection/new_state/not-connected [connection_id=350161943, wcc_source=1, wcc_reason=18]
02-04 16:29:44.228 15479 15479 W msgr.AppComponentFactory: Instantiating BroadcastReceiver
02-04 16:29:44.230 15479 26387 E msgr.msys: E[C MEMConnectionManager]_MEMConnectionManagerStateChangeHandler(584)=>[Critical] MEMConnectionState updated to ID: 0 with connectionId: 350161943
02-04 16:29:44.231 15479 26387 E msgr.msys: E[C 1]MCCLogErrorWithTraceOrQPL(281)=>8/374/3970/65536
02-04 16:29:44.234 15479 26387 E msgr.msys: E[C 1]MCCLogErrorWithTraceOrQPL(281)=>8/374/3972/18
02-04 16:29:44.235 15479 26387 E msgr.msys: E[C mem.context]_LogConnectFailure(4893)=>Establishing connection failure reason and flags: disconnect/Doze/0/reason/18/flags/65536/[-, -, -, -, -, -, -, -, -, peer_reset, -, -, -, -]
02-04 16:29:44.236 15479 26387 E msgr.msys: E[C mem.context]_LogConnectFailure(4925)=>[Happy Eyeball] Connect failed with source=1, winner stream ip=*************, port=5222, dnsResolutionMethod=1, combined_ip_addresses=*************
02-04 16:29:44.249 15479 15479 E msgr.SlowAppComponent: 0ms: FirebaseInstanceIdReceiver instantiating…
02-04 16:29:44.250 15479 15479 E msgr.SlowAppComponent: Main thread was blocked for 23ms in the background starting with FirebaseInstanceIdReceiver
02-04 16:29:44.268 15479 26387 E msgr.msys: E[N WCCConnectionMEM]_WCCConnectionMEMEmitStateChange(3167)=>[INFO] connection/new_state/connecting [connection_id=350161944, wcc_source=1, wcc_reason=18]
02-04 16:29:44.269 15479 26387 E msgr.msys: E[C MEMConnectionManager]_MEMConnectionManagerStateChangeHandler(584)=>[Critical] MEMConnectionState updated to ID: 1 with connectionId: 350161944
02-04 16:29:44.291 15479 26387 E msgr.msys: E[N WCCConnectionMEM]_WCCConnectionMEMDoConnectWithAuthKeys(1552)=>[INFO] connection/connect/start/[host=chat-e2ee.facebook.com port=5222]/[*************:5222]/socketAddressCount=1
02-04 16:29:44.292 15479 26387 E msgr.msys: E[N WCCConnectionMEM]_WCCConnectionMEMLifecycleEventHandler(2160)=>[INFO] connection/xmpp/lifecycle_event/will-connect
02-04 16:29:44.293 15479 26387 E msgr.msys: E[A WA]WCCHandshakeCreate(178)=>handshake/create, pq mode:0
02-04 16:29:44.307 15479 26405 E msgr.msys: E[C mem.context]_LogNetworkStateUpdate(7669)=>[Critical] network_state/prev/1/new/1/source/0
02-04 16:29:44.308 15479 26405 E msgr.msys: E[C MEMConnectionManager]_NetworkConnectedConnectionEventHandler(1430)=>[Debug] Start _NetworkConnectedConnectionEventHandler.
02-04 16:29:44.311 15479 26405 E msgr.msys: E[C MEMConnectionManager]_NetworkConnectedConnectionEventHandler(1440)=>[Debug] End _NetworkConnectedConnectionEventHandler.
02-04 16:29:44.317 15479 26387 E msgr.msys: E[N WCCConnectionMEM]_WCCConnectionMEMLifecycleEventHandler(2168)=>[INFO] connection/xmpp/lifecycle_event/did-connect, [0.0235s]
02-04 16:29:44.327 15479 26387 E msgr.msys: E[N WCCConnectionMEM]_WCCConnectionMEMLifecycleEventHandler(2168)=>[INFO] connection/xmpp/lifecycle_event/did-send-initial-payload, [0.0098s]
02-04 16:29:44.345 15479 23079 D SQLiteQueryBuilder: SELECT thread_key, msg_id, text, is_not_forwardable, sender, timestamp_ms, timestamp_sent_ms, msg_type, affected_users, attachments, shares, sticker_id, sticker_size, offline_threading_id, source, channel_source, is_non_authoritative, pending_send_media_attachment, sent_share_attachment, client_tags, extensible_message_data, send_error, send_error_message, send_error_detail, send_error_original_exception, send_error_number, send_error_timestamp_ms, send_error_error_url, send_channel, publicity, copy_message_id, send_queue_type, payment_transaction, payment_request, has_unavailable_attachment, app_attribution, content_app_attribution, tree_xma, admin_text_type, admin_text_theme_color, admin_text_should_show_theme_icon, admin_text_gradient_colors, admin_text_thread_icon_emoji, admin_text_nickname, admin_text_target_id, admin_text_thread_message_lifetime, message_lifetime, admin_text_thread_rtc_event, admin_text_thread_rtc_server_info_data, admin_text_thread_rtc_is_video_call, is_sponsored, unsent_timestamp_ms, unsendability_status, admin_text_thread_ad_properties, admin_text_game_score_data, commerce_message_type, admin_text_joinable_event_type, metadata_at_text_ranges, platform_metadata, admin_text_is_joinable_promo, montage_reply_message_id, montage_reply_action, montage_reply_message_media_type, montage_reply_story_media_type, montage_reply_story_name, montage_reply_story_type, montage_story_type, generic_admin_message_extensible_data, reactions, profile_ranges, tree_message_replied_to_data, message_replied_to_id, message_replied_to_status, montage_attribution, montage_metadata, work_bot_should_show_get_started_cta, snippet, genie_original_sender, ad_client_token, powerup_type, magic_word_ranges, admin_text_notification_messages_token_ent_id, admin_text_notification_messages_user_action_type, pinned_message_metadata, forward_score, admin_text_cta_text, admin_text_game_bot_message_management_user_action, is_takedown, admin_text_custom_update_mute_management_game_id, admin_text_custom_update_mute_management_user_action FROM (SELECT m._ROWID_ AS _id, m.thread_key AS thread_key, m.msg_id AS msg_id, m.text AS text, m.is_not_forwardable AS is_not_forwardable, m.sender AS sender, m.timestamp_ms AS timestamp_ms, m.timestamp_sent_ms AS timestamp_sent_ms, m.msg_type AS msg_type, m.affected_users AS affected_users, m.attachments AS attachments, m.shares AS shares, m.sticker_id AS sticker_id, m.sticker_size AS sticker_size, m.offline_threading_id AS offline_threading_id, m.source AS source, m.channel_source AS channel_source, m.is_non_authoritative AS is_non_authoritative, m.pending_send_media_attachment AS pending_send_media_attachment, m.sent_share_attachment AS sent_share_attachment, m.client_tags AS client_tags, m.extensible_message_data AS extensible_message_data, m.send_error AS send_error, m.send_error_message AS send_error_message, m.send_error_detail AS send_error_detail, m.send_error_original_exception AS send_error_original_exception, m.send_error_number AS send_error_number, m.send_error_timestamp_ms AS send_error_timestamp_ms, m.send_error_error_url AS send_error_error_url, m.send_channel AS send_channel, m.publicity AS publicity, m.copy_message_id AS copy_message_id, m.send_queue_type AS send_queue_type, m.payment_transaction AS payment_transaction, m.payment_request AS payment_request, m.has_unavailable_attachment AS has_unavailable_attachment, m.app_attribution AS app_attribution, m.content_app_attribution AS content_app_attribution, m.tree_xma AS tree_xma, m.admin_text_type AS admin_text_type, m.admin_text_theme_color AS admin_text_theme_color, m.admin_text_should_show_theme_icon AS admin_text_should_show_theme_icon, m.admin_text_gradient_colors AS admin_text_gradient_colors, m.admin_text_thread_icon_emoji AS admin_text_thread_icon_emoji, m.admin_text_nickname AS admin_text_nickname, m.admin_text_target_id AS admin_text_target_id, m.admin_text_thread_message_lifetime AS admin_text_thread_message_lifetime, m.message_lifetime AS message_lifetime, m.admin_text_thread_rt
02-04 16:29:44.363 15479 15479 W msgr.AppComponentFactory: Instantiating Service
02-04 16:29:44.389 15479 15479 W msgr.InitStatus: Not blocking Service (113223054)
02-04 16:29:44.432 15479 15479 W msgr.AppComponentFactory: Instantiating Service
02-04 16:29:44.499 15479 26403 E msgr.msys: E[D db_vacuum_logging]MCISQLiteLogDatabaseErrorWithFormat(70)=>Failed to get database connection or file url.: (0)(0) not an error
02-04 16:29:44.521 15479 26387 E msgr.msys: E[N WCCConnectionMEM]_WCCConnectionMEMLifecycleEventHandler(2168)=>[INFO] connection/xmpp/lifecycle_event/will-handshake, [0.1931s]
02-04 16:29:44.524 15479 26387 E msgr.msys: E[N WCCConnectionMEM]_WCCConnectionMEMLifecycleEventHandler(2168)=>[INFO] connection/xmpp/lifecycle_event/did-handshake, [0.0028s]
02-04 16:29:44.531 15479 26387 E msgr.msys: E[N WCCConnectionMEM]_WCCConnectionMEMReceiveHandler(2340)=>[INFO] connection/receive/login-success
02-04 16:29:44.533 15479 26387 E msgr.msys: E[N WCCConnectionMEM]_WCCConnectionMEMEmitStateChange(3167)=>[INFO] connection/new_state/connected [connection_id=350161944, wcc_source=1, wcc_reason=18]
02-04 16:29:44.534 15479 26387 E msgr.msys: E[C MEMConnectionManager]_MEMConnectionManagerStateChangeHandler(584)=>[Critical] MEMConnectionState updated to ID: 2 with connectionId: 350161944
02-04 16:29:44.537 15479 26386 E msgr.ZeroChatDHostController: Trying to add the same listener twice. This must be a bug.
02-04 16:29:44.537 15479 26405 E msgr.msys: E[C mem.context]_ZeroRatingStateChangedOnExecutionContext(8395)=>[INFO] ZeroRatingStateChange: notify wa-msys with [host: chat-e2ee.facebook.com, ipv4 fallback IPs are not set, ipv6 fallback IPs are not set]
02-04 16:29:44.729 15479  5579 W Notification: Bubbles work best with icons of TYPE_URI or TYPE_URI_ADAPTIVE_BITMAP. In the future, using an icon of this type will be required.
02-04 16:29:44.733 15479 26386 W msgr.AdvancedCryptoTransportNotificationServiceLauncher: Ignore service stop. Service not started.
02-04 16:29:44.764 15479  5579 W Settings: Setting notification_bubbles has moved from android.provider.Settings.Global to android.provider.Settings.Secure, returning read-only value.
02-04 16:29:44.766 15479 15479 W msgr.AppComponentFactory: Instantiating Service
02-04 16:29:44.768  5255  5255 I AiAiTextClassifier: onDestroyTextClassificationSession = TextClassificationSessionId {d7af81a6-725c-4f9f-926e-66460ed85a78}
02-04 16:29:44.772  5255  5255 I AiAiTextClassifier: onCreateTextClassificationSession = TextClassificationSessionId {2c3d667d-0e1d-4c9a-9ac2-b007772ab925}
02-04 16:29:44.776  5255  5255 I AiAiTextClassifier: AiaiTextClassifierService.onSuggestConversationActions
02-04 16:29:49.401 15479 26374 E FamilyIntentScope: Access denied. Process 10353(com.facebook.orca) cannot receive broadcasts from -1(null)the event is: WakingExecutorService.ACTION_ALARM.com.facebook.orca.Mqtt_Wakeup
02-04 16:29:49.401 15479 26374 E FamilyIntentScope: java.lang.SecurityException: Access denied. Process 10353(com.facebook.orca) cannot receive broadcasts from -1(null)the event is: WakingExecutorService.ACTION_ALARM.com.facebook.orca.Mqtt_Wakeup
02-04 16:29:49.401 15479 26374 E FamilyIntentScope: 	at X.001.A0b(:2)
02-04 16:29:49.401 15479 26374 E FamilyIntentScope: 	at X.0wW.A0C(:92)
02-04 16:29:49.401 15479 26374 E FamilyIntentScope: 	at X.0tw.onReceive(:82)
02-04 16:29:49.401 15479 26374 E FamilyIntentScope: 	at X.0tx.onReceive(:50)
02-04 16:29:49.401 15479 26374 E FamilyIntentScope: 	at android.app.LoadedApk$ReceiverDispatcher$Args.lambda$getRunnable$0(LoadedApk.java:1902)
02-04 16:29:49.401 15479 26374 E FamilyIntentScope: 	at android.app.LoadedApk$ReceiverDispatcher$Args.$r8$lambda$mcNAAl1SQ4MyJPyDg8TJ2x2h0Rk(Unknown Source:0)
02-04 16:29:49.401 15479 26374 E FamilyIntentScope: 	at android.app.LoadedApk$ReceiverDispatcher$Args$$ExternalSyntheticLambda0.run(D8$$SyntheticClass:0)
02-04 16:29:49.401 15479 26374 E FamilyIntentScope: 	at android.os.Handler.handleCallback(Handler.java:1014)
02-04 16:29:49.401 15479 26374 E FamilyIntentScope: 	at android.os.Handler.dispatchMessage(Handler.java:102)
02-04 16:29:49.401 15479 26374 E FamilyIntentScope: 	at android.os.Looper.loopOnce(Looper.java:250)
02-04 16:29:49.401 15479 26374 E FamilyIntentScope: 	at android.os.Looper.loop(Looper.java:340)
02-04 16:29:49.401 15479 26374 E FamilyIntentScope: 	at android.os.HandlerThread.run(HandlerThread.java:107)
02-04 16:29:49.401 15479 26374 E FamilyIntentScope: 	at X.19o.run(Unknown Source:0)
02-04 16:29:54.969 14045 22364 I AlarmManager: setExactAndAllowWhileIdle [name: GCM_HB_ALARM type: 2 triggerAtMillis: 330250120]
02-04 16:29:54.986 14045 23077 I AlarmManager: setExactAndAllowWhileIdle [name: FcmRetry type: 2 triggerAtMillis: 329710135]
02-04 16:29:54.991 14045 23072 I AlarmManager: setExactAndAllowWhileIdle [name: GCM_HB_ALARM type: 2 triggerAtMillis: 330250141]
02-04 16:29:54.992 14045 14045 W GCM     : broadcast intent callback: result=CANCELLED forIntent { act=com.google.android.c2dm.intent.RECEIVE flg=0x10000000 pkg=com.facebook.orca (has extras) }
02-04 16:29:55.013 15479 15479 W msgr.AppComponentFactory: Instantiating BroadcastReceiver
02-04 16:29:55.018 15479 26392 E msgr.msys: E[N MQTT]readErr(151)=>TCPStreamTransport readErr
02-04 16:29:55.020 15479 26415 E msgr.msys: E[N mccw.liger]onReadError(732)=>read/error - ex: AsyncSocketException: recv() failed (peer=*************:5222), type = Internal error, errno = 103 (Software caused connection abort), errno: 103
02-04 16:29:55.021 15479 26392 E msgr.msys: E[N MQTT]onReadError(657)=>Read Error: AsyncSocketException: recv() failed (peer=**************:443), type = Internal error, errno = 103 (Software caused connection abort)
02-04 16:29:55.023 15479 26387 E msgr.msys: E[N WA]_WCCXMPPStreamDisconnectHandler(335)=>xmpp/disconnect - WCIStreamStateErrorCode: 2, domain: WCIStreamState, subdomain: MCCWLigerStream: Error Domain=WCIStreamState Code=2 UserInfo=0x2440104880 {MCFErrorDirectUnderlyingErrorKey=0xb4000079e02ccbd0 "Error Domain=MCCWLigerStream Code=2 UserInfo=0x2440107fc0 {MCFErrorDirectLocalizedFailureReasonKey=AsyncSocketException: recv() failed (peer=*************:5222), type = Internal error, errno = 103 (Software caused connection abort)}"}
02-04 16:29:55.023 15479 26387 E msgr.msys: E[N WCCConnectionMEM]_WCCConnectionMEMLifecycleEventHandler(2168)=>[INFO] connection/xmpp/lifecycle_event/not-connected, [10.4984s]
02-04 16:29:55.024 15479 26387 E msgr.msys: E[N WA]_WCCXMPPStreamDoDisconnect(1223)=>xmpp/disconnect - flags: 256
02-04 16:29:55.025 15479 26387 E msgr.msys: E[N WCCConnectionMEM]_WCCConnectionMEMDisconnectHandler(2279)=>connection/disconnected, peer reset
02-04 16:29:55.025 15479 26387 E msgr.msys: E[N WCCConnectionMEM]_WCCConnectionMEMEmitStateChange(3167)=>[INFO] connection/new_state/not-connected [connection_id=350161944, wcc_source=1, wcc_reason=18]
02-04 16:29:55.028 15479 26387 E msgr.msys: E[C MEMConnectionManager]_MEMConnectionManagerStateChangeHandler(584)=>[Critical] MEMConnectionState updated to ID: 0 with connectionId: 350161944
02-04 16:29:55.034 15479 26387 E msgr.msys: E[C 1]MCCLogErrorWithTraceOrQPL(281)=>8/374/3970/65536
02-04 16:29:55.036 15479 26387 E msgr.msys: E[C 1]MCCLogErrorWithTraceOrQPL(281)=>8/374/3972/18
02-04 16:29:55.038 15479 26387 E msgr.msys: E[C mem.context]_LogConnectFailure(4893)=>Establishing connection failure reason and flags: disconnect/Doze/0/reason/18/flags/65536/[-, -, -, -, -, -, -, -, -, peer_reset, -, -, -, -]
02-04 16:29:55.042 15479 26387 E msgr.msys: E[C mem.context]_LogConnectFailure(4925)=>[Happy Eyeball] Connect failed with source=1, winner stream ip=*************, port=5222, dnsResolutionMethod=1, combined_ip_addresses=*************
02-04 16:29:55.080 15479 15479 W msgr.InitStatus: Not blocking Service (113223054)
02-04 16:29:55.083 15479 23079 D SQLiteQueryBuilder: SELECT thread_key, msg_id, text, is_not_forwardable, sender, timestamp_ms, timestamp_sent_ms, msg_type, affected_users, attachments, shares, sticker_id, sticker_size, offline_threading_id, source, channel_source, is_non_authoritative, pending_send_media_attachment, sent_share_attachment, client_tags, extensible_message_data, send_error, send_error_message, send_error_detail, send_error_original_exception, send_error_number, send_error_timestamp_ms, send_error_error_url, send_channel, publicity, copy_message_id, send_queue_type, payment_transaction, payment_request, has_unavailable_attachment, app_attribution, content_app_attribution, tree_xma, admin_text_type, admin_text_theme_color, admin_text_should_show_theme_icon, admin_text_gradient_colors, admin_text_thread_icon_emoji, admin_text_nickname, admin_text_target_id, admin_text_thread_message_lifetime, message_lifetime, admin_text_thread_rtc_event, admin_text_thread_rtc_server_info_data, admin_text_thread_rtc_is_video_call, is_sponsored, unsent_timestamp_ms, unsendability_status, admin_text_thread_ad_properties, admin_text_game_score_data, commerce_message_type, admin_text_joinable_event_type, metadata_at_text_ranges, platform_metadata, admin_text_is_joinable_promo, montage_reply_message_id, montage_reply_action, montage_reply_message_media_type, montage_reply_story_media_type, montage_reply_story_name, montage_reply_story_type, montage_story_type, generic_admin_message_extensible_data, reactions, profile_ranges, tree_message_replied_to_data, message_replied_to_id, message_replied_to_status, montage_attribution, montage_metadata, work_bot_should_show_get_started_cta, snippet, genie_original_sender, ad_client_token, powerup_type, magic_word_ranges, admin_text_notification_messages_token_ent_id, admin_text_notification_messages_user_action_type, pinned_message_metadata, forward_score, admin_text_cta_text, admin_text_game_bot_message_management_user_action, is_takedown, admin_text_custom_update_mute_management_game_id, admin_text_custom_update_mute_management_user_action FROM (SELECT m._ROWID_ AS _id, m.thread_key AS thread_key, m.msg_id AS msg_id, m.text AS text, m.is_not_forwardable AS is_not_forwardable, m.sender AS sender, m.timestamp_ms AS timestamp_ms, m.timestamp_sent_ms AS timestamp_sent_ms, m.msg_type AS msg_type, m.affected_users AS affected_users, m.attachments AS attachments, m.shares AS shares, m.sticker_id AS sticker_id, m.sticker_size AS sticker_size, m.offline_threading_id AS offline_threading_id, m.source AS source, m.channel_source AS channel_source, m.is_non_authoritative AS is_non_authoritative, m.pending_send_media_attachment AS pending_send_media_attachment, m.sent_share_attachment AS sent_share_attachment, m.client_tags AS client_tags, m.extensible_message_data AS extensible_message_data, m.send_error AS send_error, m.send_error_message AS send_error_message, m.send_error_detail AS send_error_detail, m.send_error_original_exception AS send_error_original_exception, m.send_error_number AS send_error_number, m.send_error_timestamp_ms AS send_error_timestamp_ms, m.send_error_error_url AS send_error_error_url, m.send_channel AS send_channel, m.publicity AS publicity, m.copy_message_id AS copy_message_id, m.send_queue_type AS send_queue_type, m.payment_transaction AS payment_transaction, m.payment_request AS payment_request, m.has_unavailable_attachment AS has_unavailable_attachment, m.app_attribution AS app_attribution, m.content_app_attribution AS content_app_attribution, m.tree_xma AS tree_xma, m.admin_text_type AS admin_text_type, m.admin_text_theme_color AS admin_text_theme_color, m.admin_text_should_show_theme_icon AS admin_text_should_show_theme_icon, m.admin_text_gradient_colors AS admin_text_gradient_colors, m.admin_text_thread_icon_emoji AS admin_text_thread_icon_emoji, m.admin_text_nickname AS admin_text_nickname, m.admin_text_target_id AS admin_text_target_id, m.admin_text_thread_message_lifetime AS admin_text_thread_message_lifetime, m.message_lifetime AS message_lifetime, m.admin_text_thread_rt
02-04 16:29:55.092 15479 26387 E msgr.msys: E[N WCCConnectionMEM]_WCCConnectionMEMEmitStateChange(3167)=>[INFO] connection/new_state/connecting [connection_id=350161945, wcc_source=1, wcc_reason=18]
02-04 16:29:55.092 15479 26387 E msgr.msys: E[C MEMConnectionManager]_MEMConnectionManagerStateChangeHandler(584)=>[Critical] MEMConnectionState updated to ID: 1 with connectionId: 350161945
02-04 16:29:55.101 15479 15479 W msgr.AppComponentFactory: Instantiating Service
02-04 16:29:55.114 15479 26387 E msgr.msys: E[N WCCConnectionMEM]_WCCConnectionMEMDoConnectWithAuthKeys(1552)=>[INFO] connection/connect/start/[host=chat-e2ee.facebook.com port=5222]/[*************:5222]/socketAddressCount=1
02-04 16:29:55.117 15479 26387 E msgr.msys: E[N WCCConnectionMEM]_WCCConnectionMEMLifecycleEventHandler(2160)=>[INFO] connection/xmpp/lifecycle_event/will-connect
02-04 16:29:55.118 15479 26387 E msgr.msys: E[A WA]WCCHandshakeCreate(178)=>handshake/create, pq mode:0
02-04 16:29:55.133 15479 26405 E msgr.msys: E[C mem.context]_LogNetworkStateUpdate(7669)=>[Critical] network_state/prev/1/new/1/source/0
02-04 16:29:55.135 15479 26405 E msgr.msys: E[C MEMConnectionManager]_NetworkConnectedConnectionEventHandler(1430)=>[Debug] Start _NetworkConnectedConnectionEventHandler.
02-04 16:29:55.138 15479 26405 E msgr.msys: E[C MEMConnectionManager]_NetworkConnectedConnectionEventHandler(1440)=>[Debug] End _NetworkConnectedConnectionEventHandler.
02-04 16:29:55.148 15479 26387 E msgr.msys: E[N WCCConnectionMEM]_WCCConnectionMEMLifecycleEventHandler(2168)=>[INFO] connection/xmpp/lifecycle_event/did-connect, [0.0300s]
02-04 16:29:55.159 15479 26387 E msgr.msys: E[N WCCConnectionMEM]_WCCConnectionMEMLifecycleEventHandler(2168)=>[INFO] connection/xmpp/lifecycle_event/did-send-initial-payload, [0.0105s]
02-04 16:29:55.179 15479 15479 W msgr.AppComponentFactory: Instantiating Service
02-04 16:29:55.361 15479 26387 E msgr.msys: E[N WCCConnectionMEM]_WCCConnectionMEMLifecycleEventHandler(2168)=>[INFO] connection/xmpp/lifecycle_event/will-handshake, [0.2007s]
02-04 16:29:55.365 15479 26387 E msgr.msys: E[N WCCConnectionMEM]_WCCConnectionMEMLifecycleEventHandler(2168)=>[INFO] connection/xmpp/lifecycle_event/did-handshake, [0.0034s]
02-04 16:29:55.367 15479 26387 E msgr.msys: E[N WCCConnectionMEM]_WCCConnectionMEMReceiveHandler(2340)=>[INFO] connection/receive/login-success
02-04 16:29:55.369 15479 26387 E msgr.msys: E[N WCCConnectionMEM]_WCCConnectionMEMEmitStateChange(3167)=>[INFO] connection/new_state/connected [connection_id=350161945, wcc_source=1, wcc_reason=18]
02-04 16:29:55.369 15479 26387 E msgr.msys: E[C MEMConnectionManager]_MEMConnectionManagerStateChangeHandler(584)=>[Critical] MEMConnectionState updated to ID: 2 with connectionId: 350161945
02-04 16:29:55.373 15479 26386 E msgr.ZeroChatDHostController: Trying to add the same listener twice. This must be a bug.
02-04 16:29:55.375 15479 26405 E msgr.msys: E[C mem.context]_ZeroRatingStateChangedOnExecutionContext(8395)=>[INFO] ZeroRatingStateChange: notify wa-msys with [host: chat-e2ee.facebook.com, ipv4 fallback IPs are not set, ipv6 fallback IPs are not set]
02-04 16:29:55.383 15479  5580 W Notification: Bubbles work best with icons of TYPE_URI or TYPE_URI_ADAPTIVE_BITMAP. In the future, using an icon of this type will be required.
02-04 16:29:55.421 15479 15479 W msgr.AppComponentFactory: Instantiating Service
02-04 16:29:55.423  5255  5255 I AiAiTextClassifier: onDestroyTextClassificationSession = TextClassificationSessionId {2c3d667d-0e1d-4c9a-9ac2-b007772ab925}
02-04 16:29:55.425 15479  5580 W Settings: Setting notification_bubbles has moved from android.provider.Settings.Global to android.provider.Settings.Secure, returning read-only value.
02-04 16:29:55.426  5255  5255 I AiAiTextClassifier: onCreateTextClassificationSession = TextClassificationSessionId {d4206ac6-cf16-4cec-a7ab-de0d573324d0}
02-04 16:29:55.429  5255  5255 I AiAiTextClassifier: AiaiTextClassifierService.onSuggestConversationActions
02-04 16:29:55.586 15479 26386 W msgr.AdvancedCryptoTransportNotificationServiceLauncher: Ignore service stop. Service not started.
