02-04 18:15:26.480 14045 31540 I NullBinder: NullBinder for android.net.action.RECOMMEND_NETWORKS triggering remote TransactionTooLargeException due to Service without Chimera impl, calling uid: 1000, calling pid: 0
02-04 18:15:26.480 14045 31540 W .gms.persistent: Large reply transaction of 1056768 bytes, interface descriptor , code 1
02-04 18:15:32.552 14045 31540 I NullBinder: NullBinder for android.net.action.RECOMMEND_NETWORKS triggering remote TransactionTooLargeException due to Service without Chimera impl, calling uid: 1000, calling pid: 0
02-04 18:15:32.552 14045 31540 W .gms.persistent: Large reply transaction of 1056768 bytes, interface descriptor , code 1
02-04 18:15:32.563 14045 31540 I NullBinder: NullBinder for android.net.action.RECOMMEND_NETWORKS triggering remote TransactionTooLargeException due to Service without Chimera impl, calling uid: 1000, calling pid: 0
02-04 18:15:32.563 14045 31540 W .gms.persistent: Large reply transaction of 1056768 bytes, interface descriptor , code 1
02-04 18:15:32.567 14045 31540 I NullBinder: NullBinder for android.net.action.RECOMMEND_NETWORKS triggering remote TransactionTooLargeException due to Service without Chimera impl, calling uid: 1000, calling pid: 0
02-04 18:15:32.568 14045 31540 W .gms.persistent: Large reply transaction of 1056768 bytes, interface descriptor , code 1
02-04 18:15:35.577 14045 31540 I NullBinder: NullBinder for android.net.action.RECOMMEND_NETWORKS triggering remote TransactionTooLargeException due to Service without Chimera impl, calling uid: 1000, calling pid: 0
02-04 18:15:35.577 14045 31540 W .gms.persistent: Large reply transaction of 1056768 bytes, interface descriptor , code 1
02-04 18:15:35.582 14045 31540 I NullBinder: NullBinder for android.net.action.RECOMMEND_NETWORKS triggering remote TransactionTooLargeException due to Service without Chimera impl, calling uid: 1000, calling pid: 0
02-04 18:15:35.582 14045 31540 W .gms.persistent: Large reply transaction of 1056768 bytes, interface descriptor , code 1
02-04 18:15:35.587 14045 31540 I NullBinder: NullBinder for android.net.action.RECOMMEND_NETWORKS triggering remote TransactionTooLargeException due to Service without Chimera impl, calling uid: 1000, calling pid: 0
02-04 18:15:35.587 14045 31540 W .gms.persistent: Large reply transaction of 1056768 bytes, interface descriptor , code 1
02-04 18:15:37.907 25485 25506 I native  : I0000 00:00:1770200137.907031   25506 soda_impl.cc:1921] Adding hotword timeout event
02-04 18:15:37.909 25485 25519 W ProxyAndroidLoggerBackend: Too many Flogger logs received before configuration. Dropping old logs.
02-04 18:15:37.909 25485 25519 W ProxyAndroidLoggerBackend: Too many Flogger logs received before configuration. Dropping old logs.
02-04 18:15:37.910 25485 25519 W ProxyAndroidLoggerBackend: Too many Flogger logs received before configuration. Dropping old logs.
02-04 18:15:38.621 14045 31540 I NullBinder: NullBinder for android.net.action.RECOMMEND_NETWORKS triggering remote TransactionTooLargeException due to Service without Chimera impl, calling uid: 1000, calling pid: 0
02-04 18:15:38.621 14045 31540 W .gms.persistent: Large reply transaction of 1056768 bytes, interface descriptor , code 1
02-04 18:15:38.628 14045 31540 I NullBinder: NullBinder for android.net.action.RECOMMEND_NETWORKS triggering remote TransactionTooLargeException due to Service without Chimera impl, calling uid: 1000, calling pid: 0
02-04 18:15:38.629 14045 31540 W .gms.persistent: Large reply transaction of 1056768 bytes, interface descriptor , code 1
02-04 18:15:38.634 14045 31540 I NullBinder: NullBinder for android.net.action.RECOMMEND_NETWORKS triggering remote TransactionTooLargeException due to Service without Chimera impl, calling uid: 1000, calling pid: 0
02-04 18:15:38.634 14045 31540 W .gms.persistent: Large reply transaction of 1056768 bytes, interface descriptor , code 1
02-04 18:15:41.649 14045 31540 I NullBinder: NullBinder for android.net.action.RECOMMEND_NETWORKS triggering remote TransactionTooLargeException due to Service without Chimera impl, calling uid: 1000, calling pid: 0
02-04 18:15:41.649 14045 31540 W .gms.persistent: Large reply transaction of 1056768 bytes, interface descriptor , code 1
02-04 18:15:41.664 14045 23008 I NullBinder: NullBinder for android.net.action.RECOMMEND_NETWORKS triggering remote TransactionTooLargeException due to Service without Chimera impl, calling uid: 1000, calling pid: 0
02-04 18:15:41.664 14045 23008 W .gms.persistent: Large reply transaction of 1056768 bytes, interface descriptor , code 1
02-04 18:15:41.669 14045 23008 I NullBinder: NullBinder for android.net.action.RECOMMEND_NETWORKS triggering remote TransactionTooLargeException due to Service without Chimera impl, calling uid: 1000, calling pid: 0
02-04 18:15:41.669 14045 23008 W .gms.persistent: Large reply transaction of 1056768 bytes, interface descriptor , code 1
02-04 18:15:44.686 14045 23008 I NullBinder: NullBinder for android.net.action.RECOMMEND_NETWORKS triggering remote TransactionTooLargeException due to Service without Chimera impl, calling uid: 1000, calling pid: 0
02-04 18:15:44.686 14045 23008 W .gms.persistent: Large reply transaction of 1056768 bytes, interface descriptor , code 1
02-04 18:15:44.690 14045 23008 I NullBinder: NullBinder for android.net.action.RECOMMEND_NETWORKS triggering remote TransactionTooLargeException due to Service without Chimera impl, calling uid: 1000, calling pid: 0
02-04 18:15:44.691 14045 23008 W .gms.persistent: Large reply transaction of 1056768 bytes, interface descriptor , code 1
02-04 18:15:44.695 14045 23008 I NullBinder: NullBinder for android.net.action.RECOMMEND_NETWORKS triggering remote TransactionTooLargeException due to Service without Chimera impl, calling uid: 1000, calling pid: 0
02-04 18:15:44.695 14045 23008 W .gms.persistent: Large reply transaction of 1056768 bytes, interface descriptor , code 1
02-04 18:15:45.137 16067 16264 I id.gms.unstable: Explicit concurrent copying GC freed 435KB AllocSpace bytes, 0(0B) LOS objects, 36% free, 3539KB/5587KB, paused 174us,133us total 83.885ms
02-04 18:15:47.786 14045 31540 I NullBinder: NullBinder for android.net.action.RECOMMEND_NETWORKS triggering remote TransactionTooLargeException due to Service without Chimera impl, calling uid: 1000, calling pid: 0
02-04 18:15:47.786 14045 31540 W .gms.persistent: Large reply transaction of 1056768 bytes, interface descriptor , code 1
02-04 18:15:47.791 14045 31540 I NullBinder: NullBinder for android.net.action.RECOMMEND_NETWORKS triggering remote TransactionTooLargeException due to Service without Chimera impl, calling uid: 1000, calling pid: 0
02-04 18:15:47.791 14045 31540 W .gms.persistent: Large reply transaction of 1056768 bytes, interface descriptor , code 1
02-04 18:15:47.796 14045 31540 I NullBinder: NullBinder for android.net.action.RECOMMEND_NETWORKS triggering remote TransactionTooLargeException due to Service without Chimera impl, calling uid: 1000, calling pid: 0
02-04 18:15:47.796 14045 31540 W .gms.persistent: Large reply transaction of 1056768 bytes, interface descriptor , code 1
02-04 18:15:49.383 25485 25506 I native  : I0000 00:00:1770200149.383857   25506 soda_async_impl.cc:1411] Current audio timestamp: 1770200149324667
02-04 18:15:49.543 25485 25512 W ProxyAndroidLoggerBackend: Too many Flogger logs received before configuration. Dropping old logs.
02-04 18:15:50.668 13229 16348 E CrashFixLancet: androidx.room.RoomDatabase#beginTransaction
02-04 18:15:50.670 13229 16348 E CrashFixLancet: androidx.room.RoomDatabase#assertNotSuspendingTransaction
02-04 18:15:50.671 13229 16348 E CrashFixLancet: androidx.room.RoomDatabase#assertNotSuspendingTransaction
02-04 18:15:50.672 13229 16348 E CrashFixLancet: androidx.room.RoomDatabase#assertNotSuspendingTransaction
02-04 18:15:50.672 13229 16348 E CrashFixLancet: androidx.room.RoomDatabase#beginTransaction
02-04 18:15:50.673 13229 16348 E CrashFixLancet: androidx.room.RoomDatabase#endTransaction
02-04 18:15:50.677 13229 16348 I WM-WorkerWrapper: Worker result SUCCESS for Work [ id=3253bdd7-dfe6-4f48-89c3-329a73f5b76e, tags={ com.ushareit.ccm.CommandWorker, Cmd } ]
02-04 18:15:50.677 13229 16348 E CrashFixLancet: androidx.room.RoomDatabase#beginTransaction
02-04 18:15:50.677 13229 16348 E CrashFixLancet: androidx.room.RoomDatabase#assertNotSuspendingTransaction
02-04 18:15:50.677 13229 16348 E CrashFixLancet: androidx.room.RoomDatabase#assertNotSuspendingTransaction
02-04 18:15:50.678 13229 16348 E CrashFixLancet: androidx.room.RoomDatabase#beginTransaction
02-04 18:15:50.678 13229 16348 E CrashFixLancet: androidx.room.RoomDatabase#endTransaction
02-04 18:15:50.678 13229 16348 E CrashFixLancet: androidx.room.RoomDatabase#assertNotSuspendingTransaction
02-04 18:15:50.678 13229 16348 E CrashFixLancet: androidx.room.RoomDatabase#beginTransaction
02-04 18:15:50.679 13229 16348 E CrashFixLancet: androidx.room.RoomDatabase#endTransaction
02-04 18:15:50.679 13229 16348 E CrashFixLancet: androidx.room.RoomDatabase#assertNotSuspendingTransaction
02-04 18:15:50.679 13229 16348 E CrashFixLancet: androidx.room.RoomDatabase#assertNotSuspendingTransaction
02-04 18:15:50.681 13229 16348 E CrashFixLancet: androidx.room.RoomDatabase#endTransaction
02-04 18:15:50.682 13229 16348 E CrashFixLancet: androidx.room.RoomDatabase#beginTransaction
02-04 18:15:50.682 13229 16348 E CrashFixLancet: androidx.room.RoomDatabase#assertNotSuspendingTransaction
02-04 18:15:50.682 13229 16348 E CrashFixLancet: androidx.room.RoomDatabase#assertNotSuspendingTransaction
02-04 18:15:50.684 13229 16348 E CrashFixLancet: androidx.room.RoomDatabase#endTransaction
02-04 18:15:50.684 13229 16348 E CrashFixLancet: androidx.room.RoomDatabase#endTransaction
02-04 18:15:50.691 13229 16348 E CrashFixLancet: androidx.room.RoomDatabase#beginTransaction
02-04 18:15:50.691 13229 16348 E CrashFixLancet: androidx.room.RoomDatabase#assertNotSuspendingTransaction
02-04 18:15:50.691 13229 16348 E CrashFixLancet: androidx.room.RoomDatabase#assertNotSuspendingTransaction
02-04 18:15:50.694 13229 16348 E CrashFixLancet: androidx.room.RoomDatabase#assertNotSuspendingTransaction
02-04 18:15:50.694 13229 16348 E CrashFixLancet: androidx.room.RoomDatabase#assertNotSuspendingTransaction
02-04 18:15:50.695 13229 16348 E CrashFixLancet: androidx.room.RoomDatabase#endTransaction
02-04 18:15:50.696 13229 16348 E CrashFixLancet: androidx.room.RoomDatabase#query
02-04 18:15:50.696 13229 16348 E CrashFixLancet: androidx.room.RoomDatabase#assertNotSuspendingTransaction
02-04 18:15:50.696 13229 16348 E CrashFixLancet: androidx.room.RoomDatabase#beginTransaction
02-04 18:15:50.697 13229 16348 E CrashFixLancet: androidx.room.RoomDatabase#assertNotSuspendingTransaction
02-04 18:15:50.697 13229 16348 E CrashFixLancet: androidx.room.RoomDatabase#assertNotSuspendingTransaction
02-04 18:15:50.697 13229 16348 E CrashFixLancet: androidx.room.RoomDatabase#endTransaction
02-04 18:15:50.698 13229 16348 E CrashFixLancet: androidx.room.RoomDatabase#query
02-04 18:15:50.698 13229 16348 E CrashFixLancet: androidx.room.RoomDatabase#assertNotSuspendingTransaction
02-04 18:15:50.749 14045 31540 I NullBinder: NullBinder for android.net.action.RECOMMEND_NETWORKS triggering remote TransactionTooLargeException due to Service without Chimera impl, calling uid: 1000, calling pid: 0
02-04 18:15:50.749 14045 31540 W .gms.persistent: Large reply transaction of 1056768 bytes, interface descriptor , code 1
02-04 18:15:50.769 14045 31540 I NullBinder: NullBinder for android.net.action.RECOMMEND_NETWORKS triggering remote TransactionTooLargeException due to Service without Chimera impl, calling uid: 1000, calling pid: 0
02-04 18:15:50.769 14045 31540 W .gms.persistent: Large reply transaction of 1056768 bytes, interface descriptor , code 1
02-04 18:15:50.775 14045 31540 I NullBinder: NullBinder for android.net.action.RECOMMEND_NETWORKS triggering remote TransactionTooLargeException due to Service without Chimera impl, calling uid: 1000, calling pid: 0
02-04 18:15:50.775 14045 31540 W .gms.persistent: Large reply transaction of 1056768 bytes, interface descriptor , code 1
02-04 18:15:51.315 13229 13238 I vo.anyshare.gps: Background young concurrent copying GC freed 9055KB AllocSpace bytes, 81(3364KB) LOS objects, 45% free, 17MB/32MB, paused 312us,252us total 219.228ms
02-04 18:15:51.319 13229 13238 W vo.anyshare.gps: Reducing the number of considered missed Gc histogram windows from 115 to 100
02-04 18:15:51.654 14045 31973 I CastDatabase: Saving the database
02-04 18:15:51.675 14045 31973 I SQLiteCastStore: [CastNetworkInfo] saved: 0, skipped: 0, [CastDeviceInfo]: saved 0, skipped 0, [ProbedNetworks]: saved 0, skipped: 0, [ProbedSocketAddress]: saved 0, skipped: 0, [Network-Device pairs]: saved: 0
02-04 18:15:53.818 14045 14172 I NullBinder: NullBinder for android.net.action.RECOMMEND_NETWORKS triggering remote TransactionTooLargeException due to Service without Chimera impl, calling uid: 1000, calling pid: 0
02-04 18:15:53.818 14045 14172 W .gms.persistent: Large reply transaction of 1056768 bytes, interface descriptor , code 1
02-04 18:15:53.826 14045 14172 I NullBinder: NullBinder for android.net.action.RECOMMEND_NETWORKS triggering remote TransactionTooLargeException due to Service without Chimera impl, calling uid: 1000, calling pid: 0
02-04 18:15:53.826 14045 14172 W .gms.persistent: Large reply transaction of 1056768 bytes, interface descriptor , code 1
02-04 18:15:53.832 14045 14078 I NullBinder: NullBinder for android.net.action.RECOMMEND_NETWORKS triggering remote TransactionTooLargeException due to Service without Chimera impl, calling uid: 1000, calling pid: 0
02-04 18:15:53.832 14045 14078 W .gms.persistent: Large reply transaction of 1056768 bytes, interface descriptor , code 1
02-04 18:15:54.748 13229 13238 I vo.anyshare.gps: Background concurrent copying GC freed 12MB AllocSpace bytes, 163(6808KB) LOS objects, 49% free, 16MB/32MB, paused 187us,127us total 169.645ms
02-04 18:15:56.866 14045 14078 I NullBinder: NullBinder for android.net.action.RECOMMEND_NETWORKS triggering remote TransactionTooLargeException due to Service without Chimera impl, calling uid: 1000, calling pid: 0
02-04 18:15:56.866 14045 14078 W .gms.persistent: Large reply transaction of 1056768 bytes, interface descriptor , code 1
02-04 18:15:56.872 14045 14078 I NullBinder: NullBinder for android.net.action.RECOMMEND_NETWORKS triggering remote TransactionTooLargeException due to Service without Chimera impl, calling uid: 1000, calling pid: 0
02-04 18:15:56.872 14045 14078 W .gms.persistent: Large reply transaction of 1056768 bytes, interface descriptor , code 1
02-04 18:15:56.877 14045 14078 I NullBinder: NullBinder for android.net.action.RECOMMEND_NETWORKS triggering remote TransactionTooLargeException due to Service without Chimera impl, calling uid: 1000, calling pid: 0
02-04 18:15:56.877 14045 14078 W .gms.persistent: Large reply transaction of 1056768 bytes, interface descriptor , code 1
02-04 18:16:18.119 14045 14078 I NullBinder: NullBinder for android.net.action.RECOMMEND_NETWORKS triggering remote TransactionTooLargeException due to Service without Chimera impl, calling uid: 1000, calling pid: 0
02-04 18:16:18.119 14045 14078 W .gms.persistent: Large reply transaction of 1056768 bytes, interface descriptor , code 1
02-04 18:16:18.133 14045 17242 I NullBinder: NullBinder for android.net.action.RECOMMEND_NETWORKS triggering remote TransactionTooLargeException due to Service without Chimera impl, calling uid: 1000, calling pid: 0
02-04 18:16:18.133 14045 17242 W .gms.persistent: Large reply transaction of 1056768 bytes, interface descriptor , code 1
02-04 18:16:18.137 14045 17242 I NullBinder: NullBinder for android.net.action.RECOMMEND_NETWORKS triggering remote TransactionTooLargeException due to Service without Chimera impl, calling uid: 1000, calling pid: 0
02-04 18:16:18.137 14045 17242 W .gms.persistent: Large reply transaction of 1056768 bytes, interface descriptor , code 1
02-04 18:16:19.388 25485 25506 I native  : I0000 00:00:1770200179.387751   25506 soda_async_impl.cc:1411] Current audio timestamp: 1770200179324667
02-04 18:16:19.545 25485 25512 W ProxyAndroidLoggerBackend: Too many Flogger logs received before configuration. Dropping old logs.
02-04 18:16:30.276 14045 17242 I NullBinder: NullBinder for android.net.action.RECOMMEND_NETWORKS triggering remote TransactionTooLargeException due to Service without Chimera impl, calling uid: 1000, calling pid: 0
02-04 18:16:30.276 14045 17242 W .gms.persistent: Large reply transaction of 1056768 bytes, interface descriptor , code 1
02-04 18:16:30.280 20536 20909 D WM-NetworkStateTracker: Network capabilities changed: [ Transports: WIFI Capabilities: NOT_METERED&INTERNET&NOT_RESTRICTED&TRUSTED&NOT_VPN&VALIDATED&NOT_ROAMING&FOREGROUND&NOT_CONGESTED&NOT_SUSPENDED&NOT_VCN_MANAGED&NOT_BANDWIDTH_CONSTRAINED LinkUpBandwidth>=12000Kbps LinkDnBandwidth>=60000Kbps TransportInfo: <SSID: <unknown ssid>, BSSID: 02:**:**:**:00:00, MAC: 02:**:**:**:00:00, Security type: 2, Supplicant state: COMPLETED, Wi-Fi standard: 11ac, RSSI: -75, Link speed: 433Mbps, Tx Link speed: 175Mbps, Max Supported Tx Link speed: 433Mbps, Rx Link speed: 117Mbps, Max Supported Rx Link speed: 433Mbps, Frequency: 5220MHz, Net ID: -1, Metered hint: false, score: 60, isUsable: true, CarrierMerged: false, SubscriptionId: -1, IsPrimary: -1, Trusted: true, Restricted: false, Ephemeral: false, OEM paid: false, OEM private: false, OSU AP: false, FQDN: <none>, Provider friendly name: <none>, Requesting package name: <none><none>MLO Information: , Is TID-To-Link negotiation supported by the AP: false, AP MLD Address: <none>, AP MLO Link Id: <none>, AP MLO Affiliated links: <none>, Vendor Data: <none>> SignalStrength: -75 UnderlyingNetworks: Null]
02-04 18:16:30.290 14045 31540 I NullBinder: NullBinder for android.net.action.RECOMMEND_NETWORKS triggering remote TransactionTooLargeException due to Service without Chimera impl, calling uid: 1000, calling pid: 0
02-04 18:16:30.290 14045 31540 W .gms.persistent: Large reply transaction of 1056768 bytes, interface descriptor , code 1
02-04 18:16:30.295 14045 31540 I NullBinder: NullBinder for android.net.action.RECOMMEND_NETWORKS triggering remote TransactionTooLargeException due to Service without Chimera impl, calling uid: 1000, calling pid: 0
02-04 18:16:30.295 14045 31540 W .gms.persistent: Large reply transaction of 1056768 bytes, interface descriptor , code 1
02-04 18:16:33.308 20536 20909 D WM-NetworkStateTracker: Network capabilities changed: [ Transports: WIFI Capabilities: NOT_METERED&INTERNET&NOT_RESTRICTED&TRUSTED&NOT_VPN&VALIDATED&NOT_ROAMING&FOREGROUND&NOT_CONGESTED&NOT_SUSPENDED&NOT_VCN_MANAGED&NOT_BANDWIDTH_CONSTRAINED LinkUpBandwidth>=12000Kbps LinkDnBandwidth>=30000Kbps TransportInfo: <SSID: <unknown ssid>, BSSID: 02:**:**:**:00:00, MAC: 02:**:**:**:00:00, Security type: 2, Supplicant state: COMPLETED, Wi-Fi standard: 11ac, RSSI: -76, Link speed: 433Mbps, Tx Link speed: 175Mbps, Max Supported Tx Link speed: 433Mbps, Rx Link speed: 117Mbps, Max Supported Rx Link speed: 433Mbps, Frequency: 5220MHz, Net ID: -1, Metered hint: false, score: 60, isUsable: true, CarrierMerged: false, SubscriptionId: -1, IsPrimary: -1, Trusted: true, Restricted: false, Ephemeral: false, OEM paid: false, OEM private: false, OSU AP: false, FQDN: <none>, Provider friendly name: <none>, Requesting package name: <none><none>MLO Information: , Is TID-To-Link negotiation supported by the AP: false, AP MLD Address: <none>, AP MLO Link Id: <none>, AP MLO Affiliated links: <none>, Vendor Data: <none>> SignalStrength: -76 UnderlyingNetworks: Null]
02-04 18:16:33.310 14045 17242 I NullBinder: NullBinder for android.net.action.RECOMMEND_NETWORKS triggering remote TransactionTooLargeException due to Service without Chimera impl, calling uid: 1000, calling pid: 0
02-04 18:16:33.310 14045 17242 W .gms.persistent: Large reply transaction of 1056768 bytes, interface descriptor , code 1
02-04 18:16:33.324 14045 14172 I NullBinder: NullBinder for android.net.action.RECOMMEND_NETWORKS triggering remote TransactionTooLargeException due to Service without Chimera impl, calling uid: 1000, calling pid: 0
02-04 18:16:33.324 14045 14172 W .gms.persistent: Large reply transaction of 1056768 bytes, interface descriptor , code 1
02-04 18:16:33.329 14045 14172 I NullBinder: NullBinder for android.net.action.RECOMMEND_NETWORKS triggering remote TransactionTooLargeException due to Service without Chimera impl, calling uid: 1000, calling pid: 0
02-04 18:16:33.329 14045 14172 W .gms.persistent: Large reply transaction of 1056768 bytes, interface descriptor , code 1
02-04 18:16:47.904 20536 20825 D WM-DelayedWorkTracker: Scheduling work c08ac67f-3043-4c4a-be4b-b7cfa6d5d226
02-04 18:16:47.904 20536 20825 D WM-GreedyScheduler: Starting tracking for c08ac67f-3043-4c4a-be4b-b7cfa6d5d226
02-04 18:16:47.911 20536 20568 D WM-GreedyScheduler: Constraints not met: Cancelling work ID WorkGenerationalId(workSpecId=c08ac67f-3043-4c4a-be4b-b7cfa6d5d226, generation=4671)
02-04 18:16:49.387 25485 25506 I native  : I0000 00:00:1770200209.387038   25506 soda_async_impl.cc:1411] Current audio timestamp: 1770200209324667
02-04 18:16:49.546 25485 25512 W ProxyAndroidLoggerBackend: Too many Flogger logs received before configuration. Dropping old logs.
02-04 18:16:50.900 14045 14172 I NullBinder: NullBinder for android.net.action.RECOMMEND_NETWORKS triggering remote TransactionTooLargeException due to Service without Chimera impl, calling uid: 1000, calling pid: 0
02-04 18:16:50.900 14045 14172 W .gms.persistent: Large reply transaction of 1056768 bytes, interface descriptor , code 1
02-04 18:16:50.916 14045 17242 I NullBinder: NullBinder for android.net.action.RECOMMEND_NETWORKS triggering remote TransactionTooLargeException due to Service without Chimera impl, calling uid: 1000, calling pid: 0
02-04 18:16:50.916 14045 17242 W .gms.persistent: Large reply transaction of 1056768 bytes, interface descriptor , code 1
02-04 18:16:50.917 20536 20909 D WM-NetworkStateTracker: Network capabilities changed: [ Transports: WIFI Capabilities: NOT_METERED&INTERNET&NOT_RESTRICTED&TRUSTED&NOT_VPN&VALIDATED&NOT_ROAMING&FOREGROUND&NOT_CONGESTED&NOT_SUSPENDED&NOT_VCN_MANAGED&NOT_BANDWIDTH_CONSTRAINED LinkUpBandwidth>=12000Kbps LinkDnBandwidth>=30000Kbps TransportInfo: <SSID: <unknown ssid>, BSSID: 02:**:**:**:00:00, MAC: 02:**:**:**:00:00, Security type: 2, Supplicant state: COMPLETED, Wi-Fi standard: 11ac, RSSI: -78, Link speed: 433Mbps, Tx Link speed: 175Mbps, Max Supported Tx Link speed: 433Mbps, Rx Link speed: 117Mbps, Max Supported Rx Link speed: 433Mbps, Frequency: 5220MHz, Net ID: -1, Metered hint: false, score: 60, isUsable: true, CarrierMerged: false, SubscriptionId: -1, IsPrimary: -1, Trusted: true, Restricted: false, Ephemeral: false, OEM paid: false, OEM private: false, OSU AP: false, FQDN: <none>, Provider friendly name: <none>, Requesting package name: <none><none>MLO Information: , Is TID-To-Link negotiation supported by the AP: false, AP MLD Address: <none>, AP MLO Link Id: <none>, AP MLO Affiliated links: <none>, Vendor Data: <none>> SignalStrength: -78 UnderlyingNetworks: Null]
02-04 18:16:50.921 14045 17242 I NullBinder: NullBinder for android.net.action.RECOMMEND_NETWORKS triggering remote TransactionTooLargeException due to Service without Chimera impl, calling uid: 1000, calling pid: 0
02-04 18:16:50.921 14045 17242 W .gms.persistent: Large reply transaction of 1056768 bytes, interface descriptor , code 1
02-04 18:17:02.923 14045 17242 I NullBinder: NullBinder for android.net.action.RECOMMEND_NETWORKS triggering remote TransactionTooLargeException due to Service without Chimera impl, calling uid: 1000, calling pid: 0
02-04 18:17:02.923 14045 17242 W .gms.persistent: Large reply transaction of 1056768 bytes, interface descriptor , code 1
02-04 18:17:02.934 14045 17242 I NullBinder: NullBinder for android.net.action.RECOMMEND_NETWORKS triggering remote TransactionTooLargeException due to Service without Chimera impl, calling uid: 1000, calling pid: 0
02-04 18:17:02.935 14045 17242 W .gms.persistent: Large reply transaction of 1056768 bytes, interface descriptor , code 1
02-04 18:17:02.939 20536 20909 D WM-NetworkStateTracker: Network capabilities changed: [ Transports: WIFI Capabilities: NOT_METERED&INTERNET&NOT_RESTRICTED&TRUSTED&NOT_VPN&VALIDATED&NOT_ROAMING&FOREGROUND&NOT_CONGESTED&NOT_SUSPENDED&NOT_VCN_MANAGED&NOT_BANDWIDTH_CONSTRAINED LinkUpBandwidth>=12000Kbps LinkDnBandwidth>=30000Kbps TransportInfo: <SSID: <unknown ssid>, BSSID: 02:**:**:**:00:00, MAC: 02:**:**:**:00:00, Security type: 2, Supplicant state: COMPLETED, Wi-Fi standard: 11ac, RSSI: -78, Link speed: 433Mbps, Tx Link speed: 175Mbps, Max Supported Tx Link speed: 433Mbps, Rx Link speed: 117Mbps, Max Supported Rx Link speed: 433Mbps, Frequency: 5220MHz, Net ID: -1, Metered hint: false, score: 60, isUsable: true, CarrierMerged: false, SubscriptionId: -1, IsPrimary: -1, Trusted: true, Restricted: false, Ephemeral: false, OEM paid: false, OEM private: false, OSU AP: false, FQDN: <none>, Provider friendly name: <none>, Requesting package name: <none><none>MLO Information: , Is TID-To-Link negotiation supported by the AP: false, AP MLD Address: <none>, AP MLO Link Id: <none>, AP MLO Affiliated links: <none>, Vendor Data: <none>> SignalStrength: -78 UnderlyingNetworks: Null]
02-04 18:17:02.940 14045 17242 I NullBinder: NullBinder for android.net.action.RECOMMEND_NETWORKS triggering remote TransactionTooLargeException due to Service without Chimera impl, calling uid: 1000, calling pid: 0
02-04 18:17:02.940 14045 17242 W .gms.persistent: Large reply transaction of 1056768 bytes, interface descriptor , code 1
