02-04 16:30:03.887 13743 11360 I .gms.persistent: Explicit concurrent copying GC freed 2034KB AllocSpace bytes, 0(0B) LOS objects, 49% free, 10MB/20MB, paused 392us,125us total 229.669ms
02-04 16:30:09.948 25485 25506 I native  : I0000 00:00:1770193809.947795   25506 soda_async_impl.cc:1411] Current audio timestamp: 1770193809852653
02-04 16:30:10.167 25485 25512 W ProxyAndroidLoggerBackend: Too many Flogger logs received before configuration. Dropping old logs.
02-04 16:30:17.114  7335 12215 I ffmpeg  : [aac @ 0x79d0697c70] illegal iid
02-04 16:30:17.114  7335 12215 I ffmpeg  : 
02-04 16:30:17.223  7335 12215 I ffmpeg  : [aac @ 0x79d0697c70] illegal icc
02-04 16:30:17.223  7335 12215 I ffmpeg  : 
02-04 16:30:17.224  7335 12215 I ffmpeg  : [aac @ 0x79d0697c70] Expected to read 54 PS bits actually read 74.
02-04 16:30:17.224  7335 12215 I ffmpeg  : 
02-04 16:30:17.932  7335 22966 I CCodecConfig: query failed after returning 18 values (BAD_INDEX)
02-04 16:30:17.934  7335 22966 W Codec2Client: query -- param skipped: index = 1342179345.
02-04 16:30:17.934  7335 22966 W Codec2Client: query -- param skipped: index = 2415921170.
02-04 16:30:17.934  7335 22966 W Codec2Client: query -- param skipped: index = 1610614798.
02-04 16:30:32.789  7335 23210 W System.err: FlagsHookHelper: try hook flags method getInstanceHook
02-04 16:30:39.948 25485 25506 I native  : I0000 00:00:1770193839.948530   25506 soda_async_impl.cc:1411] Current audio timestamp: 1770193839852653
02-04 16:30:40.167 25485 25512 W ProxyAndroidLoggerBackend: Too many Flogger logs received before configuration. Dropping old logs.
02-04 16:30:43.441  7335 13658 I livestrategy: (VeLSPlatformDataFetcherJNI.cpp:105): PlatformDataFetcher:key:live_sdk_enable_data_warehouse, value:0
02-04 16:30:43.442  7335 13658 I livestrategy: (DataWarehouse.cpp:79): DataWarehouseStoreToDB live_sdk_enable_data_warehouse=0
02-04 16:30:44.037  7335 11724 I droid.ugc.trill: Background young concurrent copying GC freed 21MB AllocSpace bytes, 51(0B) LOS objects, 11% free, 163MB/184MB, paused 452us,418us total 236.703ms
02-04 16:30:46.716 22089 24585 I titycredentials: Explicit concurrent copying GC freed 146KB AllocSpace bytes, 0(0B) LOS objects, 39% free, 3079KB/5127KB, paused 188us,68us total 94.782ms
02-04 16:30:47.872 14045 23072 I CastDatabase: Saving the database
02-04 16:30:47.892 14045 23072 I SQLiteCastStore: [CastNetworkInfo] saved: 0, skipped: 0, [CastDeviceInfo]: saved 0, skipped 0, [ProbedNetworks]: saved 0, skipped: 0, [ProbedSocketAddress]: saved 0, skipped: 0, [Network-Device pairs]: saved: 0
02-04 16:30:53.141  7335 11966 I GPUAUX  : [AUX]GPUAUXContext:74: create: 0x78603c9e30
02-04 16:30:53.153  7335 11966 I GED     : ged_boost_gpu_freq, level 100, eOrigin 2, final_idx 31, oppidx_max 31, oppidx_min 0
02-04 16:30:53.170  7335 11966 W RefBase : CallStack::getCurrentInternal not linked, returning null
02-04 16:30:53.170  7335 11966 W RefBase : CallStack::logStackInternal not linked
02-04 16:30:53.171  7335 11966 I GPUAUX  : [AUX]~GPUAUXContext:82: destory: 0x78603c9e30
02-04 16:30:53.171  7335 12214 W ttmn    : <PID--1><79b08ec228,av_render_t_monitor.cpp,operator(),37>ERROR action, current: 4, move action: 2
02-04 16:30:55.267 20361 20452 I BLASTBufferQueue: QoSAllocBuff Successful. Ret 0 
02-04 16:30:55.317 20361 20361 I bpnz    : onStart
02-04 16:30:55.422 20361 20361 I bnlk    : (REDACTED) [%s] onStart()
02-04 16:30:55.426 20361 20361 I bnnp    : Reloading theme data
02-04 16:30:55.486 20361 20361 I bpnz    : onResume
02-04 16:30:56.136  7335  7335 I System.out: SAFActivity: com.ss.android.ugc.aweme.detail.ui.DetailActivity@6913b95,  onPause Start
02-04 16:30:56.168  7335 12473 W KEVA.NATIVE: mark bitmap no free space! this=0x785011d340 1
02-04 16:30:56.170  7335 12473 I KEVA.NATIVE: mark bitmap enlarge new size=320, map size=5
02-04 16:30:56.171  7335 12473 I KEVA.NATIVE: mark bitmap enlarge from 4 to 5
02-04 16:30:56.175  7335  7335 I System.out: SceneSafeLifecycleDispatcher: onPaused Start
02-04 16:30:56.177  7335  7335 I System.out: SAFFragmentRootScene: onPause Start (SAFFragmentRootScene{63bf4aa})
02-04 16:30:56.235  7335 12216 W ttmn    : <PID-87><79002d1148,av_cmd_queue.cpp,dequeueTarget,48>not find target: 86
02-04 16:30:56.240  7335 23283 I AudioTrack: stop(5414): 0x79d078b320 , prior state:STATE_STOPPED, sessionId:35889, calling package is:com.ss.android.ugc.trill
02-04 16:30:56.249  7335 23283 I AudioTrack: stop(5414): 0x79d078b320 , prior state:STATE_STOPPED, sessionId:35889, calling package is:com.ss.android.ugc.trill
02-04 16:30:56.272  7335 12214 W ttmn    : <PID--1><79b08ec228,av_render_t_monitor.cpp,operator(),37>ERROR action, current: 4, move action: 5
02-04 16:30:56.279  7335  7335 I System.out: SceneSafeLifecycleDispatcher: onPaused End PAUSE
02-04 16:30:56.279  7335  7335 I System.out: SAFActivity: com.ss.android.ugc.aweme.detail.ui.DetailActivity@6913b95,  onPause End
02-04 16:30:56.284  7335 22994 I MediaCodec: ++kWhatRelease   mState :6
02-04 16:30:56.288  7335 22995 W BufferQueueProducer: [SurfaceView[com.ss.android.ugc.trill/com.ss.android.ugc.aweme.detail.ui.DetailActivity]#84(BLAST Consumer)84](id:1ca700000060,api:3,p:7335,c:7335) detachBuffer: slot 1 is not owned by the producer (state = FREE)
02-04 16:30:56.288  7335 22995 W BufferQueueProducer: [SurfaceView[com.ss.android.ugc.trill/com.ss.android.ugc.aweme.detail.ui.DetailActivity]#84(BLAST Consumer)84](id:1ca700000060,api:3,p:7335,c:7335) detachBuffer: slot 3 is not owned by the producer (state = FREE)
02-04 16:30:56.289  7335 22995 W BufferQueueProducer: [SurfaceView[com.ss.android.ugc.trill/com.ss.android.ugc.aweme.detail.ui.DetailActivity]#84(BLAST Consumer)84](id:1ca700000060,api:3,p:7335,c:7335) detachBuffer: slot 5 is not owned by the producer (state = FREE)
02-04 16:30:56.289  7335 22995 W BufferQueueProducer: [SurfaceView[com.ss.android.ugc.trill/com.ss.android.ugc.aweme.detail.ui.DetailActivity]#84(BLAST Consumer)84](id:1ca700000060,api:3,p:7335,c:7335) detachBuffer: slot 6 is not owned by the producer (state = ACQUIRED)
02-04 16:30:56.290  7335 22995 W BufferQueueProducer: [SurfaceView[com.ss.android.ugc.trill/com.ss.android.ugc.aweme.detail.ui.DetailActivity]#84(BLAST Consumer)84](id:1ca700000060,api:3,p:7335,c:7335) detachBuffer: slot 8 is not owned by the producer (state = FREE)
02-04 16:30:56.291  7335 22995 W BufferQueueProducer: [SurfaceView[com.ss.android.ugc.trill/com.ss.android.ugc.aweme.detail.ui.DetailActivity]#84(BLAST Consumer)84](id:1ca700000060,api:3,p:7335,c:7335) detachBuffer: slot 11 is not owned by the producer (state = FREE)
02-04 16:30:56.291  7335 22995 W BufferQueueProducer: [SurfaceView[com.ss.android.ugc.trill/com.ss.android.ugc.aweme.detail.ui.DetailActivity]#84(BLAST Consumer)84](id:1ca700000060,api:3,p:7335,c:7335) detachBuffer: slot 12 is not owned by the producer (state = FREE)
02-04 16:30:56.291  7335 22995 W BufferQueueProducer: [SurfaceView[com.ss.android.ugc.trill/com.ss.android.ugc.aweme.detail.ui.DetailActivity]#84(BLAST Consumer)84](id:1ca700000060,api:3,p:7335,c:7335) detachBuffer: slot 13 is not owned by the producer (state = FREE)
02-04 16:30:56.296  7335 22995 W BufferQueueProducer: [SurfaceView[com.ss.android.ugc.trill/com.ss.android.ugc.aweme.detail.ui.DetailActivity]#84(BLAST Consumer)84](id:1ca700000060,api:3,p:7335,c:7335) detachBuffer: slot 25 is not owned by the producer (state = FREE)
02-04 16:30:56.296  7335 22995 W BufferQueueProducer: [SurfaceView[com.ss.android.ugc.trill/com.ss.android.ugc.aweme.detail.ui.DetailActivity]#84(BLAST Consumer)84](id:1ca700000060,api:3,p:7335,c:7335) detachBuffer: slot 26 is not owned by the producer (state = FREE)
02-04 16:30:56.296  7335 22995 W BufferQueueProducer: [SurfaceView[com.ss.android.ugc.trill/com.ss.android.ugc.aweme.detail.ui.DetailActivity]#84(BLAST Consumer)84](id:1ca700000060,api:3,p:7335,c:7335) detachBuffer: slot 27 is not owned by the producer (state = FREE)
02-04 16:30:56.297  7335 22995 W BufferQueueProducer: [SurfaceView[com.ss.android.ugc.trill/com.ss.android.ugc.aweme.detail.ui.DetailActivity]#84(BLAST Consumer)84](id:1ca700000060,api:3,p:7335,c:7335) detachBuffer: slot 28 is not owned by the producer (state = FREE)
02-04 16:30:56.297  7335 22995 W BufferQueueProducer: [SurfaceView[com.ss.android.ugc.trill/com.ss.android.ugc.aweme.detail.ui.DetailActivity]#84(BLAST Consumer)84](id:1ca700000060,api:3,p:7335,c:7335) detachBuffer: slot 29 is not owned by the producer (state = FREE)
02-04 16:30:56.297  7335 22995 W BufferQueueProducer: [SurfaceView[com.ss.android.ugc.trill/com.ss.android.ugc.aweme.detail.ui.DetailActivity]#84(BLAST Consumer)84](id:1ca700000060,api:3,p:7335,c:7335) detachBuffer: slot 30 is not owned by the producer (state = FREE)
02-04 16:30:56.297  7335 22995 W BufferQueueProducer: [SurfaceView[com.ss.android.ugc.trill/com.ss.android.ugc.aweme.detail.ui.DetailActivity]#84(BLAST Consumer)84](id:1ca700000060,api:3,p:7335,c:7335) detachBuffer: slot 31 is not owned by the producer (state = FREE)
02-04 16:30:56.297  7335 22995 W BufferQueueProducer: [SurfaceView[com.ss.android.ugc.trill/com.ss.android.ugc.aweme.detail.ui.DetailActivity]#84(BLAST Consumer)84](id:1ca700000060,api:3,p:7335,c:7335) detachBuffer: slot 32 is not owned by the producer (state = FREE)
02-04 16:30:56.298  7335 22995 W BufferQueueProducer: [SurfaceView[com.ss.android.ugc.trill/com.ss.android.ugc.aweme.detail.ui.DetailActivity]#84(BLAST Consumer)84](id:1ca700000060,api:3,p:7335,c:7335) detachBuffer: slot 33 is not owned by the producer (state = FREE)
02-04 16:30:56.298  7335 22995 W BufferQueueProducer: [SurfaceView[com.ss.android.ugc.trill/com.ss.android.ugc.aweme.detail.ui.DetailActivity]#84(BLAST Consumer)84](id:1ca700000060,api:3,p:7335,c:7335) detachBuffer: slot 34 is not owned by the producer (state = FREE)
02-04 16:30:56.298  7335 22995 W BufferQueueProducer: [SurfaceView[com.ss.android.ugc.trill/com.ss.android.ugc.aweme.detail.ui.DetailActivity]#84(BLAST Consumer)84](id:1ca700000060,api:3,p:7335,c:7335) detachBuffer: slot 35 is not owned by the producer (state = FREE)
02-04 16:30:56.299  7335 22995 W BufferQueueProducer: [SurfaceView[com.ss.android.ugc.trill/com.ss.android.ugc.aweme.detail.ui.DetailActivity]#84(BLAST Consumer)84](id:1ca700000060,api:3,p:7335,c:7335) detachBuffer: slot 36 is not owned by the producer (state = FREE)
02-04 16:30:56.299  7335 22995 W BufferQueueProducer: [SurfaceView[com.ss.android.ugc.trill/com.ss.android.ugc.aweme.detail.ui.DetailActivity]#84(BLAST Consumer)84](id:1ca700000060,api:3,p:7335,c:7335) detachBuffer: slot 37 is not owned by the producer (state = FREE)
02-04 16:30:56.299  7335 22995 W BufferQueueProducer: [SurfaceView[com.ss.android.ugc.trill/com.ss.android.ugc.aweme.detail.ui.DetailActivity]#84(BLAST Consumer)84](id:1ca700000060,api:3,p:7335,c:7335) detachBuffer: slot 38 is not owned by the producer (state = FREE)
02-04 16:30:56.299  7335 22995 W BufferQueueProducer: [SurfaceView[com.ss.android.ugc.trill/com.ss.android.ugc.aweme.detail.ui.DetailActivity]#84(BLAST Consumer)84](id:1ca700000060,api:3,p:7335,c:7335) detachBuffer: slot 39 is not owned by the producer (state = FREE)
02-04 16:30:56.299  7335 22995 W BufferQueueProducer: [SurfaceView[com.ss.android.ugc.trill/com.ss.android.ugc.aweme.detail.ui.DetailActivity]#84(BLAST Consumer)84](id:1ca700000060,api:3,p:7335,c:7335) detachBuffer: slot 40 is not owned by the producer (state = FREE)
02-04 16:30:56.299  7335 22995 W BufferQueueProducer: [SurfaceView[com.ss.android.ugc.trill/com.ss.android.ugc.aweme.detail.ui.DetailActivity]#84(BLAST Consumer)84](id:1ca700000060,api:3,p:7335,c:7335) detachBuffer: slot 41 is not owned by the producer (state = FREE)
02-04 16:30:56.300  7335 22995 W BufferQueueProducer: [SurfaceView[com.ss.android.ugc.trill/com.ss.android.ugc.aweme.detail.ui.DetailActivity]#84(BLAST Consumer)84](id:1ca700000060,api:3,p:7335,c:7335) detachBuffer: slot 42 is not owned by the producer (state = FREE)
02-04 16:30:56.300  7335 22995 W BufferQueueProducer: [SurfaceView[com.ss.android.ugc.trill/com.ss.android.ugc.aweme.detail.ui.DetailActivity]#84(BLAST Consumer)84](id:1ca700000060,api:3,p:7335,c:7335) detachBuffer: slot 43 is not owned by the producer (state = FREE)
02-04 16:30:56.300  7335 22995 W BufferQueueProducer: [SurfaceView[com.ss.android.ugc.trill/com.ss.android.ugc.aweme.detail.ui.DetailActivity]#84(BLAST Consumer)84](id:1ca700000060,api:3,p:7335,c:7335) detachBuffer: slot 44 is not owned by the producer (state = FREE)
02-04 16:30:56.302  7335 22995 W BufferQueueProducer: [SurfaceView[com.ss.android.ugc.trill/com.ss.android.ugc.aweme.detail.ui.DetailActivity]#84(BLAST Consumer)84](id:1ca700000060,api:3,p:7335,c:7335) detachBuffer: slot 45 is not owned by the producer (state = FREE)
02-04 16:30:56.302  7335 22995 W BufferQueueProducer: [SurfaceView[com.ss.android.ugc.trill/com.ss.android.ugc.aweme.detail.ui.DetailActivity]#84(BLAST Consumer)84](id:1ca700000060,api:3,p:7335,c:7335) detachBuffer: slot 46 is not owned by the producer (state = FREE)
02-04 16:30:56.304  7335 22995 W BufferQueueProducer: [SurfaceView[com.ss.android.ugc.trill/com.ss.android.ugc.aweme.detail.ui.DetailActivity]#84(BLAST Consumer)84](id:1ca700000060,api:3,p:7335,c:7335) detachBuffer: slot 47 is not owned by the producer (state = FREE)
02-04 16:30:56.304  7335 22995 W BufferQueueProducer: [SurfaceView[com.ss.android.ugc.trill/com.ss.android.ugc.aweme.detail.ui.DetailActivity]#84(BLAST Consumer)84](id:1ca700000060,api:3,p:7335,c:7335) detachBuffer: slot 48 is not owned by the producer (state = FREE)
02-04 16:30:56.305  7335 22995 W BufferQueueProducer: [SurfaceView[com.ss.android.ugc.trill/com.ss.android.ugc.aweme.detail.ui.DetailActivity]#84(BLAST Consumer)84](id:1ca700000060,api:3,p:7335,c:7335) detachBuffer: slot 49 is not owned by the producer (state = FREE)
02-04 16:30:56.310  7335 22995 W BufferQueueProducer: [SurfaceView[com.ss.android.ugc.trill/com.ss.android.ugc.aweme.detail.ui.DetailActivity]#84(BLAST Consumer)84](id:1ca700000060,api:3,p:7335,c:7335) detachBuffer: slot 50 is not owned by the producer (state = FREE)
02-04 16:30:56.310  7335 22995 W BufferQueueProducer: [SurfaceView[com.ss.android.ugc.trill/com.ss.android.ugc.aweme.detail.ui.DetailActivity]#84(BLAST Consumer)84](id:1ca700000060,api:3,p:7335,c:7335) detachBuffer: slot 51 is not owned by the producer (state = FREE)
02-04 16:30:56.311  7335 22995 W BufferQueueProducer: [SurfaceView[com.ss.android.ugc.trill/com.ss.android.ugc.aweme.detail.ui.DetailActivity]#84(BLAST Consumer)84](id:1ca700000060,api:3,p:7335,c:7335) detachBuffer: slot 52 is not owned by the producer (state = FREE)
02-04 16:30:56.311  7335 22995 W BufferQueueProducer: [SurfaceView[com.ss.android.ugc.trill/com.ss.android.ugc.aweme.detail.ui.DetailActivity]#84(BLAST Consumer)84](id:1ca700000060,api:3,p:7335,c:7335) detachBuffer: slot 53 is not owned by the producer (state = FREE)
02-04 16:30:56.311  7335 22995 W BufferQueueProducer: [SurfaceView[com.ss.android.ugc.trill/com.ss.android.ugc.aweme.detail.ui.DetailActivity]#84(BLAST Consumer)84](id:1ca700000060,api:3,p:7335,c:7335) detachBuffer: slot 54 is not owned by the producer (state = FREE)
02-04 16:30:56.311  7335 22995 W BufferQueueProducer: [SurfaceView[com.ss.android.ugc.trill/com.ss.android.ugc.aweme.detail.ui.DetailActivity]#84(BLAST Consumer)84](id:1ca700000060,api:3,p:7335,c:7335) detachBuffer: slot 55 is not owned by the producer (state = FREE)
02-04 16:30:56.311  7335 22995 W BufferQueueProducer: [SurfaceView[com.ss.android.ugc.trill/com.ss.android.ugc.aweme.detail.ui.DetailActivity]#84(BLAST Consumer)84](id:1ca700000060,api:3,p:7335,c:7335) detachBuffer: slot 56 is not owned by the producer (state = FREE)
02-04 16:30:56.312  7335 22995 W BufferQueueProducer: [SurfaceView[com.ss.android.ugc.trill/com.ss.android.ugc.aweme.detail.ui.DetailActivity]#84(BLAST Consumer)84](id:1ca700000060,api:3,p:7335,c:7335) detachBuffer: slot 57 is not owned by the producer (state = FREE)
02-04 16:30:56.312  7335 22995 W BufferQueueProducer: [SurfaceView[com.ss.android.ugc.trill/com.ss.android.ugc.aweme.detail.ui.DetailActivity]#84(BLAST Consumer)84](id:1ca700000060,api:3,p:7335,c:7335) detachBuffer: slot 58 is not owned by the producer (state = FREE)
02-04 16:30:56.312  7335 22995 W BufferQueueProducer: [SurfaceView[com.ss.android.ugc.trill/com.ss.android.ugc.aweme.detail.ui.DetailActivity]#84(BLAST Consumer)84](id:1ca700000060,api:3,p:7335,c:7335) detachBuffer: slot 59 is not owned by the producer (state = FREE)
02-04 16:30:56.312  7335 22995 W BufferQueueProducer: [SurfaceView[com.ss.android.ugc.trill/com.ss.android.ugc.aweme.detail.ui.DetailActivity]#84(BLAST Consumer)84](id:1ca700000060,api:3,p:7335,c:7335) detachBuffer: slot 60 is not owned by the producer (state = FREE)
02-04 16:30:56.313  7335 22995 W BufferQueueProducer: [SurfaceView[com.ss.android.ugc.trill/com.ss.android.ugc.aweme.detail.ui.DetailActivity]#84(BLAST Consumer)84](id:1ca700000060,api:3,p:7335,c:7335) detachBuffer: slot 61 is not owned by the producer (state = FREE)
02-04 16:30:56.313  7335 22995 W BufferQueueProducer: [SurfaceView[com.ss.android.ugc.trill/com.ss.android.ugc.aweme.detail.ui.DetailActivity]#84(BLAST Consumer)84](id:1ca700000060,api:3,p:7335,c:7335) detachBuffer: slot 62 is not owned by the producer (state = FREE)
02-04 16:30:56.314  7335 22995 W BufferQueueProducer: [SurfaceView[com.ss.android.ugc.trill/com.ss.android.ugc.aweme.detail.ui.DetailActivity]#84(BLAST Consumer)84](id:1ca700000060,api:3,p:7335,c:7335) detachBuffer: slot 63 is not owned by the producer (state = FREE)
02-04 16:30:56.318  7335 11966 I GED     : ged_boost_gpu_freq, level 100, eOrigin 2, final_idx 31, oppidx_max 31, oppidx_min 0
02-04 16:30:56.336  7335 22994 I MediaCodec: ++kWhatRelease   mState :2
02-04 16:30:56.364  7335 23301 I hw-BpHwBinder: onLastStrongRef automatically unlinking death recipients
02-04 16:30:56.365  7335 23301 I CCodecBufferChannel: Destructor 0x79d077b810
02-04 16:30:56.402  7335 22966 I MediaCodec: [c2.mtk.hevc.decoder] setting surface generation to 7511108
02-04 16:30:56.419  7335 22966 W BufferQueueProducer: [SurfaceView[com.ss.android.ugc.trill/com.ss.android.ugc.aweme.detail.ui.DetailActivity]#83(BLAST Consumer)83](id:1ca70000005f,api:3,p:7335,c:7335) detachBuffer: slot 15 is not owned by the producer (state = FREE)
02-04 16:30:56.421  7335 22966 W BufferQueueProducer: [SurfaceView[com.ss.android.ugc.trill/com.ss.android.ugc.aweme.detail.ui.DetailActivity]#83(BLAST Consumer)83](id:1ca70000005f,api:3,p:7335,c:7335) detachBuffer: slot 19 is not owned by the producer (state = ACQUIRED)
02-04 16:30:56.425  7335 22966 W BufferQueueProducer: [SurfaceView[com.ss.android.ugc.trill/com.ss.android.ugc.aweme.detail.ui.DetailActivity]#83(BLAST Consumer)83](id:1ca70000005f,api:3,p:7335,c:7335) detachBuffer: slot 26 is not owned by the producer (state = FREE)
02-04 16:30:56.425  7335 22966 W BufferQueueProducer: [SurfaceView[com.ss.android.ugc.trill/com.ss.android.ugc.aweme.detail.ui.DetailActivity]#83(BLAST Consumer)83](id:1ca70000005f,api:3,p:7335,c:7335) detachBuffer: slot 27 is not owned by the producer (state = FREE)
02-04 16:30:56.426  7335 22966 W BufferQueueProducer: [SurfaceView[com.ss.android.ugc.trill/com.ss.android.ugc.aweme.detail.ui.DetailActivity]#83(BLAST Consumer)83](id:1ca70000005f,api:3,p:7335,c:7335) detachBuffer: slot 28 is not owned by the producer (state = FREE)
02-04 16:30:56.426  7335 22966 W BufferQueueProducer: [SurfaceView[com.ss.android.ugc.trill/com.ss.android.ugc.aweme.detail.ui.DetailActivity]#83(BLAST Consumer)83](id:1ca70000005f,api:3,p:7335,c:7335) detachBuffer: slot 29 is not owned by the producer (state = FREE)
02-04 16:30:56.426  7335 22966 W BufferQueueProducer: [SurfaceView[com.ss.android.ugc.trill/com.ss.android.ugc.aweme.detail.ui.DetailActivity]#83(BLAST Consumer)83](id:1ca70000005f,api:3,p:7335,c:7335) detachBuffer: slot 30 is not owned by the producer (state = FREE)
02-04 16:30:56.426  7335 22966 W BufferQueueProducer: [SurfaceView[com.ss.android.ugc.trill/com.ss.android.ugc.aweme.detail.ui.DetailActivity]#83(BLAST Consumer)83](id:1ca70000005f,api:3,p:7335,c:7335) detachBuffer: slot 31 is not owned by the producer (state = FREE)
02-04 16:30:56.427  7335 22966 W BufferQueueProducer: [SurfaceView[com.ss.android.ugc.trill/com.ss.android.ugc.aweme.detail.ui.DetailActivity]#83(BLAST Consumer)83](id:1ca70000005f,api:3,p:7335,c:7335) detachBuffer: slot 32 is not owned by the producer (state = FREE)
02-04 16:30:56.427  7335 22966 W BufferQueueProducer: [SurfaceView[com.ss.android.ugc.trill/com.ss.android.ugc.aweme.detail.ui.DetailActivity]#83(BLAST Consumer)83](id:1ca70000005f,api:3,p:7335,c:7335) detachBuffer: slot 33 is not owned by the producer (state = FREE)
02-04 16:30:56.427  7335 22966 W BufferQueueProducer: [SurfaceView[com.ss.android.ugc.trill/com.ss.android.ugc.aweme.detail.ui.DetailActivity]#83(BLAST Consumer)83](id:1ca70000005f,api:3,p:7335,c:7335) detachBuffer: slot 34 is not owned by the producer (state = FREE)
02-04 16:30:56.435  7335 22966 W BufferQueueProducer: [SurfaceView[com.ss.android.ugc.trill/com.ss.android.ugc.aweme.detail.ui.DetailActivity]#83(BLAST Consumer)83](id:1ca70000005f,api:3,p:7335,c:7335) detachBuffer: slot 35 is not owned by the producer (state = FREE)
02-04 16:30:56.438  7335 22966 W BufferQueueProducer: [SurfaceView[com.ss.android.ugc.trill/com.ss.android.ugc.aweme.detail.ui.DetailActivity]#83(BLAST Consumer)83](id:1ca70000005f,api:3,p:7335,c:7335) detachBuffer: slot 36 is not owned by the producer (state = FREE)
02-04 16:30:56.439  7335 22966 W BufferQueueProducer: [SurfaceView[com.ss.android.ugc.trill/com.ss.android.ugc.aweme.detail.ui.DetailActivity]#83(BLAST Consumer)83](id:1ca70000005f,api:3,p:7335,c:7335) detachBuffer: slot 37 is not owned by the producer (state = FREE)
02-04 16:30:56.439  7335 22966 W BufferQueueProducer: [SurfaceView[com.ss.android.ugc.trill/com.ss.android.ugc.aweme.detail.ui.DetailActivity]#83(BLAST Consumer)83](id:1ca70000005f,api:3,p:7335,c:7335) detachBuffer: slot 38 is not owned by the producer (state = FREE)
02-04 16:30:56.440  7335 22966 W BufferQueueProducer: [SurfaceView[com.ss.android.ugc.trill/com.ss.android.ugc.aweme.detail.ui.DetailActivity]#83(BLAST Consumer)83](id:1ca70000005f,api:3,p:7335,c:7335) detachBuffer: slot 39 is not owned by the producer (state = FREE)
02-04 16:30:56.440  7335 22966 W BufferQueueProducer: [SurfaceView[com.ss.android.ugc.trill/com.ss.android.ugc.aweme.detail.ui.DetailActivity]#83(BLAST Consumer)83](id:1ca70000005f,api:3,p:7335,c:7335) detachBuffer: slot 40 is not owned by the producer (state = FREE)
02-04 16:30:56.441  7335 22966 W BufferQueueProducer: [SurfaceView[com.ss.android.ugc.trill/com.ss.android.ugc.aweme.detail.ui.DetailActivity]#83(BLAST Consumer)83](id:1ca70000005f,api:3,p:7335,c:7335) detachBuffer: slot 41 is not owned by the producer (state = FREE)
02-04 16:30:56.441  7335 22966 W BufferQueueProducer: [SurfaceView[com.ss.android.ugc.trill/com.ss.android.ugc.aweme.detail.ui.DetailActivity]#83(BLAST Consumer)83](id:1ca70000005f,api:3,p:7335,c:7335) detachBuffer: slot 42 is not owned by the producer (state = FREE)
02-04 16:30:56.441  7335 22966 W BufferQueueProducer: [SurfaceView[com.ss.android.ugc.trill/com.ss.android.ugc.aweme.detail.ui.DetailActivity]#83(BLAST Consumer)83](id:1ca70000005f,api:3,p:7335,c:7335) detachBuffer: slot 43 is not owned by the producer (state = FREE)
02-04 16:30:56.442  7335 22966 W BufferQueueProducer: [SurfaceView[com.ss.android.ugc.trill/com.ss.android.ugc.aweme.detail.ui.DetailActivity]#83(BLAST Consumer)83](id:1ca70000005f,api:3,p:7335,c:7335) detachBuffer: slot 44 is not owned by the producer (state = FREE)
02-04 16:30:56.442  7335 22966 W BufferQueueProducer: [SurfaceView[com.ss.android.ugc.trill/com.ss.android.ugc.aweme.detail.ui.DetailActivity]#83(BLAST Consumer)83](id:1ca70000005f,api:3,p:7335,c:7335) detachBuffer: slot 45 is not owned by the producer (state = FREE)
02-04 16:30:56.443  7335 22966 W BufferQueueProducer: [SurfaceView[com.ss.android.ugc.trill/com.ss.android.ugc.aweme.detail.ui.DetailActivity]#83(BLAST Consumer)83](id:1ca70000005f,api:3,p:7335,c:7335) detachBuffer: slot 46 is not owned by the producer (state = FREE)
02-04 16:30:56.443  7335 22966 W BufferQueueProducer: [SurfaceView[com.ss.android.ugc.trill/com.ss.android.ugc.aweme.detail.ui.DetailActivity]#83(BLAST Consumer)83](id:1ca70000005f,api:3,p:7335,c:7335) detachBuffer: slot 47 is not owned by the producer (state = FREE)
02-04 16:30:56.443  7335 22966 W BufferQueueProducer: [SurfaceView[com.ss.android.ugc.trill/com.ss.android.ugc.aweme.detail.ui.DetailActivity]#83(BLAST Consumer)83](id:1ca70000005f,api:3,p:7335,c:7335) detachBuffer: slot 48 is not owned by the producer (state = FREE)
02-04 16:30:56.444  7335 22966 W BufferQueueProducer: [SurfaceView[com.ss.android.ugc.trill/com.ss.android.ugc.aweme.detail.ui.DetailActivity]#83(BLAST Consumer)83](id:1ca70000005f,api:3,p:7335,c:7335) detachBuffer: slot 49 is not owned by the producer (state = FREE)
02-04 16:30:56.445  7335 22966 W BufferQueueProducer: [SurfaceView[com.ss.android.ugc.trill/com.ss.android.ugc.aweme.detail.ui.DetailActivity]#83(BLAST Consumer)83](id:1ca70000005f,api:3,p:7335,c:7335) detachBuffer: slot 50 is not owned by the producer (state = FREE)
02-04 16:30:56.445  7335 22966 W BufferQueueProducer: [SurfaceView[com.ss.android.ugc.trill/com.ss.android.ugc.aweme.detail.ui.DetailActivity]#83(BLAST Consumer)83](id:1ca70000005f,api:3,p:7335,c:7335) detachBuffer: slot 51 is not owned by the producer (state = FREE)
02-04 16:30:56.446  7335 22966 W BufferQueueProducer: [SurfaceView[com.ss.android.ugc.trill/com.ss.android.ugc.aweme.detail.ui.DetailActivity]#83(BLAST Consumer)83](id:1ca70000005f,api:3,p:7335,c:7335) detachBuffer: slot 52 is not owned by the producer (state = FREE)
02-04 16:30:56.446  7335 22966 W BufferQueueProducer: [SurfaceView[com.ss.android.ugc.trill/com.ss.android.ugc.aweme.detail.ui.DetailActivity]#83(BLAST Consumer)83](id:1ca70000005f,api:3,p:7335,c:7335) detachBuffer: slot 53 is not owned by the producer (state = FREE)
02-04 16:30:56.447  7335 22966 W BufferQueueProducer: [SurfaceView[com.ss.android.ugc.trill/com.ss.android.ugc.aweme.detail.ui.DetailActivity]#83(BLAST Consumer)83](id:1ca70000005f,api:3,p:7335,c:7335) detachBuffer: slot 54 is not owned by the producer (state = FREE)
02-04 16:30:56.447  7335 22966 W BufferQueueProducer: [SurfaceView[com.ss.android.ugc.trill/com.ss.android.ugc.aweme.detail.ui.DetailActivity]#83(BLAST Consumer)83](id:1ca70000005f,api:3,p:7335,c:7335) detachBuffer: slot 55 is not owned by the producer (state = FREE)
02-04 16:30:56.449  7335 22966 W BufferQueueProducer: [SurfaceView[com.ss.android.ugc.trill/com.ss.android.ugc.aweme.detail.ui.DetailActivity]#83(BLAST Consumer)83](id:1ca70000005f,api:3,p:7335,c:7335) detachBuffer: slot 56 is not owned by the producer (state = FREE)
02-04 16:30:56.449  7335 22966 W BufferQueueProducer: [SurfaceView[com.ss.android.ugc.trill/com.ss.android.ugc.aweme.detail.ui.DetailActivity]#83(BLAST Consumer)83](id:1ca70000005f,api:3,p:7335,c:7335) detachBuffer: slot 57 is not owned by the producer (state = FREE)
02-04 16:30:56.449  7335 22966 W BufferQueueProducer: [SurfaceView[com.ss.android.ugc.trill/com.ss.android.ugc.aweme.detail.ui.DetailActivity]#83(BLAST Consumer)83](id:1ca70000005f,api:3,p:7335,c:7335) detachBuffer: slot 58 is not owned by the producer (state = FREE)
02-04 16:30:56.450  7335 22966 W BufferQueueProducer: [SurfaceView[com.ss.android.ugc.trill/com.ss.android.ugc.aweme.detail.ui.DetailActivity]#83(BLAST Consumer)83](id:1ca70000005f,api:3,p:7335,c:7335) detachBuffer: slot 59 is not owned by the producer (state = FREE)
02-04 16:30:56.450  7335 22966 W BufferQueueProducer: [SurfaceView[com.ss.android.ugc.trill/com.ss.android.ugc.aweme.detail.ui.DetailActivity]#83(BLAST Consumer)83](id:1ca70000005f,api:3,p:7335,c:7335) detachBuffer: slot 60 is not owned by the producer (state = FREE)
02-04 16:30:56.451  7335 22966 W BufferQueueProducer: [SurfaceView[com.ss.android.ugc.trill/com.ss.android.ugc.aweme.detail.ui.DetailActivity]#83(BLAST Consumer)83](id:1ca70000005f,api:3,p:7335,c:7335) detachBuffer: slot 61 is not owned by the producer (state = FREE)
02-04 16:30:56.451  7335 22966 W BufferQueueProducer: [SurfaceView[com.ss.android.ugc.trill/com.ss.android.ugc.aweme.detail.ui.DetailActivity]#83(BLAST Consumer)83](id:1ca70000005f,api:3,p:7335,c:7335) detachBuffer: slot 62 is not owned by the producer (state = FREE)
02-04 16:30:56.451  7335 22966 W BufferQueueProducer: [SurfaceView[com.ss.android.ugc.trill/com.ss.android.ugc.aweme.detail.ui.DetailActivity]#83(BLAST Consumer)83](id:1ca70000005f,api:3,p:7335,c:7335) detachBuffer: slot 63 is not owned by the producer (state = FREE)
02-04 16:30:56.497  7335  7335 I System.out: SAFActivity: com.ss.android.ugc.aweme.detail.ui.DetailActivity@6913b95,  onStop Start
02-04 16:30:56.558  7335  7335 E ActivityThread: Failed to find provider info for com.ss.android.ugc.trill.apm
02-04 16:30:56.627  7335  7335 I System.out: SceneSafeLifecycleDispatcher: onStopped Start
02-04 16:30:56.627  7335  7335 I System.out: SAFFragmentRootScene: onStop Start (SAFFragmentRootScene{63bf4aa})
02-04 16:30:56.652  7335  7335 I System.out: SceneSafeLifecycleDispatcher: onStopped End STOP
02-04 16:30:56.652  7335  7335 I System.out: SAFActivity: com.ss.android.ugc.aweme.detail.ui.DetailActivity@6913b95,  onStop End
02-04 16:30:56.658  7335 23313 W System.err: FlagsHookHelper: try hook flags method getInstanceHook
02-04 16:30:56.662  7335  7335 I System.out: SAFActivity: com.ss.android.ugc.aweme.detail.ui.DetailActivity@6913b95,  onSaveInstanceState Start
02-04 16:30:56.669  7335  7335 I System.out: SceneSafeLifecycleDispatcher: onSaveInstanceState Start
02-04 16:30:56.669  7335  7335 I System.out: SAFFragmentRootScene: onSaveInstanceState Start (SAFFragmentRootScene{63bf4aa})
02-04 16:30:56.670  7335  7335 I System.out: SceneSafeLifecycleDispatcher: onSaveInstanceState End STOP
02-04 16:30:56.670  7335  7335 I System.out: SAFActivity: com.ss.android.ugc.aweme.detail.ui.DetailActivity@6913b95,  onSaveInstanceState End
02-04 16:30:56.673  7335  7335 W System.err: onActivityPostSaveInstanceState store finished---->com.ss.android.ugc.aweme.detail.ui.DetailActivity@6913b95
02-04 16:30:56.708  7335 11966 I GED     : ged_boost_gpu_freq, level 100, eOrigin 2, final_idx 31, oppidx_max 31, oppidx_min 0
02-04 16:30:56.730  7335 11966 I GED     : ged_boost_gpu_freq, level 100, eOrigin 2, final_idx 31, oppidx_max 31, oppidx_min 0
02-04 16:30:56.902  7335 23249 W System.err: FlagsHookHelper: try hook flags method getInstanceHook
02-04 16:30:56.906  7335 23061 W System.err: FlagsHookHelper: try hook flags method getInstanceHook
02-04 16:30:56.939  7335 12026 W NaviWarn: StackPtr is not 8-byte aligned.
02-04 16:30:56.958  7335 12026 W NaviWarn: StackPtr is not 8-byte aligned.
02-04 16:30:58.182  7335 23282 I FA      : Application backgrounded at: timestamp_millis: 1770193856173
02-04 16:30:58.591  7335 11954 W System.err: FlagsHookHelper: try hook flags method getInstanceHook
02-04 16:30:58.605  7335 12026 W NaviWarn: StackPtr is not 8-byte aligned.
02-04 16:31:01.209 16600 16708 I dyom    : (REDACTED) appOpsListener %s %s
02-04 16:31:01.211 16600 16708 I dyom    : (REDACTED) Ignoring irrelevant audio permission changes for package %s
02-04 16:31:09.950 25485 25506 I native  : I0000 00:00:1770193869.949749   25506 soda_async_impl.cc:1411] Current audio timestamp: 1770193869852653
02-04 16:31:10.167 25485 25512 W ProxyAndroidLoggerBackend: Too many Flogger logs received before configuration. Dropping old logs.
02-04 16:31:15.031 15479 26415 E msgr.msys: E[N mccw.liger]onReadError(732)=>read/error - ex: AsyncSocketException: recv() failed (peer=*************:5222), type = Internal error, errno = 103 (Software caused connection abort), errno: 103
02-04 16:31:15.045 15479 26392 E msgr.msys: E[N MQTT]readErr(151)=>TCPStreamTransport readErr
02-04 16:31:15.046 15479 26392 E msgr.msys: E[N MQTT]onReadError(657)=>Read Error: AsyncSocketException: recv() failed (peer=**************:443), type = Internal error, errno = 103 (Software caused connection abort)
02-04 16:31:15.122 15479 26387 E msgr.msys: E[N WA]_WCCXMPPStreamDisconnectHandler(335)=>xmpp/disconnect - WCIStreamStateErrorCode: 2, domain: WCIStreamState, subdomain: MCCWLigerStream: Error Domain=WCIStreamState Code=2 UserInfo=0x2440104880 {MCFErrorDirectUnderlyingErrorKey=0xb4000079e0153f90 "Error Domain=MCCWLigerStream Code=2 UserInfo=0x2440107fc0 {MCFErrorDirectLocalizedFailureReasonKey=AsyncSocketException: recv() failed (peer=*************:5222), type = Internal error, errno = 103 (Software caused connection abort)}"}
02-04 16:31:15.123 15479 26387 E msgr.msys: E[N WCCConnectionMEM]_WCCConnectionMEMLifecycleEventHandler(2168)=>[INFO] connection/xmpp/lifecycle_event/not-connected, [79.7574s]
02-04 16:31:15.123 15479 26387 E msgr.msys: E[N WA]_WCCXMPPStreamDoDisconnect(1223)=>xmpp/disconnect - flags: 256
02-04 16:31:15.124 15479 26387 E msgr.msys: E[N WCCConnectionMEM]_WCCConnectionMEMDisconnectHandler(2279)=>connection/disconnected, peer reset
02-04 16:31:15.124 15479 26387 E msgr.msys: E[N WCCConnectionMEM]_WCCConnectionMEMEmitStateChange(3167)=>[INFO] connection/new_state/not-connected [connection_id=350161945, wcc_source=1, wcc_reason=18]
02-04 16:31:15.127 15479 26387 E msgr.msys: E[C MEMConnectionManager]_MEMConnectionManagerStateChangeHandler(584)=>[Critical] MEMConnectionState updated to ID: 0 with connectionId: 350161945
02-04 16:31:15.133 15479 26387 E msgr.msys: E[C 1]MCCLogErrorWithTraceOrQPL(281)=>8/374/3970/65536
02-04 16:31:15.135 15479 26387 E msgr.msys: E[C 1]MCCLogErrorWithTraceOrQPL(281)=>8/374/3972/18
02-04 16:31:15.137 15479 26387 E msgr.msys: E[C mem.context]_LogConnectFailure(4893)=>Establishing connection failure reason and flags: disconnect/Doze/0/reason/18/flags/65536/[-, -, -, -, -, -, -, -, -, peer_reset, -, -, -, -]
02-04 16:31:15.138 15479 26387 E msgr.msys: E[C mem.context]_LogConnectFailure(4925)=>[Happy Eyeball] Connect failed with source=1, winner stream ip=*************, port=5222, dnsResolutionMethod=1, combined_ip_addresses=*************
02-04 16:31:15.145 15479 26387 E msgr.msys: E[N WCCConnectionMEM]_WCCConnectionMEMEmitStateChange(3167)=>[INFO] connection/new_state/connecting [connection_id=350161946, wcc_source=1, wcc_reason=18]
02-04 16:31:15.145 15479 26387 E msgr.msys: E[C MEMConnectionManager]_MEMConnectionManagerStateChangeHandler(584)=>[Critical] MEMConnectionState updated to ID: 1 with connectionId: 350161946
02-04 16:31:15.158 15479 26387 E msgr.msys: E[N WCCConnectionMEM]_WCCConnectionMEMDoConnectWithAuthKeys(1552)=>[INFO] connection/connect/start/[host=chat-e2ee.facebook.com port=5222]/[*************:5222]/socketAddressCount=1
02-04 16:31:15.163 15479 26387 E msgr.msys: E[N WCCConnectionMEM]_WCCConnectionMEMLifecycleEventHandler(2160)=>[INFO] connection/xmpp/lifecycle_event/will-connect
02-04 16:31:15.163 15479 26387 E msgr.msys: E[A WA]WCCHandshakeCreate(178)=>handshake/create, pq mode:0
02-04 16:31:15.183 15479 26405 E msgr.msys: E[C mem.context]_LogNetworkStateUpdate(7669)=>[Critical] network_state/prev/1/new/1/source/0
02-04 16:31:15.185 15479 26405 E msgr.msys: E[C MEMConnectionManager]_NetworkConnectedConnectionEventHandler(1430)=>[Debug] Start _NetworkConnectedConnectionEventHandler.
02-04 16:31:15.188 15479 26405 E msgr.msys: E[C MEMConnectionManager]_NetworkConnectedConnectionEventHandler(1440)=>[Debug] End _NetworkConnectedConnectionEventHandler.
02-04 16:31:15.205 15479 26387 E msgr.msys: E[N WCCConnectionMEM]_WCCConnectionMEMLifecycleEventHandler(2168)=>[INFO] connection/xmpp/lifecycle_event/did-connect, [0.0411s]
02-04 16:31:15.214 15479 26387 E msgr.msys: E[N WCCConnectionMEM]_WCCConnectionMEMLifecycleEventHandler(2168)=>[INFO] connection/xmpp/lifecycle_event/did-send-initial-payload, [0.0085s]
02-04 16:31:15.305 15479 26403 E msgr.msys: E[D db_vacuum_logging]MCISQLiteLogDatabaseErrorWithFormat(70)=>Failed to get database connection or file url.: (0)(0) not an error
02-04 16:31:15.413 15479 26387 E msgr.msys: E[N WCCConnectionMEM]_WCCConnectionMEMLifecycleEventHandler(2168)=>[INFO] connection/xmpp/lifecycle_event/will-handshake, [0.1989s]
02-04 16:31:15.417 15479 26387 E msgr.msys: E[N WCCConnectionMEM]_WCCConnectionMEMLifecycleEventHandler(2168)=>[INFO] connection/xmpp/lifecycle_event/did-handshake, [0.0027s]
02-04 16:31:15.421 15479 26387 E msgr.msys: E[N WCCConnectionMEM]_WCCConnectionMEMReceiveHandler(2340)=>[INFO] connection/receive/login-success
02-04 16:31:15.421 15479 26387 E msgr.msys: E[N WCCConnectionMEM]_WCCConnectionMEMEmitStateChange(3167)=>[INFO] connection/new_state/connected [connection_id=350161946, wcc_source=1, wcc_reason=18]
02-04 16:31:15.422 15479 26387 E msgr.msys: E[C MEMConnectionManager]_MEMConnectionManagerStateChangeHandler(584)=>[Critical] MEMConnectionState updated to ID: 2 with connectionId: 350161946
02-04 16:31:15.426 15479 26386 E msgr.ZeroChatDHostController: Trying to add the same listener twice. This must be a bug.
02-04 16:31:15.427 15479 26405 E msgr.msys: E[C mem.context]_ZeroRatingStateChangedOnExecutionContext(8395)=>[INFO] ZeroRatingStateChange: notify wa-msys with [host: chat-e2ee.facebook.com, ipv4 fallback IPs are not set, ipv6 fallback IPs are not set]
02-04 16:31:15.624 15479 26386 W msgr.AdvancedCryptoTransportNotificationServiceLauncher: Ignore service stop. Service not started.
02-04 16:31:17.035 15479 26254 W m.facebook.orca: Reducing the number of considered missed Gc histogram windows from 125 to 100
02-04 16:31:17.116 15479 26256 W msgr.DefaultCloseableReference: Finalized without closing: 2ad6fac 6e72475 (type = X.2OB)
02-04 16:31:17.117 15479 26256 W msgr.27y: Finalized without closing: c6d3be9 6e72475 (type = X.2OB)
02-04 16:31:17.117 15479 26256 W msgr.DefaultCloseableReference: Finalized without closing: 5045c0a a26c7b (type = X.2OB)
02-04 16:31:17.122 15479 26256 W msgr.27y: Finalized without closing: c6d3be9 a26c7b (type = X.2OB)
02-04 16:31:17.122 15479 26256 W msgr.DefaultCloseableReference: Finalized without closing: 457da98 6e72475 (type = X.2OB)
02-04 16:31:17.122 15479 26256 W msgr.27y: Finalized without closing: c6d3be9 6e72475 (type = X.2OB)
02-04 16:31:17.123 15479 26256 W msgr.DefaultCloseableReference: Finalized without closing: 79292f1 a26c7b (type = X.2OB)
02-04 16:31:17.123 15479 26256 W msgr.27y: Finalized without closing: c6d3be9 a26c7b (type = X.2OB)
02-04 16:31:17.126 15479 26256 W msgr.DefaultCloseableReference: Finalized without closing: 9942ed6 9e15557 (type = X.2OB)
02-04 16:31:17.126 15479 26256 W msgr.27y: Finalized without closing: c6d3be9 9e15557 (type = X.2OB)
02-04 16:31:17.127 15479 26256 W msgr.DefaultCloseableReference: Finalized without closing: 53c0844 dac6d2d (type = X.2OB)
02-04 16:31:17.127 15479 26256 W msgr.27y: Finalized without closing: c6d3be9 dac6d2d (type = X.2OB)
02-04 16:31:17.127 15479 26256 W msgr.DefaultCloseableReference: Finalized without closing: 97c6262 9e15557 (type = X.2OB)
02-04 16:31:17.128 15479 26256 W msgr.27y: Finalized without closing: c6d3be9 9e15557 (type = X.2OB)
02-04 16:31:17.128 15479 26256 W msgr.DefaultCloseableReference: Finalized without closing: 9bbeff3 dac6d2d (type = X.2OB)
02-04 16:31:17.129 15479 26256 W msgr.27y: Finalized without closing: c6d3be9 dac6d2d (type = X.2OB)
02-04 16:31:17.134 15479 26256 W msgr.DefaultCloseableReference: Finalized without closing: 11364b0 e0faf29 (type = X.2OB)
02-04 16:31:17.134 15479 26256 W msgr.27y: Finalized without closing: c6d3be9 e0faf29 (type = X.2OB)
02-04 16:31:17.134 15479 26256 W msgr.DefaultCloseableReference: Finalized without closing: 6c242ae e0faf29 (type = X.2OB)
02-04 16:31:17.135 15479 26256 W msgr.27y: Finalized without closing: c6d3be9 e0faf29 (type = X.2OB)
02-04 16:31:18.651 20361 20452 I GED     : ged_boost_gpu_freq, level 100, eOrigin 2, final_idx 31, oppidx_max 31, oppidx_min 0
02-04 16:31:18.731 20361 20361 I bpnz    : onPause
02-04 16:31:18.777 20361 20361 I bpnz    : onStop
02-04 16:31:18.798 14045 14045 I NearbyDiscovery: (REDACTED) FastPairDisplayObserver: %s -> %s
02-04 16:31:18.812 14045 18656 I NearbySharing: Screen is locked
02-04 16:31:18.815 14045 18656 I NearbySharing: Stopping scanning because the screen is locked.
02-04 16:31:18.821 14045 18656 I NearbySharing: Stopping Fast Init advertisement because we're not scanning in the foreground.
02-04 16:31:18.839 14045 18656 I NearbySharing: Stopping advertising because Nearby Sharing is disabled.
02-04 16:31:18.840 14045 18656 I NearbySharing: Stopping FastInitiation scanning because the screen is locked.
02-04 16:31:18.854 14045 18656 I NearbySharing: Fast Initiation Scanning has stopped
02-04 16:31:18.860 14045 18656 I NearbySharing: Dismissing HUN as there's no device nearby.
02-04 16:31:18.966 14045 18071 I NearbyDiscovery: (REDACTED) PureOffloadFastPairScanner: eventType=%s, isInternalReq=%s, isScanning=%s, isScanningAllowed=%s
02-04 16:31:18.977 14045 18071 I NearbyDiscovery: (REDACTED) ApFastPairScanner: isScreenOn=%s, isLocationEnabled=%s, disableLocationRequirement=%s, isDiscoveryScanningEnabled=%s, during24GhzWifiWarmingUpPeriod=%s
02-04 16:31:18.978 14045 18071 I NearbyDiscovery: (REDACTED) ApFastPairScanner: eventType=%s, intReq=%s, scanning=%s, scanAllowed=%s, bleEnabled=%s, lockScanRate=%s, startScanningByLowPowerMode=%s
02-04 16:31:18.998 14045 18071 I NearbyDiscovery: (REDACTED) ApFastPairScanner: Stopping scan, %s
02-04 16:31:19.463 16600 16600 I dysx    : (REDACTED) received broadcast: %s
02-04 16:31:19.486 16600 16688 I dysz    : (REDACTED) received broadcast: %s
02-04 16:31:19.487 16600 16688 I dymc    : #onScreenStatusUpdate
02-04 16:31:19.490 16600 16688 I dyog    : (REDACTED) #onConfigUpdate. requester: %s
02-04 16:31:19.494 16600 16692 I dyog    : #onConfigUpdate inside sequencer
02-04 16:31:19.494 16600 16692 I dyog    : (REDACTED) getAllConfigAndTakeAction called because of %s
02-04 16:31:19.505 16600 16682 I dywl    : (REDACTED) hotword running %s
02-04 16:31:19.515 16600 16692 W KeyphraseEnrollmentInfo: No enrollment application supports the given keyphrase/locale: 'X Google'/en_PH
02-04 16:31:19.516 16600 16692 W KeyphraseEnrollmentInfo: No enrollment application supports the given keyphrase/locale: 'X Google'/en_US
02-04 16:31:19.516 16600 16692 W KeyphraseEnrollmentInfo: No enrollment application supports the given keyphrase/locale: 'X Google'/ar_EG
02-04 16:31:19.516 16600 16692 W KeyphraseEnrollmentInfo: No enrollment application supports the given keyphrase/locale: 'X Google'/en_US
02-04 16:31:19.517 16600 16692 W dyra    : (REDACTED) #getDspEnrollmentFallbackLocale cannot find a fallback locale for %s.
02-04 16:31:19.517 16600 16692 W KeyphraseEnrollmentInfo: No enrollment application supports the given keyphrase/locale: 'Ok Google'/en_US
02-04 16:31:19.517 16600 16692 W KeyphraseEnrollmentInfo: No enrollment application supports the given keyphrase/locale: 'Ok Google'/ar_EG
02-04 16:31:19.517 16600 16692 W KeyphraseEnrollmentInfo: No enrollment application supports the given keyphrase/locale: 'Ok Google'/en_US
02-04 16:31:19.517 16600 16692 W dyra    : (REDACTED) #getDspEnrollmentFallbackLocale cannot find a fallback locale for %s.
02-04 16:31:19.518 16600 16692 I dyrg    : (REDACTED) #getDspAvailableResult locale : %s, dsp locale : %s, keyphrase : %s, DSP keyphrase : %s, isKeyphraseAndLocaleSupported : %b, canUseDownloadDspModel : %b. forceUniversalDspHotwordModel : %b
02-04 16:31:19.518 16600 16692 W KeyphraseEnrollmentInfo: No enrollment application supports the given keyphrase/locale: 'Y Google'/en_PH
02-04 16:31:19.531 16600 16692 I dyrg    : (REDACTED) isDspHotwordSupportedByPlatform = %s, isDspHotwordModelAvailable = %s
02-04 16:31:19.531 16600 16688 I dyog    : (REDACTED) getAllConfigAndTakeAction dspAvailable: %b, disableDspInTest: %b
02-04 16:31:19.532 16600 16688 I dymg    : (REDACTED) hotword enrollment state is enrolled:  %b, speakerId model exist: %b.
02-04 16:31:19.535 16600 16688 I dymg    : (REDACTED) Hotword enrollment state : %s.
02-04 16:31:19.535 16600 16688 I dyog    : Registering for screen on/off intent ...
02-04 16:31:19.535 16600 16688 I dymg    : (REDACTED) Hotword enrollment state : %s.
02-04 16:31:19.540 23738 23476 I DeviceStatusMonitor: DeviceStatusMonitor.handleBroadcast():138 onReceive() : Action = android.intent.action.SCREEN_OFF
02-04 16:31:19.541 23738 23476 I DeviceStatusMonitor: DeviceStatusMonitor.updateCountryInfo():154 updateCountryInfo(), notifyAnyway = false
02-04 16:31:19.575 23738 23738 W NotificationCenter: NotificationCenter$NotificationQueue.notifyPendingNotificationsOnExecutor():877 Heavy notify work detected on UI thread: [oen->ipi] takes 32ms
02-04 16:31:19.615 16600 16694 I dyph    : (REDACTED) Operational mode passed in HotwordConfig is %s
02-04 16:31:19.621 16600 16694 I dymg    : (REDACTED) Hotword enrollment state : %s.
02-04 16:31:19.622 16600 16694 I dyoz    : (REDACTED) DefaultPersonalDecisionMaker#getNextAction. Voice match enabled: %b. incomplete enrollment state: %b, screen on: %b, screen locked: %b dsp available: %b
02-04 16:31:19.622 16600 16694 I dyoz    : (REDACTED) Stop hotword detection. Voice match enabled : %b, Is screen on : %b.
02-04 16:31:19.634 16600 16694 I dymw    : Reconfig not needed.
02-04 16:31:19.635 16600 16694 I dyog    : (REDACTED) currentReconfigCheckerResult %s
02-04 16:31:19.636 16600 16694 I dyuu    : (REDACTED) #setSpeakerIdRequired: %s
02-04 16:31:19.636 16600 16694 I dyog    : (REDACTED) Get the next action %s for requester %s.
02-04 16:31:19.636 16600 16694 I dyog    : (REDACTED) Hotword detection is running %b, try to stop it
02-04 16:31:19.639 16600 16695 I dywl    : #setSpeakerIdRequired inside sequencer
02-04 16:31:19.641 16600 16694 I dyog    : #stopHotwordDetection
02-04 16:31:19.641 16600 16695 I dywl    : No change in speaker-id requirement, so no need to update.
02-04 16:31:19.643 16600 16694 I dywl    : #stopHotwordDetection
02-04 16:31:19.644 16600 16688 I dywl    : #stopHotwordDetection inside sequencer
02-04 16:31:19.649 16600 16688 I dywl    : Successfully stop hotwordDetector
02-04 16:31:19.650 16600 16688 I dytn    : #stopForwarding
02-04 16:31:19.653 20536 20536 I etmb    : (REDACTED) Created gRPC endpoint for service %s
02-04 16:31:19.653 16600 16688 I dytn    : (REDACTED) #stopForwarding internal: isReadingAudio? %b
02-04 16:31:19.654 16600 16688 I dyog    : (REDACTED) #onSodaStop received %s
02-04 16:31:19.654 16600 16686 I dyog    : (REDACTED) #onSodaStop inside sequentialExecutor %s
02-04 16:31:19.655 16600 16686 W dyog    : (REDACTED) %s. Completer is null; It could be set earlier or we ware not waiting for the disconnect signal.
02-04 16:31:19.656 16600 16682 W dyuu    : (REDACTED) Soda is not running but receive a stop request %s
02-04 16:31:19.657 16600 16682 I dyog    : Hotword Stopped
02-04 16:31:19.657 16600 16682 I dyog    : #logRequestHandlingNonErrorEndEvent. Reset requestIdOfFirstError, firstStartErrorCausesRetry and numOfRetriesDoneForHotwordDetectorStartErrors!
02-04 16:31:19.657 16600 16686 I dldp    : (REDACTED) HDM event received: %s
02-04 16:31:19.659 25485 25509 W ProxyAndroidLoggerBackend: Too many Flogger logs received before configuration. Dropping old logs.
02-04 16:31:19.665 16600 16692 I dkzx    : (REDACTED) Platform configuration for connection(%s) has changed(@%s):%s
02-04 16:31:19.667 25485 25506 I native  : I0000 00:00:1770193879.667080   25506 soda_async_impl.cc:1038] SODA stopped processing audio, mics audio processed in millis: 759660, loopback audio processed in millis: 0
02-04 16:31:19.667 25485 18790 I native  : I0000 00:00:1770193879.667412   18790 audio_provider_reader.cc:179] Got end of data in: micsreader
02-04 16:31:19.667 16600 16692 I dkxt    : (REDACTED) On platform configuration update(@%s) in connection(%s).
02-04 16:31:19.668 25485 25506 I native  : I0000 00:00:1770193879.668179   25506 soda_async_impl.cc:1050] Audio readers are stopped.
02-04 16:31:19.669 16600 16694 I aepw    : (REDACTED) On platform configuration update(%s).
02-04 16:31:19.669 16600 16694 I aepe    : Received ConfigurationUpdate from Triggering API
02-04 16:31:19.670 25485 25506 I native  : I0000 00:00:1770193879.670167   25506 soda_async_impl.cc:1113] SODA session stopped due to: STOP_CALLED
02-04 16:31:19.685 25485 25507 W ProxyAndroidLoggerBackend: Too many Flogger logs received before configuration. Dropping old logs.
02-04 16:31:19.686 25485 25509 W ProxyAndroidLoggerBackend: Too many Flogger logs received before configuration. Dropping old logs.
02-04 16:31:19.690 14045 18071 I NearbyDiscovery: (REDACTED) FastPairHandler: Received action %s
02-04 16:31:19.690 14045 18071 I NearbyDiscovery: (REDACTED) PureOffloadFastPairScanner: eventType=%s, isInternalReq=%s, isScanning=%s, isScanningAllowed=%s
02-04 16:31:19.692 14045 14045 I BatchScanningManager: (REDACTED) Starting batch scanner in %d seconds.
02-04 16:31:19.692 14045 18071 I NearbyDiscovery: (REDACTED) ApFastPairScanner: isScreenOn=%s, isLocationEnabled=%s, disableLocationRequirement=%s, isDiscoveryScanningEnabled=%s, during24GhzWifiWarmingUpPeriod=%s
02-04 16:31:19.692 14045 18071 I NearbyDiscovery: (REDACTED) ApFastPairScanner: eventType=%s, intReq=%s, scanning=%s, scanAllowed=%s, bleEnabled=%s, lockScanRate=%s, startScanningByLowPowerMode=%s
02-04 16:31:19.692 14045 18071 I NearbyDiscovery: FastPairController: onSystemStateChanged: skip due to flag disabled [CONTEXT service_id=265 ]
02-04 16:31:19.702 14045 14045 I PersonalSafety: ConnectivityProtectionLockingIntentOperation: cancelled task [CONTEXT service_id=310 ]
02-04 16:31:19.707 25485 25515 W ProxyAndroidLoggerBackend: Too many Flogger logs received before configuration. Dropping old logs.
